Component: ARM Compiler 5.06 update 7 (build 960) Tool: armlink [4d3601]

==============================================================================

Section Cross References

    startup_stm32f407xx.o(RESET) refers to startup_stm32f407xx.o(STACK) for __initial_sp
    startup_stm32f407xx.o(RESET) refers to startup_stm32f407xx.o(.text) for Reset_Handler
    startup_stm32f407xx.o(RESET) refers to stm32f4xx_it.o(i.NMI_Handler) for NMI_Handler
    startup_stm32f407xx.o(RESET) refers to stm32f4xx_it.o(i.HardFault_Handler) for HardFault_Handler
    startup_stm32f407xx.o(RESET) refers to stm32f4xx_it.o(i.MemManage_Handler) for MemManage_Handler
    startup_stm32f407xx.o(RESET) refers to stm32f4xx_it.o(i.BusFault_Handler) for BusFault_Handler
    startup_stm32f407xx.o(RESET) refers to stm32f4xx_it.o(i.UsageFault_Handler) for UsageFault_Handler
    startup_stm32f407xx.o(RESET) refers to port.o(.emb_text) for SVC_Handler
    startup_stm32f407xx.o(RESET) refers to stm32f4xx_it.o(i.DebugMon_Handler) for DebugMon_Handler
    startup_stm32f407xx.o(RESET) refers to cmsis_os2.o(i.SysTick_Handler) for SysTick_Handler
    startup_stm32f407xx.o(RESET) refers to stm32f4xx_it.o(i.DMA1_Stream5_IRQHandler) for DMA1_Stream5_IRQHandler
    startup_stm32f407xx.o(RESET) refers to stm32f4xx_it.o(i.ADC_IRQHandler) for ADC_IRQHandler
    startup_stm32f407xx.o(RESET) refers to stm32f4xx_it.o(i.CAN1_TX_IRQHandler) for CAN1_TX_IRQHandler
    startup_stm32f407xx.o(RESET) refers to stm32f4xx_it.o(i.CAN1_RX0_IRQHandler) for CAN1_RX0_IRQHandler
    startup_stm32f407xx.o(RESET) refers to stm32f4xx_it.o(i.TIM1_UP_TIM10_IRQHandler) for TIM1_UP_TIM10_IRQHandler
    startup_stm32f407xx.o(RESET) refers to stm32f4xx_it.o(i.TIM2_IRQHandler) for TIM2_IRQHandler
    startup_stm32f407xx.o(RESET) refers to stm32f4xx_it.o(i.TIM3_IRQHandler) for TIM3_IRQHandler
    startup_stm32f407xx.o(RESET) refers to stm32f4xx_it.o(i.USART2_IRQHandler) for USART2_IRQHandler
    startup_stm32f407xx.o(RESET) refers to stm32f4xx_it.o(i.USART3_IRQHandler) for USART3_IRQHandler
    startup_stm32f407xx.o(RESET) refers to stm32f4xx_it.o(i.TIM8_TRG_COM_TIM14_IRQHandler) for TIM8_TRG_COM_TIM14_IRQHandler
    startup_stm32f407xx.o(RESET) refers to stm32f4xx_it.o(i.SDIO_IRQHandler) for SDIO_IRQHandler
    startup_stm32f407xx.o(RESET) refers to stm32f4xx_it.o(i.TIM5_IRQHandler) for TIM5_IRQHandler
    startup_stm32f407xx.o(RESET) refers to stm32f4xx_it.o(i.TIM7_IRQHandler) for TIM7_IRQHandler
    startup_stm32f407xx.o(RESET) refers to stm32f4xx_it.o(i.DMA2_Stream0_IRQHandler) for DMA2_Stream0_IRQHandler
    startup_stm32f407xx.o(RESET) refers to stm32f4xx_it.o(i.DMA2_Stream2_IRQHandler) for DMA2_Stream2_IRQHandler
    startup_stm32f407xx.o(RESET) refers to stm32f4xx_it.o(i.DMA2_Stream3_IRQHandler) for DMA2_Stream3_IRQHandler
    startup_stm32f407xx.o(RESET) refers to stm32f4xx_it.o(i.DMA2_Stream6_IRQHandler) for DMA2_Stream6_IRQHandler
    startup_stm32f407xx.o(RESET) refers to stm32f4xx_it.o(i.DMA2_Stream7_IRQHandler) for DMA2_Stream7_IRQHandler
    startup_stm32f407xx.o(RESET) refers to stm32f4xx_it.o(i.FPU_IRQHandler) for FPU_IRQHandler
    startup_stm32f407xx.o(.text) refers to system_stm32f4xx.o(i.SystemInit) for SystemInit
    startup_stm32f407xx.o(.text) refers to entry.o(.ARM.Collect$$$$00000000) for __main
    main.o(i.Error_Handler) refers to printfa.o(i.__0printf) for __2printf
    main.o(i.HAL_TIM_PeriodElapsedCallback) refers to stm32f4xx_hal.o(i.HAL_IncTick) for HAL_IncTick
    main.o(i.HAL_TIM_PeriodElapsedCallback) refers to printfa.o(i.__0printf) for __2printf
    main.o(i.HAL_TIM_PeriodElapsedCallback) refers to freertos.o(.bss) for mtspeed1
    main.o(i.HAL_TIM_PeriodElapsedCallback) refers to freertos.o(.data) for USART3_RX_STA
    main.o(i.HAL_TIM_PeriodElapsedCallback) refers to tim.o(.bss) for htim7
    main.o(i.SystemClock_Config) refers to memseta.o(.text) for __aeabi_memclr4
    main.o(i.SystemClock_Config) refers to stm32f4xx_hal_rcc.o(i.HAL_RCC_OscConfig) for HAL_RCC_OscConfig
    main.o(i.SystemClock_Config) refers to stm32f4xx_hal_rcc.o(i.HAL_RCC_ClockConfig) for HAL_RCC_ClockConfig
    main.o(i.SystemClock_Config) refers to main.o(i.Error_Handler) for Error_Handler
    main.o(i.Wit_Can_Send_Msg) refers to stm32f4xx_hal_can.o(i.HAL_CAN_GetTxMailboxesFreeLevel) for HAL_CAN_GetTxMailboxesFreeLevel
    main.o(i.Wit_Can_Send_Msg) refers to stm32f4xx_hal_can.o(i.HAL_CAN_AddTxMessage) for HAL_CAN_AddTxMessage
    main.o(i.Wit_Can_Send_Msg) refers to printfa.o(i.__0printf) for __2printf
    main.o(i.Wit_Can_Send_Msg) refers to main.o(.data) for .data
    main.o(i.Wit_Can_Send_Msg) refers to can.o(.bss) for hcan1
    main.o(i.main) refers to stm32f4xx_hal.o(i.HAL_Init) for HAL_Init
    main.o(i.main) refers to main.o(i.SystemClock_Config) for SystemClock_Config
    main.o(i.main) refers to gpio.o(i.MX_GPIO_Init) for MX_GPIO_Init
    main.o(i.main) refers to dma.o(i.MX_DMA_Init) for MX_DMA_Init
[...]
    ff_del_syncobj                           0x0800935d   Thumb Code    10  syscall.o(i.ff_del_syncobj)
    ff_rel_grant                             0x08009367   Thumb Code     4  syscall.o(i.ff_rel_grant)
    ff_req_grant                             0x0800936b   Thumb Code    20  syscall.o(i.ff_req_grant)
    fputc                                    0x080095e1   Thumb Code    18  usart.o(i.fputc)
    get_fattime                              0x080095f9   Thumb Code     4  fatfs.o(i.get_fattime)
    main                                     0x0800966d   Thumb Code   244  main.o(i.main)
    my_mem_free                              0x0800988d   Thumb Code    78  malloc.o(i.my_mem_free)
    my_mem_init                              0x080098e5   Thumb Code    50  malloc.o(i.my_mem_init)
    my_mem_malloc                            0x08009921   Thumb Code   136  malloc.o(i.my_mem_malloc)
    my_mem_perused                           0x080099b1   Thumb Code    48  malloc.o(i.my_mem_perused)
    myfree                                   0x080099e9   Thumb Code    20  malloc.o(i.myfree)
    mymalloc                                 0x08009a01   Thumb Code    28  malloc.o(i.mymalloc)
    mymemset                                 0x08009a21   Thumb Code    14  malloc.o(i.mymemset)
    osDelay                                  0x08009a2f   Thumb Code    26  cmsis_os2.o(i.osDelay)
    osEventFlagsClear                        0x08009a49   Thumb Code    62  cmsis_os2.o(i.osEventFlagsClear)
    osEventFlagsGet                          0x08009a87   Thumb Code    22  cmsis_os2.o(i.osEventFlagsGet)
    osEventFlagsNew                          0x08009a9d   Thumb Code    44  cmsis_os2.o(i.osEventFlagsNew)
    osEventFlagsSet                          0x08009ac9   Thumb Code    78  cmsis_os2.o(i.osEventFlagsSet)
    osEventFlagsWait                         0x08009b1d   Thumb Code    98  cmsis_os2.o(i.osEventFlagsWait)
    osKernelGetState                         0x08009b81   Thumb Code    28  cmsis_os2.o(i.osKernelGetState)
    osKernelGetTickCount                     0x08009ba1   Thumb Code    14  cmsis_os2.o(i.osKernelGetTickCount)
    osKernelInitialize                       0x08009bb1   Thumb Code    32  cmsis_os2.o(i.osKernelInitialize)
    osKernelLock                             0x08009bd5   Thumb Code    42  cmsis_os2.o(i.osKernelLock)
    osKernelStart                            0x08009c01   Thumb Code    48  cmsis_os2.o(i.osKernelStart)
    osKernelUnlock                           0x08009c39   Thumb Code    58  cmsis_os2.o(i.osKernelUnlock)
    osMessageQueueGet                        0x08009c75   Thumb Code    96  cmsis_os2.o(i.osMessageQueueGet)
    osMessageQueueNew                        0x08009cd9   Thumb Code    88  cmsis_os2.o(i.osMessageQueueNew)
    osMessageQueuePut                        0x08009d31   Thumb Code   100  cmsis_os2.o(i.osMessageQueuePut)
    osSemaphoreAcquire                       0x08009d99   Thumb Code    88  cmsis_os2.o(i.osSemaphoreAcquire)
    osSemaphoreDelete                        0x08009df5   Thumb Code    42  cmsis_os2.o(i.osSemaphoreDelete)
    osSemaphoreNew                           0x08009e1f   Thumb Code   152  cmsis_os2.o(i.osSemaphoreNew)
    osSemaphoreRelease                       0x08009eb9   Thumb Code    82  cmsis_os2.o(i.osSemaphoreRelease)
    osThreadNew                              0x08009f11   Thumb Code   138  cmsis_os2.o(i.osThreadNew)
    pvPortMalloc                             0x0800a745   Thumb Code   216  heap_4.o(i.pvPortMalloc)
    pvTaskIncrementMutexHeldCount            0x0800a821   Thumb Code    18  tasks.o(i.pvTaskIncrementMutexHeldCount)
    pxPortInitialiseStack                    0x0800a839   Thumb Code    40  port.o(i.pxPortInitialiseStack)
    send_data_to_dtu                         0x0800a90d   Thumb Code    30  atk_m750.o(i.send_data_to_dtu)
    uxListRemove                             0x0800a9b3   Thumb Code    38  list.o(i.uxListRemove)
    uxTaskResetEventItemValue                0x0800a9d9   Thumb Code    20  tasks.o(i.uxTaskResetEventItemValue)
    vApplicationGetIdleTaskMemory            0x0800a9f1   Thumb Code    16  cmsis_os2.o(i.vApplicationGetIdleTaskMemory)
    vApplicationGetTimerTaskMemory           0x0800aa05   Thumb Code    18  cmsis_os2.o(i.vApplicationGetTimerTaskMemory)
    vEventGroupClearBitsCallback             0x0800aa1d   Thumb Code     4  event_groups.o(i.vEventGroupClearBitsCallback)
    vEventGroupSetBitsCallback               0x0800aa21   Thumb Code     4  event_groups.o(i.vEventGroupSetBitsCallback)
    vListInitialise                          0x0800aa25   Thumb Code    22  list.o(i.vListInitialise)
    vListInitialiseItem                      0x0800aa3b   Thumb Code     6  list.o(i.vListInitialiseItem)
    vListInsert                              0x0800aa41   Thumb Code    48  list.o(i.vListInsert)
    vListInsertEnd                           0x0800aa71   Thumb Code    24  list.o(i.vListInsertEnd)
    vPortEnterCritical                       0x0800aa89   Thumb Code    54  port.o(i.vPortEnterCritical)
    vPortExitCritical                        0x0800aac9   Thumb Code    34  port.o(i.vPortExitCritical)
    vPortFree                                0x0800aaf1   Thumb Code    94  heap_4.o(i.vPortFree)
    vPortSetupTimerInterrupt                 0x0800ab55   Thumb Code    32  port.o(i.vPortSetupTimerInterrupt)
    vPortValidateInterruptPriority           0x0800ab79   Thumb Code    74  port.o(i.vPortValidateInterruptPriority)
    vQueueAddToRegistry                      0x0800abcd   Thumb Code    34  queue.o(i.vQueueAddToRegistry)
    vQueueDelete                             0x0800abf5   Thumb Code    46  queue.o(i.vQueueDelete)
    vQueueUnregisterQueue                    0x0800ac25   Thumb Code    36  queue.o(i.vQueueUnregisterQueue)
    vQueueWaitForMessageRestricted           0x0800ac4d   Thumb Code    68  queue.o(i.vQueueWaitForMessageRestricted)
    vTaskDelay                               0x0800ac91   Thumb Code    66  tasks.o(i.vTaskDelay)
    vTaskDelete                              0x0800acdd   Thumb Code   130  tasks.o(i.vTaskDelete)
    vTaskInternalSetTimeOutState             0x0800ad6d   Thumb Code    12  tasks.o(i.vTaskInternalSetTimeOutState)
    vTaskMissedYield                         0x0800ad7d   Thumb Code     8  tasks.o(i.vTaskMissedYield)
    vTaskPlaceOnEventList                    0x0800ad89   Thumb Code    44  tasks.o(i.vTaskPlaceOnEventList)
    vTaskPlaceOnEventListRestricted          0x0800adb9   Thumb Code    52  tasks.o(i.vTaskPlaceOnEventListRestricted)
    vTaskPlaceOnUnorderedEventList           0x0800adf1   Thumb Code    76  tasks.o(i.vTaskPlaceOnUnorderedEventList)
    vTaskPriorityDisinheritAfterTimeout      0x0800ae41   Thumb Code   134  tasks.o(i.vTaskPriorityDisinheritAfterTimeout)
    vTaskRemoveFromUnorderedEventList        0x0800aed1   Thumb Code   102  tasks.o(i.vTaskRemoveFromUnorderedEventList)
    vTaskStartScheduler                      0x0800af41   Thumb Code   118  tasks.o(i.vTaskStartScheduler)
    vTaskSuspendAll                          0x0800afc9   Thumb Code    10  tasks.o(i.vTaskSuspendAll)
    vTaskSwitchContext                       0x0800afd9   Thumb Code    90  tasks.o(i.vTaskSwitchContext)
    xEventGroupClearBits                     0x0800b03d   Thumb Code    64  event_groups.o(i.xEventGroupClearBits)
    xEventGroupClearBitsFromISR              0x0800b07d   Thumb Code    12  event_groups.o(i.xEventGroupClearBitsFromISR)
    xEventGroupCreate                        0x0800b08d   Thumb Code    28  event_groups.o(i.xEventGroupCreate)
    xEventGroupCreateStatic                  0x0800b0a9   Thumb Code    44  event_groups.o(i.xEventGroupCreateStatic)
    xEventGroupGetBitsFromISR                0x0800b0d5   Thumb Code    26  event_groups.o(i.xEventGroupGetBitsFromISR)
    xEventGroupSetBits                       0x0800b0ef   Thumb Code   140  event_groups.o(i.xEventGroupSetBits)
    xEventGroupSetBitsFromISR                0x0800b17d   Thumb Code    12  event_groups.o(i.xEventGroupSetBitsFromISR)
    xEventGroupWaitBits                      0x0800b18d   Thumb Code   260  event_groups.o(i.xEventGroupWaitBits)
    xPortStartScheduler                      0x0800b295   Thumb Code   222  port.o(i.xPortStartScheduler)
    xPortSysTickHandler                      0x0800b389   Thumb Code    38  port.o(i.xPortSysTickHandler)
    xQueueCreateCountingSemaphore            0x0800b3b5   Thumb Code    58  queue.o(i.xQueueCreateCountingSemaphore)
    xQueueCreateCountingSemaphoreStatic      0x0800b3ef   Thumb Code    64  queue.o(i.xQueueCreateCountingSemaphoreStatic)
    xQueueGenericCreate                      0x0800b42f   Thumb Code    66  queue.o(i.xQueueGenericCreate)
    xQueueGenericCreateStatic                0x0800b471   Thumb Code   102  queue.o(i.xQueueGenericCreateStatic)
    xQueueGenericReset                       0x0800b4d9   Thumb Code   132  queue.o(i.xQueueGenericReset)
    xQueueGenericSend                        0x0800b561   Thumb Code   346  queue.o(i.xQueueGenericSend)
    xQueueGenericSendFromISR                 0x0800b6c1   Thumb Code   190  queue.o(i.xQueueGenericSendFromISR)
    xQueueGiveFromISR                        0x0800b77f   Thumb Code   156  queue.o(i.xQueueGiveFromISR)
    xQueueReceive                            0x0800b81d   Thumb Code   308  queue.o(i.xQueueReceive)
    xQueueReceiveFromISR                     0x0800b955   Thumb Code   154  queue.o(i.xQueueReceiveFromISR)
    xQueueSemaphoreTake                      0x0800b9f1   Thumb Code   372  queue.o(i.xQueueSemaphoreTake)
    xTaskCheckForTimeOut                     0x0800bb69   Thumb Code   112  tasks.o(i.xTaskCheckForTimeOut)
    xTaskCreate                              0x0800bbdd   Thumb Code    90  tasks.o(i.xTaskCreate)
    xTaskCreateStatic                        0x0800bc37   Thumb Code    86  tasks.o(i.xTaskCreateStatic)
    xTaskGetSchedulerState                   0x0800bc8d   Thumb Code    22  tasks.o(i.xTaskGetSchedulerState)
    xTaskGetTickCount                        0x0800bca9   Thumb Code     6  tasks.o(i.xTaskGetTickCount)
    xTaskGetTickCountFromISR                 0x0800bcb5   Thumb Code    12  tasks.o(i.xTaskGetTickCountFromISR)
    xTaskIncrementTick                       0x0800bcc5   Thumb Code   192  tasks.o(i.xTaskIncrementTick)
    xTaskPriorityDisinherit                  0x0800bd8d   Thumb Code   118  tasks.o(i.xTaskPriorityDisinherit)
    xTaskPriorityInherit                     0x0800be0d   Thumb Code   112  tasks.o(i.xTaskPriorityInherit)
    xTaskRemoveFromEventList                 0x0800be85   Thumb Code    98  tasks.o(i.xTaskRemoveFromEventList)
    xTaskResumeAll                           0x0800bef5   Thumb Code   182  tasks.o(i.xTaskResumeAll)
    xTimerCreateTimerTask                    0x0800bfb9   Thumb Code    78  timers.o(i.xTimerCreateTimerTask)
    xTimerGenericCommand                     0x0800c019   Thumb Code    98  timers.o(i.xTimerGenericCommand)
    xTimerPendFunctionCallFromISR            0x0800c081   Thumb Code    34  timers.o(i.xTimerPendFunctionCallFromISR)
    ONENET_COM_OFF                           0x0800c0a8   Data           7  freertos.o(.constdata)
    ONENET_COM_ON                            0x0800c0af   Data           7  freertos.o(.constdata)
    Wit_dat_Task_attributes                  0x0800c0b8   Data          36  freertos.o(.constdata)
    Can_Rx_Task_attributes                   0x0800c0dc   Data          36  freertos.o(.constdata)
    RB_Read_Task_attributes                  0x0800c100   Data          36  freertos.o(.constdata)
    OilDisplay_Task_attributes               0x0800c124   Data          36  freertos.o(.constdata)
    DTU_Init_Task_attributes                 0x0800c148   Data          36  freertos.o(.constdata)
    Signal_4G_Task_attributes                0x0800c16c   Data          36  freertos.o(.constdata)
    GPS_Init_Task_attributes                 0x0800c190   Data          36  freertos.o(.constdata)
    GPS_Get_Task_attributes                  0x0800c1b4   Data          36  freertos.o(.constdata)
    IWDG_Task_attributes                     0x0800c1d8   Data          36  freertos.o(.constdata)
    Otheradc_task_attributes                 0x0800c1fc   Data          36  freertos.o(.constdata)
    CantxTask_attributes                     0x0800c220   Data          36  freertos.o(.constdata)
    TyreSpeedTask_attributes                 0x0800c244   Data          36  freertos.o(.constdata)
    UsartQueue_attributes                    0x0800c268   Data          24  freertos.o(.constdata)
    CanBinarySem_attributes                  0x0800c280   Data          16  freertos.o(.constdata)
    Onenet_tx_BinarySem_attributes           0x0800c290   Data          16  freertos.o(.constdata)
    TyreBinarySem_attributes                 0x0800c2a0   Data          16  freertos.o(.constdata)
    Vcu_Event1_attributes                    0x0800c2b0   Data          16  freertos.o(.constdata)
    Can_Event_attributes                     0x0800c2c0   Data          16  freertos.o(.constdata)
    MT_Event_attributes                      0x0800c2d0   Data          16  freertos.o(.constdata)
    SD_Driver                                0x0800c2e0   Data          20  sd_diskio.o(.constdata)
    AHBPrescTable                            0x0800c2fc   Data          16  system_stm32f4xx.o(.constdata)
    APBPrescTable                            0x0800c30c   Data           8  system_stm32f4xx.o(.constdata)
    memtblsize                               0x0800c540   Data           8  malloc.o(.constdata)
    memblksize                               0x0800c548   Data           8  malloc.o(.constdata)
    memsize                                  0x0800c550   Data           8  malloc.o(.constdata)
    __ctype_table                            0x0800c7d4   Data         129  ctype_o.o(.constdata)
    Region$$Table$$Base                      0x0800d204   Number         0  anon$$obj.o(Region$$Table)
    Region$$Table$$Limit                     0x0800d224   Number         0  anon$$obj.o(Region$$Table)
    res_flash                                0x20000000   Data           1  main.o(.data)
    cantx_dat                                0x20000001   Data           8  main.o(.data)
    ADC1_Flag                                0x2000000c   Data           1  freertos.o(.data)
    ADC2_Flag                                0x2000000d   Data           1  freertos.o(.data)
    UpdateTime_flag                          0x2000000e   Data           1  freertos.o(.data)
    USART3_RX_STA                            0x20000010   Data           2  freertos.o(.data)
    oadc_msg                                 0x20000012   Data           2  freertos.o(.data)
    p_uart2_rxbuf                            0x20000024   Data           4  freertos.o(.data)
    speedfloat_tx                            0x20000028   Data           4  freertos.o(.data)
    Wit_dat_TaskHandle                       0x2000002c   Data           4  freertos.o(.data)
    Can_Rx_TaskHandle                        0x20000030   Data           4  freertos.o(.data)
    RB_Read_TaskHandle                       0x20000034   Data           4  freertos.o(.data)
    OilDisplay_TaskHandle                    0x20000038   Data           4  freertos.o(.data)
    DTU_Init_TaskHandle                      0x2000003c   Data           4  freertos.o(.data)
    Signal_4G_TaskHandle                     0x20000040   Data           4  freertos.o(.data)
    GPS_Init_TaskHandle                      0x20000044   Data           4  freertos.o(.data)
    GPS_Get_TaskHandle                       0x20000048   Data           4  freertos.o(.data)
    IWDG_TaskHandle                          0x2000004c   Data           4  freertos.o(.data)
    Otheradc_taskHandle                      0x20000050   Data           4  freertos.o(.data)
    CantxTaskHandle                          0x20000054   Data           4  freertos.o(.data)
    TyreSpeedTaskHandle                      0x20000058   Data           4  freertos.o(.data)
    UsartQueueHandle                         0x2000005c   Data           4  freertos.o(.data)
    CanBinarySemHandle                       0x20000060   Data           4  freertos.o(.data)
    Onenet_tx_BinarySemHandle                0x20000064   Data           4  freertos.o(.data)
    TyreBinarySemHandle                      0x20000068   Data           4  freertos.o(.data)
    Vcu_Event1Handle                         0x2000006c   Data           4  freertos.o(.data)
    Can_EventHandle                          0x20000070   Data           4  freertos.o(.data)
    MT_EventHandle                           0x20000074   Data           4  freertos.o(.data)
    Clkvalue                                 0x20000078   Data           6  freertos.o(.data)
    xjwy_msg                                 0x2000007e   Data           7  freertos.o(.data)
    Wy_dat                                   0x20000085   Data           7  freertos.o(.data)
    canrx_dat                                0x2000008c   Data           8  freertos.o(.data)
    tyre_msg                                 0x20000094   Data           8  freertos.o(.data)
    dtu_device1                              0x2000009c   Data         520  freertos.o(.data)
    retSD                                    0x200002ac   Data           1  fatfs.o(.data)
    SDPath                                   0x200002ad   Data           4  fatfs.o(.data)
    usart_rx_char                            0x200002b1   Data           1  usart.o(.data)
    rx_len                                   0x200002b2   Data           1  stm32f4xx_it.o(.data)
    uwTickFreq                               0x200002b4   Data           1  stm32f4xx_hal.o(.data)
    uwTickPrio                               0x200002b8   Data           4  stm32f4xx_hal.o(.data)
    uwTick                                   0x200002bc   Data           4  stm32f4xx_hal.o(.data)
    SystemCoreClock                          0x200002c0   Data           4  system_stm32f4xx.o(.data)
    pxCurrentTCB                             0x200002cc   Data           4  tasks.o(.data)
    s_cDataUpdate                            0x2000034d   Data           1  wit_c_sdk.o(.data)
    s_cCmd                                   0x2000034e   Data           1  wit_c_sdk.o(.data)
    p_WitRegUpdateCbFunc                     0x20000364   Data           4  wit_c_sdk.o(.data)
    mallco_dev                               0x20000374   Data          28  malloc.o(.data)
    SetTimeZone                              0x20000390   Data          25  gps.o(.data)
    __stdout                                 0x200003ac   Data           4  stdout.o(.data)
    fs                                       0x200003b4   Data         568  main.o(.bss)
    work                                     0x200005ec   Data         512  main.o(.bss)
    wit_dat1                                 0x200007ec   Data          36  freertos.o(.bss)
    wit_msg                                  0x20000810   Data          24  freertos.o(.bss)
    mtspeed1                                 0x20000828   Data          24  freertos.o(.bss)
    mtspeed2                                 0x20000840   Data          24  freertos.o(.bss)
    mtspeed3                                 0x20000858   Data          24  freertos.o(.bss)
    mtspeed4                                 0x20000870   Data          24  freertos.o(.bss)
    RxMessage                                0x20000888   Data          28  freertos.o(.bss)
    Anglefloat_tx                            0x200008a4   Data          12  freertos.o(.bss)
    Accfloat_tx                              0x200008b0   Data          12  freertos.o(.bss)
    gpsx                                     0x200008bc   Data         105  freertos.o(.bss)
    CantxTaskBuffer                          0x20000928   Data        1024  freertos.o(.bss)
    CantxTaskControlBlock                    0x20000d28   Data          92  freertos.o(.bss)
    CanBinarySemControlBlock                 0x20000d84   Data          80  freertos.o(.bss)
    Onenet_tx_BinarySemControlBlock          0x20000dd4   Data          80  freertos.o(.bss)
    TypeBinarySemControlBlock                0x20000e24   Data          80  freertos.o(.bss)
    Vcu_Event1ControlBlock                   0x20000e74   Data          32  freertos.o(.bss)
    Can_EventControlBlock                    0x20000e94   Data          32  freertos.o(.bss)
    MT_EventControlBlock                     0x20000eb4   Data          32  freertos.o(.bss)
    adc1_value                               0x20000ed4   Data         240  adc.o(.bss)
    adc2_value                               0x20000fc4   Data          80  adc.o(.bss)
    hadc1                                    0x20001014   Data          72  adc.o(.bss)
    hadc2                                    0x2000105c   Data          72  adc.o(.bss)
    hdma_adc1                                0x200010a4   Data          96  adc.o(.bss)
    hdma_adc2                                0x20001104   Data          96  adc.o(.bss)
    CAN_FilterInitStructure                  0x20001164   Data          40  can.o(.bss)
    hcan1                                    0x2000118c   Data          40  can.o(.bss)
    hiwdg                                    0x200011b4   Data          12  iwdg.o(.bss)
    hsd                                      0x200011c0   Data         132  sdio.o(.bss)
    hdma_sdio_rx                             0x20001244   Data          96  sdio.o(.bss)
    hdma_sdio_tx                             0x200012a4   Data          96  sdio.o(.bss)
    htim2                                    0x20001304   Data          72  tim.o(.bss)
    htim3                                    0x2000134c   Data          72  tim.o(.bss)
    htim5                                    0x20001394   Data          72  tim.o(.bss)
    htim7                                    0x200013dc   Data          72  tim.o(.bss)
    htim14                                   0x20001424   Data          72  tim.o(.bss)
    rx_4g_buffer                             0x2000146c   Data         128  usart.o(.bss)
    huart1                                   0x200014ec   Data          68  usart.o(.bss)
    huart2                                   0x20001530   Data          68  usart.o(.bss)
    huart3                                   0x20001574   Data          68  usart.o(.bss)
    hdma_usart1_tx                           0x200015b8   Data          96  usart.o(.bss)
    hdma_usart2_rx                           0x20001618   Data          96  usart.o(.bss)
    htim1                                    0x20001678   Data          72  stm32f4xx_hal_timebase_tim.o(.bss)
    disk                                     0x200016e0   Data          12  ff_gen_drv.o(.bss)
    xQueueRegistry                           0x200016ec   Data          64  queue.o(.bss)
    sReg                                     0x200060c0   Data         288  wit_c_sdk.o(.bss)
    mem1base                                 0x200061e0   Data        5120  malloc.o(.bss)
    mem1mapbase                              0x200075e0   Data         320  malloc.o(.bss)
    USART3_RX_BUF                            0x20007d20   Data        2048  gps.o(.bss)
    USART3_TX_BUF                            0x20008520   Data         600  gps.o(.bss)
    __initial_sp                             0x20008b78   Data           0  startup_stm32f407xx.o(STACK)
    mem2base                                 0x68000000   Data       983040  malloc.o(.ARM.__AT_0x68000000)
    mem2mapbase                              0x680f0000   Data       61440  malloc.o(.ARM.__AT_0x680F0000)



==============================================================================

Memory Map of the image

  Image Entry point : 0x08000189

  Load Region LR_IROM1 (Base: 0x08000000, Size: 0x0000d5d8, Max: 0x00080000, ABSOLUTE, COMPRESSED[0x0000d274])

    Execution Region ER_IROM1 (Exec base: 0x08000000, Load base: 0x08000000, Size: 0x0000d224, Max: 0x00080000, ABSOLUTE)

    Exec Addr    Load Addr    Size         Type   Attr      Idx    E Section Name        Object

    0x08000000   0x08000000   0x00000188   Data   RO            3    RESET               startup_stm32f407xx.o
    0x08000188   0x08000188   0x00000000   Code   RO         7727  * .ARM.Collect$$$$00000000  mc_w.l(entry.o)
    0x08000188   0x08000188   0x00000004   Code   RO         8019    .ARM.Collect$$$$00000001  mc_w.l(entry2.o)
    0x0800018c   0x0800018c   0x00000004   Code   RO         8022    .ARM.Collect$$$$00000004  mc_w.l(entry5.o)
    0x08000190   0x08000190   0x00000000   Code   RO         8024    .ARM.Collect$$$$00000008  mc_w.l(entry7b.o)
    0x08000190   0x08000190   0x00000000   Code   RO         8026    .ARM.Collect$$$$0000000A  mc_w.l(entry8b.o)
    0x08000190   0x08000190   0x00000008   Code   RO         8027    .ARM.Collect$$$$0000000B  mc_w.l(entry9a.o)
    0x08000198   0x08000198   0x00000004   Code   RO         8034    .ARM.Collect$$$$0000000E  mc_w.l(entry12b.o)
    0x0800019c   0x0800019c   0x00000000   Code   RO         8029    .ARM.Collect$$$$0000000F  mc_w.l(entry10a.o)
    0x0800019c   0x0800019c   0x00000000   Code   RO         8031    .ARM.Collect$$$$00000011  mc_w.l(entry11a.o)
    0x0800019c   0x0800019c   0x00000004   Code   RO         8020    .ARM.Collect$$$$00002712  mc_w.l(entry2.o)
    0x080001a0   0x080001a0   0x000000be   Code   RO         7080    .emb_text           port.o
    0x0800025e   0x0800025e   0x00000002   PAD
    0x08000260   0x08000260   0x00000024   Code   RO            4    .text               startup_stm32f407xx.o
    0x08000284   0x08000284   0x00000062   Code   RO         7730    .text               mc_w.l(uldiv.o)
    0x080002e6   0x080002e6   0x00000024   Code   RO         7732    .text               mc_w.l(memcpya.o)
    0x0800030a   0x0800030a   0x00000024   Code   RO         7736    .text               mc_w.l(memseta.o)
    0x0800032e   0x0800032e   0x00000024   Code   RO         7738    .text               mc_w.l(strstr.o)
    0x08000352   0x08000352   0x0000000e   Code   RO         7740    .text               mc_w.l(strlen.o)
    0x08000360   0x08000360   0x0000001c   Code   RO         7742    .text               mc_w.l(strcmp.o)
    0x0800037c   0x0800037c   0x0000001a   Code   RO         8007    .text               mc_w.l(atoi.o)
    0x08000396   0x08000396   0x000000e4   Code   RO         8009    .text               mf_w.l(dmul.o)
    0x0800047a   0x0800047a   0x000000de   Code   RO         8011    .text               mf_w.l(ddiv.o)
    0x08000558   0x08000558   0x0000001a   Code   RO         8013    .text               mf_w.l(dfltui.o)
    0x08000572   0x08000572   0x00000032   Code   RO         8015    .text               mf_w.l(dfixui.o)
    0x080005a4   0x080005a4   0x00000026   Code   RO         8017    .text               mf_w.l(f2d.o)
    0x080005ca   0x080005ca   0x0000002c   Code   RO         8036    .text               mc_w.l(uidiv.o)
    0x080005f6   0x080005f6   0x0000001e   Code   RO         8038    .text               mc_w.l(llshl.o)
    0x08000614   0x08000614   0x00000020   Code   RO         8040    .text               mc_w.l(llushr.o)
    0x08000634   0x08000634   0x00000070   Code   RO         8049    .text               mc_w.l(strtol.o)
    0x080006a4   0x080006a4   0x00000000   Code   RO         8051    .text               mc_w.l(iusefp.o)
    0x080006a4   0x080006a4   0x000000ba   Code   RO         8052    .text               mf_w.l(depilogue.o)
    0x0800075e   0x0800075e   0x0000014e   Code   RO         8054    .text               mf_w.l(dadd.o)
    0x080008ac   0x080008ac   0x00000030   Code   RO         8056    .text               mf_w.l(dfixul.o)
    0x080008dc   0x080008dc   0x00000030   Code   RO         8058    .text               mf_w.l(cdrcmple.o)
    0x0800090c   0x0800090c   0x00000024   Code   RO         8060    .text               mc_w.l(init.o)
    0x08000930   0x08000930   0x00000024   Code   RO         8062    .text               mc_w.l(llsshr.o)
    0x08000954   0x08000954   0x00000008   Code   RO         8064    .text               mc_w.l(ctype_o.o)
    0x0800095c   0x0800095c   0x0000009e   Code   RO         8092    .text               mc_w.l(_strtoul.o)
    0x080009fa   0x080009fa   0x0000001c   Code   RO         8094    .text               mc_w.l(_chval.o)
    0x08000a16   0x08000a16   0x00000056   Code   RO         8104    .text               mc_w.l(__dczerorl2.o)
    0x08000a6c   0x08000a6c   0x0000006e   Code   RO         1293    i.ADC_DMAConvCplt   stm32f4xx_hal_adc.o
    0x08000ada   0x08000ada   0x00000016   Code   RO         1294    i.ADC_DMAError      stm32f4xx_hal_adc.o
    0x08000af0   0x08000af0   0x0000000a   Code   RO         1295    i.ADC_DMAHalfConvCplt  stm32f4xx_hal_adc.o
    0x08000afa   0x08000afa   0x00000002   PAD
    0x08000afc   0x08000afc   0x0000001c   Code   RO         1055    i.ADC_IRQHandler    stm32f4xx_it.o
    0x08000b18   0x08000b18   0x00000128   Code   RO         1296    i.ADC_Init          stm32f4xx_hal_adc.o
    0x08000c40   0x08000c40   0x00000002   Code   RO          613    i.BSP_SD_AbortCallback  bsp_driver_sd.o
    0x08000c42   0x08000c42   0x00000002   PAD
    0x08000c44   0x08000c44   0x0000000c   Code   RO          616    i.BSP_SD_GetCardInfo  bsp_driver_sd.o
    0x08000c50   0x08000c50   0x00000018   Code   RO          617    i.BSP_SD_GetCardState  bsp_driver_sd.o
    0x08000c68   0x08000c68   0x00000030   Code   RO          619    i.BSP_SD_Init       bsp_driver_sd.o
    0x08000c98   0x08000c98   0x0000000e   Code   RO          620    i.BSP_SD_IsDetected  bsp_driver_sd.o
    0x08000ca6   0x08000ca6   0x00000002   PAD
    0x08000ca8   0x08000ca8   0x0000001c   Code   RO          622    i.BSP_SD_ReadBlocks_DMA  bsp_driver_sd.o
    0x08000cc4   0x08000cc4   0x0000001c   Code   RO          734    i.BSP_SD_ReadCpltCallback  sd_diskio.o
    0x08000ce0   0x08000ce0   0x0000001c   Code   RO          625    i.BSP_SD_WriteBlocks_DMA  bsp_driver_sd.o
    0x08000cfc   0x08000cfc   0x0000001c   Code   RO          735    i.BSP_SD_WriteCpltCallback  sd_diskio.o
    0x08000d18   0x08000d18   0x00000002   Code   RO         1056    i.BusFault_Handler  stm32f4xx_it.o
    0x08000d1a   0x08000d1a   0x00000002   PAD
    0x08000d1c   0x08000d1c   0x0000000c   Code   RO         1057    i.CAN1_RX0_IRQHandler  stm32f4xx_it.o
    0x08000d28   0x08000d28   0x0000000c   Code   RO         1058    i.CAN1_TX_IRQHandler  stm32f4xx_it.o
    0x08000d34   0x08000d34   0x0000001c   Code   RO          333    i.Can_Rx_Handle     freertos.o
    0x08000d50   0x08000d50   0x0000024c   Code   RO          334    i.Cantx_Handle      freertos.o
    0x08000f9c   0x08000f9c   0x00000068   Code   RO         7159    i.CmdProcess        wit_c_sdk.o
    0x08001004   0x08001004   0x000000b4   Code   RO         7160    i.CopeWitData       wit_c_sdk.o
    0x080010b8   0x080010b8   0x0000000c   Code   RO         1059    i.DMA1_Stream5_IRQHandler  stm32f4xx_it.o
    0x080010c4   0x080010c4   0x0000000c   Code   RO         1060    i.DMA2_Stream0_IRQHandler  stm32f4xx_it.o
    0x080010d0   0x080010d0   0x0000000c   Code   RO         1061    i.DMA2_Stream2_IRQHandler  stm32f4xx_it.o
    0x080010dc   0x080010dc   0x0000000c   Code   RO         1062    i.DMA2_Stream3_IRQHandler  stm32f4xx_it.o
    0x080010e8   0x080010e8   0x0000000c   Code   RO         1063    i.DMA2_Stream6_IRQHandler  stm32f4xx_it.o
    0x080010f4   0x080010f4   0x0000000c   Code   RO         1064    i.DMA2_Stream7_IRQHandler  stm32f4xx_it.o
    0x08001100   0x08001100   0x00000028   Code   RO         2030    i.DMA_CalcBaseAndBitshift  stm32f4xx_hal_dma.o
    0x08001128   0x08001128   0x00000054   Code   RO         2031    i.DMA_CheckFifoParam  stm32f4xx_hal_dma.o
    0x0800117c   0x0800117c   0x00000028   Code   RO         2032    i.DMA_SetConfig     stm32f4xx_hal_dma.o
    0x080011a4   0x080011a4   0x000000f0   Code   RO          335    i.DTU_Init_Handle   freertos.o
    0x08001294   0x08001294   0x00000002   Code   RO         1065    i.DebugMon_Handler  stm32f4xx_it.o
    0x08001296   0x08001296   0x00000002   PAD
    0x08001298   0x08001298   0x0000001c   Code   RO           13    i.Error_Handler     main.o
    0x080012b4   0x080012b4   0x00000006   Code   RO         5272    i.FATFS_LinkDriver  ff_gen_drv.o
    0x080012ba   0x080012ba   0x00000002   PAD
    0x080012bc   0x080012bc   0x00000040   Code   RO         5273    i.FATFS_LinkDriverEx  ff_gen_drv.o
    0x080012fc   0x080012fc   0x00000002   Code   RO         1066    i.FPU_IRQHandler    stm32f4xx_it.o
    0x080012fe   0x080012fe   0x00000002   PAD
    0x08001300   0x08001300   0x00000030   Code   RO         7587    i.GPS_Analysis      gps.o
    0x08001330   0x08001330   0x00000038   Code   RO          336    i.GPS_Get_Handle    freertos.o
    0x08001368   0x08001368   0x0000009c   Code   RO          337    i.GPS_Init_Handle   freertos.o
    0x08001404   0x08001404   0x0000011c   Code   RO          338    i.Gps_Msg_Show      freertos.o
    0x08001520   0x08001520   0x00000002   Code   RO         1467    i.HAL_ADCEx_InjectedConvCpltCallback  stm32f4xx_hal_adc_ex.o
    0x08001522   0x08001522   0x00000002   PAD
    0x08001524   0x08001524   0x0000014c   Code   RO         1298    i.HAL_ADC_ConfigChannel  stm32f4xx_hal_adc.o
    0x08001670   0x08001670   0x00000030   Code   RO          491    i.HAL_ADC_ConvCpltCallback  adc.o
    0x080016a0   0x080016a0   0x00000002   Code   RO         1300    i.HAL_ADC_ConvHalfCpltCallback  stm32f4xx_hal_adc.o
    0x080016a2   0x080016a2   0x00000002   Code   RO         1302    i.HAL_ADC_ErrorCallback  stm32f4xx_hal_adc.o
    0x080016a4   0x080016a4   0x0000012e   Code   RO         1306    i.HAL_ADC_IRQHandler  stm32f4xx_hal_adc.o
    0x080017d2   0x080017d2   0x00000054   Code   RO         1307    i.HAL_ADC_Init      stm32f4xx_hal_adc.o
    0x08001826   0x08001826   0x00000002   Code   RO         1308    i.HAL_ADC_LevelOutOfWindowCallback  stm32f4xx_hal_adc.o
    0x08001828   0x08001828   0x0000015c   Code   RO          493    i.HAL_ADC_MspInit   adc.o
    0x08001984   0x08001984   0x00000154   Code   RO         1314    i.HAL_ADC_Start_DMA  stm32f4xx_hal_adc.o
    0x08001ad8   0x08001ad8   0x0000010c   Code   RO         1315    i.HAL_ADC_Start_IT  stm32f4xx_hal_adc.o
    0x08001be4   0x08001be4   0x0000006c   Code   RO         1317    i.HAL_ADC_Stop_DMA  stm32f4xx_hal_adc.o
    0x08001c50   0x08001c50   0x00000024   Code   RO         2704    i.HAL_CAN_ActivateNotification  stm32f4xx_hal_can.o
    0x08001c74   0x08001c74   0x000000dc   Code   RO         2705    i.HAL_CAN_AddTxMessage  stm32f4xx_hal_can.o
    0x08001d50   0x08001d50   0x0000010c   Code   RO         2706    i.HAL_CAN_ConfigFilter  stm32f4xx_hal_can.o
    0x08001e5c   0x08001e5c   0x00000002   Code   RO         2709    i.HAL_CAN_ErrorCallback  stm32f4xx_hal_can.o
    0x08001e5e   0x08001e5e   0x000000e8   Code   RO         2712    i.HAL_CAN_GetRxMessage  stm32f4xx_hal_can.o
    0x08001f46   0x08001f46   0x0000002c   Code   RO         2714    i.HAL_CAN_GetTxMailboxesFreeLevel  stm32f4xx_hal_can.o
    0x08001f72   0x08001f72   0x000001fc   Code   RO         2716    i.HAL_CAN_IRQHandler  stm32f4xx_hal_can.o
    0x0800216e   0x0800216e   0x0000011a   Code   RO         2717    i.HAL_CAN_Init      stm32f4xx_hal_can.o
    0x08002288   0x08002288   0x0000008c   Code   RO          548    i.HAL_CAN_MspInit   can.o
    0x08002314   0x08002314   0x00000002   Code   RO         2724    i.HAL_CAN_RxFifo0FullCallback  stm32f4xx_hal_can.o
    0x08002316   0x08002316   0x00000002   PAD
    0x08002318   0x08002318   0x0000008c   Code   RO          339    i.HAL_CAN_RxFifo0MsgPendingCallback  freertos.o
    0x080023a4   0x080023a4   0x00000002   Code   RO         2726    i.HAL_CAN_RxFifo1FullCallback  stm32f4xx_hal_can.o
    0x080023a6   0x080023a6   0x00000002   Code   RO         2727    i.HAL_CAN_RxFifo1MsgPendingCallback  stm32f4xx_hal_can.o
    0x080023a8   0x080023a8   0x00000002   Code   RO         2728    i.HAL_CAN_SleepCallback  stm32f4xx_hal_can.o
    0x080023aa   0x080023aa   0x00000002   PAD
    0x080023ac   0x080023ac   0x00000058   Code   RO         2729    i.HAL_CAN_Start     stm32f4xx_hal_can.o
    0x08002404   0x08002404   0x00000002   Code   RO         2731    i.HAL_CAN_TxMailbox0AbortCallback  stm32f4xx_hal_can.o
    0x08002406   0x08002406   0x00000002   Code   RO         2732    i.HAL_CAN_TxMailbox0CompleteCallback  stm32f4xx_hal_can.o
    0x08002408   0x08002408   0x00000002   Code   RO         2733    i.HAL_CAN_TxMailbox1AbortCallback  stm32f4xx_hal_can.o
    0x0800240a   0x0800240a   0x00000002   Code   RO         2734    i.HAL_CAN_TxMailbox1CompleteCallback  stm32f4xx_hal_can.o
    0x0800240c   0x0800240c   0x00000002   Code   RO         2735    i.HAL_CAN_TxMailbox2AbortCallback  stm32f4xx_hal_can.o
    0x0800240e   0x0800240e   0x00000002   Code   RO         2736    i.HAL_CAN_TxMailbox2CompleteCallback  stm32f4xx_hal_can.o
    0x08002410   0x08002410   0x00000002   Code   RO         2738    i.HAL_CAN_WakeUpFromRxMsgCallback  stm32f4xx_hal_can.o
    0x08002412   0x08002412   0x00000092   Code   RO         2033    i.HAL_DMA_Abort     stm32f4xx_hal_dma.o
    0x080024a4   0x080024a4   0x00000024   Code   RO         2034    i.HAL_DMA_Abort_IT  stm32f4xx_hal_dma.o
    0x080024c8   0x080024c8   0x00000004   Code   RO         2036    i.HAL_DMA_GetError  stm32f4xx_hal_dma.o
    0x080024cc   0x080024cc   0x000001a0   Code   RO         2038    i.HAL_DMA_IRQHandler  stm32f4xx_hal_dma.o
    0x0800266c   0x0800266c   0x000000d4   Code   RO         2039    i.HAL_DMA_Init      stm32f4xx_hal_dma.o
    0x08002740   0x08002740   0x0000006e   Code   RO         2043    i.HAL_DMA_Start_IT  stm32f4xx_hal_dma.o
    0x080027ae   0x080027ae   0x00000002   PAD
    0x080027b0   0x080027b0   0x00000024   Code   RO         2452    i.HAL_Delay         stm32f4xx_hal.o
    0x080027d4   0x080027d4   0x000001f0   Code   RO         1926    i.HAL_GPIO_Init     stm32f4xx_hal_gpio.o
    0x080029c4   0x080029c4   0x0000000a   Code   RO         1928    i.HAL_GPIO_ReadPin  stm32f4xx_hal_gpio.o
    0x080029ce   0x080029ce   0x0000000a   Code   RO         1930    i.HAL_GPIO_WritePin  stm32f4xx_hal_gpio.o
    0x080029d8   0x080029d8   0x0000000c   Code   RO         2458    i.HAL_GetTick       stm32f4xx_hal.o
    0x080029e4   0x080029e4   0x0000005a   Code   RO         2937    i.HAL_IWDG_Init     stm32f4xx_hal_iwdg.o
    0x08002a3e   0x08002a3e   0x00000002   PAD
    0x08002a40   0x08002a40   0x00000010   Code   RO         2464    i.HAL_IncTick       stm32f4xx_hal.o
    0x08002a50   0x08002a50   0x00000034   Code   RO         2465    i.HAL_Init          stm32f4xx_hal.o
    0x08002a84   0x08002a84   0x0000008c   Code   RO         1254    i.HAL_InitTick      stm32f4xx_hal_timebase_tim.o
    0x08002b10   0x08002b10   0x0000004c   Code   RO         1230    i.HAL_MspInit       stm32f4xx_hal_msp.o
    0x08002b5c   0x08002b5c   0x0000001a   Code   RO         2315    i.HAL_NVIC_EnableIRQ  stm32f4xx_hal_cortex.o
    0x08002b76   0x08002b76   0x00000002   PAD
    0x08002b78   0x08002b78   0x00000040   Code   RO         2321    i.HAL_NVIC_SetPriority  stm32f4xx_hal_cortex.o
    0x08002bb8   0x08002bb8   0x00000024   Code   RO         2322    i.HAL_NVIC_SetPriorityGrouping  stm32f4xx_hal_cortex.o
    0x08002bdc   0x08002bdc   0x00000134   Code   RO         1572    i.HAL_RCC_ClockConfig  stm32f4xx_hal_rcc.o
    0x08002d10   0x08002d10   0x00000040   Code   RO         1576    i.HAL_RCC_GetClockConfig  stm32f4xx_hal_rcc.o
    0x08002d50   0x08002d50   0x00000020   Code   RO         1579    i.HAL_RCC_GetPCLK1Freq  stm32f4xx_hal_rcc.o
    0x08002d70   0x08002d70   0x00000020   Code   RO         1580    i.HAL_RCC_GetPCLK2Freq  stm32f4xx_hal_rcc.o
    0x08002d90   0x08002d90   0x00000064   Code   RO         1581    i.HAL_RCC_GetSysClockFreq  stm32f4xx_hal_rcc.o
    0x08002df4   0x08002df4   0x0000036c   Code   RO         1584    i.HAL_RCC_OscConfig  stm32f4xx_hal_rcc.o
    0x08003160   0x08003160   0x00000008   Code   RO          627    i.HAL_SD_AbortCallback  bsp_driver_sd.o
    0x08003168   0x08003168   0x00000118   Code   RO         3256    i.HAL_SD_ConfigWideBusOperation  stm32f4xx_hal_sd.o
    0x08003280   0x08003280   0x00000002   Code   RO         3259    i.HAL_SD_ErrorCallback  stm32f4xx_hal_sd.o
    0x08003282   0x08003282   0x00000002   PAD
    0x08003284   0x08003284   0x00000198   Code   RO         3261    i.HAL_SD_GetCardCSD  stm32f4xx_hal_sd.o
    0x0800341c   0x0800341c   0x00000024   Code   RO         3262    i.HAL_SD_GetCardInfo  stm32f4xx_hal_sd.o
    0x08003440   0x08003440   0x0000002c   Code   RO         3263    i.HAL_SD_GetCardState  stm32f4xx_hal_sd.o
    0x0800346c   0x0800346c   0x00000208   Code   RO         3267    i.HAL_SD_IRQHandler  stm32f4xx_hal_sd.o
    0x08003674   0x08003674   0x00000036   Code   RO         3268    i.HAL_SD_Init       stm32f4xx_hal_sd.o
    0x080036aa   0x080036aa   0x00000002   PAD
    0x080036ac   0x080036ac   0x0000007c   Code   RO         3269    i.HAL_SD_InitCard   stm32f4xx_hal_sd.o
    0x08003728   0x08003728   0x00000144   Code   RO          880    i.HAL_SD_MspInit    sdio.o
    0x0800386c   0x0800386c   0x00000124   Code   RO         3273    i.HAL_SD_ReadBlocks_DMA  stm32f4xx_hal_sd.o
    0x08003990   0x08003990   0x00000008   Code   RO          628    i.HAL_SD_RxCpltCallback  bsp_driver_sd.o
    0x08003998   0x08003998   0x00000008   Code   RO          629    i.HAL_SD_TxCpltCallback  bsp_driver_sd.o
    0x080039a0   0x080039a0   0x00000120   Code   RO         3278    i.HAL_SD_WriteBlocks_DMA  stm32f4xx_hal_sd.o
    0x08003ac0   0x08003ac0   0x00000002   Code   RO         4184    i.HAL_TIMEx_BreakCallback  stm32f4xx_hal_tim_ex.o
    0x08003ac2   0x08003ac2   0x00000002   Code   RO         4185    i.HAL_TIMEx_CommutCallback  stm32f4xx_hal_tim_ex.o
    0x08003ac4   0x08003ac4   0x00000090   Code   RO         4203    i.HAL_TIMEx_MasterConfigSynchronization  stm32f4xx_hal_tim_ex.o
    0x08003b54   0x08003b54   0x0000005a   Code   RO         3480    i.HAL_TIM_Base_Init  stm32f4xx_hal_tim.o
    0x08003bae   0x08003bae   0x00000002   PAD
    0x08003bb0   0x08003bb0   0x00000154   Code   RO          922    i.HAL_TIM_Base_MspInit  tim.o
    0x08003d04   0x08003d04   0x00000080   Code   RO         3485    i.HAL_TIM_Base_Start_IT  stm32f4xx_hal_tim.o
    0x08003d84   0x08003d84   0x000000dc   Code   RO         3489    i.HAL_TIM_ConfigClockSource  stm32f4xx_hal_tim.o
    0x08003e60   0x08003e60   0x00000224   Code   RO          340    i.HAL_TIM_IC_CaptureCallback  freertos.o
    0x08004084   0x08004084   0x0000011e   Code   RO         3516    i.HAL_TIM_IC_ConfigChannel  stm32f4xx_hal_tim.o
    0x080041a2   0x080041a2   0x0000005a   Code   RO         3519    i.HAL_TIM_IC_Init   stm32f4xx_hal_tim.o
    0x080041fc   0x080041fc   0x00000002   Code   RO         3521    i.HAL_TIM_IC_MspInit  stm32f4xx_hal_tim.o
    0x080041fe   0x080041fe   0x00000002   PAD
    0x08004200   0x08004200   0x0000010c   Code   RO         3524    i.HAL_TIM_IC_Start_IT  stm32f4xx_hal_tim.o
    0x0800430c   0x0800430c   0x00000092   Code   RO         3527    i.HAL_TIM_IC_Stop_IT  stm32f4xx_hal_tim.o
    0x0800439e   0x0800439e   0x00000166   Code   RO         3528    i.HAL_TIM_IRQHandler  stm32f4xx_hal_tim.o
    0x08004504   0x08004504   0x00000002   Code   RO         3531    i.HAL_TIM_OC_DelayElapsedCallback  stm32f4xx_hal_tim.o
    0x08004506   0x08004506   0x00000002   Code   RO         3558    i.HAL_TIM_PWM_PulseFinishedCallback  stm32f4xx_hal_tim.o
    0x08004508   0x08004508   0x00000144   Code   RO           14    i.HAL_TIM_PeriodElapsedCallback  main.o
    0x0800464c   0x0800464c   0x00000002   Code   RO         3571    i.HAL_TIM_TriggerCallback  stm32f4xx_hal_tim.o
    0x0800464e   0x0800464e   0x00000002   Code   RO         4462    i.HAL_UARTEx_RxEventCallback  stm32f4xx_hal_uart.o
    0x08004650   0x08004650   0x00000094   Code   RO         4465    i.HAL_UART_AbortReceive  stm32f4xx_hal_uart.o
    0x080046e4   0x080046e4   0x00000002   Code   RO         4476    i.HAL_UART_ErrorCallback  stm32f4xx_hal_uart.o
    0x080046e6   0x080046e6   0x00000002   PAD
    0x080046e8   0x080046e8   0x00000268   Code   RO         4479    i.HAL_UART_IRQHandler  stm32f4xx_hal_uart.o
    0x08004950   0x08004950   0x00000062   Code   RO         4480    i.HAL_UART_Init     stm32f4xx_hal_uart.o
    0x080049b2   0x080049b2   0x00000002   PAD
    0x080049b4   0x080049b4   0x00000188   Code   RO          988    i.HAL_UART_MspInit  usart.o
    0x08004b3c   0x08004b3c   0x0000002a   Code   RO         4484    i.HAL_UART_Receive_DMA  stm32f4xx_hal_uart.o
    0x08004b66   0x08004b66   0x0000002a   Code   RO         4485    i.HAL_UART_Receive_IT  stm32f4xx_hal_uart.o
    0x08004b90   0x08004b90   0x0000006c   Code   RO          341    i.HAL_UART_RxCpltCallback  freertos.o
    0x08004bfc   0x08004bfc   0x00000002   Code   RO         4487    i.HAL_UART_RxHalfCpltCallback  stm32f4xx_hal_uart.o
    0x08004bfe   0x08004bfe   0x00000002   PAD
    0x08004c00   0x08004c00   0x000000b2   Code   RO         4488    i.HAL_UART_Transmit  stm32f4xx_hal_uart.o
    0x08004cb2   0x08004cb2   0x00000002   Code   RO         4491    i.HAL_UART_TxCpltCallback  stm32f4xx_hal_uart.o
    0x08004cb4   0x08004cb4   0x00000024   Code   RO         1067    i.HardFault_Handler  stm32f4xx_it.o
    0x08004cd8   0x08004cd8   0x00000018   Code   RO          342    i.IWDG_Handle       freertos.o
    0x08004cf0   0x08004cf0   0x000000d8   Code   RO          494    i.MX_ADC1_Init      adc.o
    0x08004dc8   0x08004dc8   0x00000088   Code   RO          495    i.MX_ADC2_Init      adc.o
    0x08004e50   0x08004e50   0x0000006c   Code   RO          549    i.MX_CAN1_Init      can.o
    0x08004ebc   0x08004ebc   0x0000008c   Code   RO          589    i.MX_DMA_Init       dma.o
    0x08004f48   0x08004f48   0x0000001c   Code   RO          811    i.MX_FATFS_Init     fatfs.o
    0x08004f64   0x08004f64   0x00000528   Code   RO          343    i.MX_FREERTOS_Init  freertos.o
    0x0800548c   0x0800548c   0x0000005c   Code   RO          309    i.MX_GPIO_Init      gpio.o
    0x080054e8   0x080054e8   0x00000038   Code   RO          849    i.MX_IWDG_Init      iwdg.o
    0x08005520   0x08005520   0x00000024   Code   RO          881    i.MX_SDIO_SD_Init   sdio.o
    0x08005544   0x08005544   0x00000038   Code   RO          923    i.MX_TIM14_Init     tim.o
    0x0800557c   0x0800557c   0x000000b8   Code   RO          924    i.MX_TIM2_Init      tim.o
    0x08005634   0x08005634   0x0000009c   Code   RO          925    i.MX_TIM3_Init      tim.o
    0x080056d0   0x080056d0   0x000000a8   Code   RO          926    i.MX_TIM5_Init      tim.o
    0x08005778   0x08005778   0x00000048   Code   RO          927    i.MX_TIM7_Init      tim.o
    0x080057c0   0x080057c0   0x00000038   Code   RO          989    i.MX_USART1_UART_Init  usart.o
    0x080057f8   0x080057f8   0x00000054   Code   RO          990    i.MX_USART2_UART_Init  usart.o
    0x0800584c   0x0800584c   0x00000070   Code   RO          991    i.MX_USART3_UART_Init  usart.o
    0x080058bc   0x080058bc   0x00000002   Code   RO         1068    i.MemManage_Handler  stm32f4xx_it.o
    0x080058be   0x080058be   0x0000002a   Code   RO         7588    i.NMEA_Comma_Pos    gps.o
    0x080058e8   0x080058e8   0x00000044   Code   RO         7589    i.NMEA_GPGGA_Analysis  gps.o
    0x0800592c   0x0800592c   0x0000009c   Code   RO         7590    i.NMEA_GPGSA_Analysis  gps.o
    0x080059c8   0x080059c8   0x000000ec   Code   RO         7591    i.NMEA_GPGSV_Analysis  gps.o
    0x08005ab4   0x08005ab4   0x00000228   Code   RO         7592    i.NMEA_GPRMC_Analysis  gps.o
    0x08005cdc   0x08005cdc   0x00000010   Code   RO         7594    i.NMEA_Pow          gps.o
    0x08005cec   0x08005cec   0x000000c0   Code   RO         7595    i.NMEA_Str2num      gps.o
    0x08005dac   0x08005dac   0x00000002   Code   RO         1069    i.NMI_Handler       stm32f4xx_it.o
    0x08005dae   0x08005dae   0x00000002   PAD
    0x08005db0   0x08005db0   0x000000a8   Code   RO          344    i.Oadc_Handle       freertos.o
    0x08005e58   0x08005e58   0x00000194   Code   RO          345    i.OilDisplayment_Handle  freertos.o
    0x08005fec   0x08005fec   0x000001b8   Code   RO          346    i.OneNet_FillBuf    freertos.o
    0x080061a4   0x080061a4   0x00000100   Code   RO          347    i.OneNet_Receive    freertos.o
    0x080062a4   0x080062a4   0x00000048   Code   RO         7436    i.RingBuffer_In     ringbuffer.o
    0x080062ec   0x080062ec   0x00000058   Code   RO         7437    i.RingBuffer_Malloc  ringbuffer.o
    0x08006344   0x08006344   0x00000046   Code   RO         7438    i.RingBuffer_Out    ringbuffer.o
    0x0800638a   0x0800638a   0x00000002   PAD
    0x0800638c   0x0800638c   0x00000100   Code   RO          348    i.RingBuffer_Read_Handle  freertos.o
    0x0800648c   0x0800648c   0x00000024   Code   RO         2967    i.SDIO_ConfigData   stm32f4xx_ll_sdmmc.o
    0x080064b0   0x080064b0   0x00000008   Code   RO         2971    i.SDIO_GetPowerState  stm32f4xx_ll_sdmmc.o
    0x080064b8   0x080064b8   0x00000006   Code   RO         2972    i.SDIO_GetResponse  stm32f4xx_ll_sdmmc.o
    0x080064be   0x080064be   0x00000002   PAD
    0x080064c0   0x080064c0   0x0000000c   Code   RO         1070    i.SDIO_IRQHandler   stm32f4xx_it.o
    0x080064cc   0x080064cc   0x00000024   Code   RO         2973    i.SDIO_Init         stm32f4xx_ll_sdmmc.o
    0x080064f0   0x080064f0   0x00000008   Code   RO         2975    i.SDIO_PowerState_ON  stm32f4xx_ll_sdmmc.o
    0x080064f8   0x080064f8   0x00000006   Code   RO         2976    i.SDIO_ReadFIFO     stm32f4xx_ll_sdmmc.o
    0x080064fe   0x080064fe   0x00000020   Code   RO         2977    i.SDIO_SendCommand  stm32f4xx_ll_sdmmc.o
    0x0800651e   0x0800651e   0x0000000a   Code   RO         2979    i.SDIO_WriteFIFO    stm32f4xx_ll_sdmmc.o
    0x08006528   0x08006528   0x00000032   Code   RO         2980    i.SDMMC_CmdAppCommand  stm32f4xx_ll_sdmmc.o
    0x0800655a   0x0800655a   0x00000002   PAD
    0x0800655c   0x0800655c   0x00000034   Code   RO         2981    i.SDMMC_CmdAppOperCommand  stm32f4xx_ll_sdmmc.o
    0x08006590   0x08006590   0x00000032   Code   RO         2982    i.SDMMC_CmdBlockLength  stm32f4xx_ll_sdmmc.o
    0x080065c2   0x080065c2   0x00000032   Code   RO         2983    i.SDMMC_CmdBusWidth  stm32f4xx_ll_sdmmc.o
    0x080065f4   0x080065f4   0x00000050   Code   RO         2987    i.SDMMC_CmdGoIdleState  stm32f4xx_ll_sdmmc.o
    0x08006644   0x08006644   0x00000030   Code   RO         2989    i.SDMMC_CmdOperCond  stm32f4xx_ll_sdmmc.o
    0x08006674   0x08006674   0x00000032   Code   RO         2990    i.SDMMC_CmdReadMultiBlock  stm32f4xx_ll_sdmmc.o
    0x080066a6   0x080066a6   0x00000032   Code   RO         2991    i.SDMMC_CmdReadSingleBlock  stm32f4xx_ll_sdmmc.o
    0x080066d8   0x080066d8   0x00000032   Code   RO         2994    i.SDMMC_CmdSelDesel  stm32f4xx_ll_sdmmc.o
    0x0800670a   0x0800670a   0x0000002c   Code   RO         2995    i.SDMMC_CmdSendCID  stm32f4xx_ll_sdmmc.o
    0x08006736   0x08006736   0x0000002c   Code   RO         2996    i.SDMMC_CmdSendCSD  stm32f4xx_ll_sdmmc.o
    0x08006762   0x08006762   0x00000030   Code   RO         2998    i.SDMMC_CmdSendSCR  stm32f4xx_ll_sdmmc.o
    0x08006792   0x08006792   0x00000032   Code   RO         2999    i.SDMMC_CmdSendStatus  stm32f4xx_ll_sdmmc.o
    0x080067c4   0x080067c4   0x00000030   Code   RO         3000    i.SDMMC_CmdSetRelAdd  stm32f4xx_ll_sdmmc.o
    0x080067f4   0x080067f4   0x00000034   Code   RO         3003    i.SDMMC_CmdStopTransfer  stm32f4xx_ll_sdmmc.o
    0x08006828   0x08006828   0x00000032   Code   RO         3005    i.SDMMC_CmdWriteMultiBlock  stm32f4xx_ll_sdmmc.o
    0x0800685a   0x0800685a   0x00000032   Code   RO         3006    i.SDMMC_CmdWriteSingleBlock  stm32f4xx_ll_sdmmc.o
    0x0800688c   0x0800688c   0x00000120   Code   RO         3007    i.SDMMC_GetCmdResp1  stm32f4xx_ll_sdmmc.o
    0x080069ac   0x080069ac   0x00000050   Code   RO         3008    i.SDMMC_GetCmdResp2  stm32f4xx_ll_sdmmc.o
    0x080069fc   0x080069fc   0x00000044   Code   RO         3009    i.SDMMC_GetCmdResp3  stm32f4xx_ll_sdmmc.o
    0x08006a40   0x08006a40   0x00000088   Code   RO         3010    i.SDMMC_GetCmdResp6  stm32f4xx_ll_sdmmc.o
    0x08006ac8   0x08006ac8   0x00000058   Code   RO         3011    i.SDMMC_GetCmdResp7  stm32f4xx_ll_sdmmc.o
    0x08006b20   0x08006b20   0x00000020   Code   RO          736    i.SD_CheckStatus    sd_diskio.o
    0x08006b40   0x08006b40   0x00000024   Code   RO          737    i.SD_CheckStatusWithTimeout  sd_diskio.o
    0x08006b64   0x08006b64   0x00000064   Code   RO         3280    i.SD_DMAError       stm32f4xx_hal_sd.o
    0x08006bc8   0x08006bc8   0x00000042   Code   RO         3281    i.SD_DMAReceiveCplt  stm32f4xx_hal_sd.o
    0x08006c0a   0x08006c0a   0x00000044   Code   RO         3282    i.SD_DMARxAbort     stm32f4xx_hal_sd.o
    0x08006c4e   0x08006c4e   0x0000000e   Code   RO         3283    i.SD_DMATransmitCplt  stm32f4xx_hal_sd.o
    0x08006c5c   0x08006c5c   0x00000044   Code   RO         3284    i.SD_DMATxAbort     stm32f4xx_hal_sd.o
    0x08006ca0   0x08006ca0   0x000000da   Code   RO         3285    i.SD_FindSCR        stm32f4xx_hal_sd.o
    0x08006d7a   0x08006d7a   0x000000ee   Code   RO         3286    i.SD_InitCard       stm32f4xx_hal_sd.o
    0x08006e68   0x08006e68   0x000000b4   Code   RO         3287    i.SD_PowerON        stm32f4xx_hal_sd.o
    0x08006f1c   0x08006f1c   0x00000048   Code   RO          738    i.SD_initialize     sd_diskio.o
    0x08006f64   0x08006f64   0x00000050   Code   RO          739    i.SD_ioctl          sd_diskio.o
    0x08006fb4   0x08006fb4   0x00000068   Code   RO          740    i.SD_read           sd_diskio.o
    0x0800701c   0x0800701c   0x00000004   Code   RO          741    i.SD_status         sd_diskio.o
    0x08007020   0x08007020   0x00000068   Code   RO          742    i.SD_write          sd_diskio.o
    0x08007088   0x08007088   0x0000004c   Code   RO         7161    i.SensorDataUpdata  wit_c_sdk.o
    0x080070d4   0x080070d4   0x000000c8   Code   RO          349    i.Signal_4G_Handle  freertos.o
    0x0800719c   0x0800719c   0x0000001a   Code   RO         6512    i.SysTick_Handler   cmsis_os2.o
    0x080071b6   0x080071b6   0x00000002   PAD
    0x080071b8   0x080071b8   0x00000098   Code   RO           15    i.SystemClock_Config  main.o
    0x08007250   0x08007250   0x00000010   Code   RO         4809    i.SystemInit        system_stm32f4xx.o
    0x08007260   0x08007260   0x0000000c   Code   RO         1071    i.TIM1_UP_TIM10_IRQHandler  stm32f4xx_it.o
    0x0800726c   0x0800726c   0x0000000c   Code   RO         1072    i.TIM2_IRQHandler   stm32f4xx_it.o
    0x08007278   0x08007278   0x0000000c   Code   RO         1073    i.TIM3_IRQHandler   stm32f4xx_it.o
    0x08007284   0x08007284   0x0000000c   Code   RO         1074    i.TIM5_IRQHandler   stm32f4xx_it.o
    0x08007290   0x08007290   0x0000000c   Code   RO         1075    i.TIM7_IRQHandler   stm32f4xx_it.o
    0x0800729c   0x0800729c   0x0000000c   Code   RO         1076    i.TIM8_TRG_COM_TIM14_IRQHandler  stm32f4xx_it.o
    0x080072a8   0x080072a8   0x000000c8   Code   RO         3573    i.TIM_Base_SetConfig  stm32f4xx_hal_tim.o
    0x08007370   0x08007370   0x0000001a   Code   RO         3574    i.TIM_CCxChannelCmd  stm32f4xx_hal_tim.o
    0x0800738a   0x0800738a   0x00000014   Code   RO         3584    i.TIM_ETR_SetConfig  stm32f4xx_hal_tim.o
    0x0800739e   0x0800739e   0x00000010   Code   RO         3585    i.TIM_ITRx_SetConfig  stm32f4xx_hal_tim.o
    0x080073ae   0x080073ae   0x00000022   Code   RO         3591    i.TIM_TI1_ConfigInputStage  stm32f4xx_hal_tim.o
    0x080073d0   0x080073d0   0x00000080   Code   RO         3592    i.TIM_TI1_SetConfig  stm32f4xx_hal_tim.o
    0x08007450   0x08007450   0x00000024   Code   RO         3593    i.TIM_TI2_ConfigInputStage  stm32f4xx_hal_tim.o
    0x08007474   0x08007474   0x00000036   Code   RO         3594    i.TIM_TI2_SetConfig  stm32f4xx_hal_tim.o
    0x080074aa   0x080074aa   0x00000002   PAD
    0x080074ac   0x080074ac   0x00000250   Code   RO          350    i.TyreSpeed_Handle  freertos.o
    0x080076fc   0x080076fc   0x00000010   Code   RO         4493    i.UART_DMAAbortOnError  stm32f4xx_hal_uart.o
    0x0800770c   0x0800770c   0x0000004a   Code   RO         4494    i.UART_DMAError     stm32f4xx_hal_uart.o
    0x08007756   0x08007756   0x00000082   Code   RO         4495    i.UART_DMAReceiveCplt  stm32f4xx_hal_uart.o
    0x080077d8   0x080077d8   0x0000001a   Code   RO         4497    i.UART_DMARxHalfCplt  stm32f4xx_hal_uart.o
    0x080077f2   0x080077f2   0x0000004e   Code   RO         4503    i.UART_EndRxTransfer  stm32f4xx_hal_uart.o
    0x08007840   0x08007840   0x0000001c   Code   RO         4504    i.UART_EndTxTransfer  stm32f4xx_hal_uart.o
    0x0800785c   0x0800785c   0x000000c0   Code   RO         4505    i.UART_Receive_IT   stm32f4xx_hal_uart.o
    0x0800791c   0x0800791c   0x0000010c   Code   RO         4506    i.UART_SetConfig    stm32f4xx_hal_uart.o
    0x08007a28   0x08007a28   0x00000094   Code   RO         4507    i.UART_Start_Receive_DMA  stm32f4xx_hal_uart.o
    0x08007abc   0x08007abc   0x0000003a   Code   RO         4508    i.UART_Start_Receive_IT  stm32f4xx_hal_uart.o
    0x08007af6   0x08007af6   0x00000078   Code   RO         4509    i.UART_WaitOnFlagUntilTimeout  stm32f4xx_hal_uart.o
    0x08007b6e   0x08007b6e   0x00000002   PAD
    0x08007b70   0x08007b70   0x000000c0   Code   RO         1077    i.USART2_IRQHandler  stm32f4xx_it.o
    0x08007c30   0x08007c30   0x0000000c   Code   RO         1078    i.USART3_IRQHandler  stm32f4xx_it.o
    0x08007c3c   0x08007c3c   0x00000064   Code   RO         7596    i.Ublox_Cfg_Ack_Check  gps.o
    0x08007ca0   0x08007ca0   0x00000064   Code   RO         7597    i.Ublox_Cfg_Cfg_Save  gps.o
    0x08007d04   0x08007d04   0x00000048   Code   RO         7600    i.Ublox_Cfg_Rate    gps.o
    0x08007d4c   0x08007d4c   0x00000054   Code   RO         7601    i.Ublox_Cfg_Tp      gps.o
    0x08007da0   0x08007da0   0x00000022   Code   RO         7602    i.Ublox_CheckSum    gps.o
    0x08007dc2   0x08007dc2   0x00000002   PAD
    0x08007dc4   0x08007dc4   0x00000010   Code   RO         7603    i.Ublox_Send_Date   gps.o
    0x08007dd4   0x08007dd4   0x00000002   Code   RO         1079    i.UsageFault_Handler  stm32f4xx_it.o
    0x08007dd6   0x08007dd6   0x00000002   PAD
    0x08007dd8   0x08007dd8   0x00000038   Code   RO         7162    i.WitCanDataIn      wit_c_sdk.o
    0x08007e10   0x08007e10   0x00000014   Code   RO         7163    i.WitCanWriteRegister  wit_c_sdk.o
    0x08007e24   0x08007e24   0x00000014   Code   RO         7165    i.WitDelayMsRegister  wit_c_sdk.o
    0x08007e38   0x08007e38   0x0000001c   Code   RO         7167    i.WitInit           wit_c_sdk.o
    0x08007e54   0x08007e54   0x00000014   Code   RO         7169    i.WitRegisterCallBack  wit_c_sdk.o
    0x08007e68   0x08007e68   0x0000003c   Code   RO         7177    i.WitStartAccCali   wit_c_sdk.o
    0x08007ea4   0x08007ea4   0x0000003c   Code   RO         7178    i.WitStartMagCali   wit_c_sdk.o
    0x08007ee0   0x08007ee0   0x0000003c   Code   RO         7180    i.WitStopMagCali    wit_c_sdk.o
    0x08007f1c   0x08007f1c   0x000000e8   Code   RO         7181    i.WitWriteReg       wit_c_sdk.o
    0x08008004   0x08008004   0x00000068   Code   RO           16    i.Wit_Can_Send_Msg  main.o
    0x0800806c   0x0800806c   0x0000017c   Code   RO          351    i.Wit_Dat_Handle    freertos.o
    0x080081e8   0x080081e8   0x00000004   Code   RO         7182    i.Wit_Delayms       wit_c_sdk.o
    0x080081ec   0x080081ec   0x00000020   Code   RO         7979    i.__0printf         mc_w.l(printfa.o)
    0x0800820c   0x0800820c   0x00000028   Code   RO         7981    i.__0sprintf        mc_w.l(printfa.o)
    0x08008234   0x08008234   0x0000002c   Code   RO         7183    i.__CRC16           wit_c_sdk.o
    0x08008260   0x08008260   0x00000020   Code   RO         2328    i.__NVIC_SetPriority  stm32f4xx_hal_cortex.o
    0x08008280   0x08008280   0x00000008   Code   RO         8042    i.__aeabi_errno_addr  mc_w.l(errno.o)
    0x08008288   0x08008288   0x0000000e   Code   RO         8098    i.__scatterload_copy  mc_w.l(handlers.o)
    0x08008296   0x08008296   0x00000002   Code   RO         8099    i.__scatterload_null  mc_w.l(handlers.o)
    0x08008298   0x08008298   0x0000000e   Code   RO         8100    i.__scatterload_zeroinit  mc_w.l(handlers.o)
    0x080082a6   0x080082a6   0x00000002   PAD
    0x080082a8   0x080082a8   0x00000184   Code   RO         7986    i._fp_digits        mc_w.l(printfa.o)
    0x0800842c   0x0800842c   0x000006b4   Code   RO         7987    i._printf_core      mc_w.l(printfa.o)
    0x08008ae0   0x08008ae0   0x00000024   Code   RO         7988    i._printf_post_padding  mc_w.l(printfa.o)
    0x08008b04   0x08008b04   0x0000002e   Code   RO         7989    i._printf_pre_padding  mc_w.l(printfa.o)
    0x08008b32   0x08008b32   0x0000000a   Code   RO         7991    i._sputc            mc_w.l(printfa.o)
    0x08008b3c   0x08008b3c   0x00000070   Code   RO         4901    i.check_fs          ff.o
    0x08008bac   0x08008bac   0x00000020   Code   RO         4904    i.clear_lock        ff.o
    0x08008bcc   0x08008bcc   0x00000028   Code   RO         4846    i.disk_initialize   diskio.o
    0x08008bf4   0x08008bf4   0x0000001c   Code   RO         4847    i.disk_ioctl        diskio.o
    0x08008c10   0x08008c10   0x0000001c   Code   RO         4848    i.disk_read         diskio.o
    0x08008c2c   0x08008c2c   0x00000018   Code   RO         4849    i.disk_status       diskio.o
    0x08008c44   0x08008c44   0x0000001c   Code   RO         4850    i.disk_write        diskio.o
    0x08008c60   0x08008c60   0x0000006c   Code   RO         7481    i.dtu_config_init   atk_m750.o
    0x08008ccc   0x08008ccc   0x00000054   Code   RO         7482    i.dtu_config_work_param  atk_m750.o
    0x08008d20   0x08008d20   0x00000034   Code   RO         7483    i.dtu_enter_configmode  atk_m750.o
    0x08008d54   0x08008d54   0x00000028   Code   RO         7484    i.dtu_enter_transfermode  atk_m750.o
    0x08008d7c   0x08008d7c   0x0000054c   Code   RO         4923    i.f_mkfs            ff.o
    0x080092c8   0x080092c8   0x0000007c   Code   RO         4924    i.f_mount           ff.o
    0x08009344   0x08009344   0x00000018   Code   RO         5322    i.ff_cre_syncobj    syscall.o
    0x0800935c   0x0800935c   0x0000000a   Code   RO         5323    i.ff_del_syncobj    syscall.o
    0x08009366   0x08009366   0x00000004   Code   RO         5324    i.ff_rel_grant      syscall.o
    0x0800936a   0x0800936a   0x00000014   Code   RO         5325    i.ff_req_grant      syscall.o
    0x0800937e   0x0800937e   0x00000002   PAD
    0x08009380   0x08009380   0x00000260   Code   RO         4938    i.find_volume       ff.o
    0x080095e0   0x080095e0   0x00000018   Code   RO          992    i.fputc             usart.o
    0x080095f8   0x080095f8   0x00000004   Code   RO          812    i.get_fattime       fatfs.o
    0x080095fc   0x080095fc   0x0000003c   Code   RO         4943    i.get_ldnumber      ff.o
    0x08009638   0x08009638   0x00000016   Code   RO         4946    i.ld_dword          ff.o
    0x0800964e   0x0800964e   0x0000000a   Code   RO         4947    i.ld_word           ff.o
    0x08009658   0x08009658   0x00000014   Code   RO         4948    i.lock_fs           ff.o
    0x0800966c   0x0800966c   0x000001cc   Code   RO           17    i.main              main.o
    0x08009838   0x08009838   0x00000012   Code   RO         4949    i.mem_cpy           ff.o
    0x0800984a   0x0800984a   0x00000002   PAD
    0x0800984c   0x0800984c   0x0000000e   Code   RO         4950    i.mem_set           ff.o
    0x0800985a   0x0800985a   0x00000032   Code   RO         4951    i.move_window       ff.o
    0x0800988c   0x0800988c   0x00000058   Code   RO         7354    i.my_mem_free       malloc.o
    0x080098e4   0x080098e4   0x0000003c   Code   RO         7355    i.my_mem_init       malloc.o
    0x08009920   0x08009920   0x00000090   Code   RO         7356    i.my_mem_malloc     malloc.o
    0x080099b0   0x080099b0   0x00000038   Code   RO         7357    i.my_mem_perused    malloc.o
    0x080099e8   0x080099e8   0x00000018   Code   RO         7358    i.myfree            malloc.o
    0x08009a00   0x08009a00   0x00000020   Code   RO         7359    i.mymalloc          malloc.o
    0x08009a20   0x08009a20   0x0000000e   Code   RO         7361    i.mymemset          malloc.o
    0x08009a2e   0x08009a2e   0x0000001a   Code   RO         6514    i.osDelay           cmsis_os2.o
    0x08009a48   0x08009a48   0x0000003e   Code   RO         6516    i.osEventFlagsClear  cmsis_os2.o
    0x08009a86   0x08009a86   0x00000016   Code   RO         6518    i.osEventFlagsGet   cmsis_os2.o
    0x08009a9c   0x08009a9c   0x0000002c   Code   RO         6519    i.osEventFlagsNew   cmsis_os2.o
    0x08009ac8   0x08009ac8   0x00000054   Code   RO         6520    i.osEventFlagsSet   cmsis_os2.o
    0x08009b1c   0x08009b1c   0x00000062   Code   RO         6521    i.osEventFlagsWait  cmsis_os2.o
    0x08009b7e   0x08009b7e   0x00000002   PAD
    0x08009b80   0x08009b80   0x00000020   Code   RO         6523    i.osKernelGetState  cmsis_os2.o
    0x08009ba0   0x08009ba0   0x0000000e   Code   RO         6526    i.osKernelGetTickCount  cmsis_os2.o
    0x08009bae   0x08009bae   0x00000002   PAD
    0x08009bb0   0x08009bb0   0x00000024   Code   RO         6528    i.osKernelInitialize  cmsis_os2.o
    0x08009bd4   0x08009bd4   0x0000002a   Code   RO         6529    i.osKernelLock      cmsis_os2.o
    0x08009bfe   0x08009bfe   0x00000002   PAD
    0x08009c00   0x08009c00   0x00000038   Code   RO         6531    i.osKernelStart     cmsis_os2.o
    0x08009c38   0x08009c38   0x0000003a   Code   RO         6532    i.osKernelUnlock    cmsis_os2.o
    0x08009c72   0x08009c72   0x00000002   PAD
    0x08009c74   0x08009c74   0x00000064   Code   RO         6543    i.osMessageQueueGet  cmsis_os2.o
    0x08009cd8   0x08009cd8   0x00000058   Code   RO         6548    i.osMessageQueueNew  cmsis_os2.o
    0x08009d30   0x08009d30   0x00000068   Code   RO         6549    i.osMessageQueuePut  cmsis_os2.o
    0x08009d98   0x08009d98   0x0000005c   Code   RO         6556    i.osSemaphoreAcquire  cmsis_os2.o
    0x08009df4   0x08009df4   0x0000002a   Code   RO         6557    i.osSemaphoreDelete  cmsis_os2.o
    0x08009e1e   0x08009e1e   0x00000098   Code   RO         6559    i.osSemaphoreNew    cmsis_os2.o
    0x08009eb6   0x08009eb6   0x00000002   PAD
    0x08009eb8   0x08009eb8   0x00000058   Code   RO         6560    i.osSemaphoreRelease  cmsis_os2.o
    0x08009f10   0x08009f10   0x0000008a   Code   RO         6573    i.osThreadNew       cmsis_os2.o
    0x08009f9a   0x08009f9a   0x00000002   PAD
    0x08009f9c   0x08009f9c   0x0000005c   Code   RO         5973    i.prvAddCurrentTaskToDelayedList  tasks.o
    0x08009ff8   0x08009ff8   0x000000d0   Code   RO         5974    i.prvAddNewTaskToReadyList  tasks.o
    0x0800a0c8   0x0800a0c8   0x00000058   Code   RO         6338    i.prvCheckForValidListAndQueue  timers.o
    0x0800a120   0x0800a120   0x00000026   Code   RO         5570    i.prvCopyDataFromQueue  queue.o
    0x0800a146   0x0800a146   0x0000006c   Code   RO         5571    i.prvCopyDataToQueue  queue.o
    0x0800a1b2   0x0800a1b2   0x00000034   Code   RO         5975    i.prvDeleteTCB      tasks.o
    0x0800a1e6   0x0800a1e6   0x00000002   PAD
    0x0800a1e8   0x0800a1e8   0x0000004c   Code   RO         7025    i.prvHeapInit       heap_4.o
    0x0800a234   0x0800a234   0x00000060   Code   RO         5976    i.prvIdleTask       tasks.o
    0x0800a294   0x0800a294   0x00000022   Code   RO         5573    i.prvInitialiseNewQueue  queue.o
    0x0800a2b6   0x0800a2b6   0x00000002   PAD
    0x0800a2b8   0x0800a2b8   0x000000b0   Code   RO         5977    i.prvInitialiseNewTask  tasks.o
    0x0800a368   0x0800a368   0x0000004c   Code   RO         7026    i.prvInsertBlockIntoFreeList  heap_4.o
    0x0800a3b4   0x0800a3b4   0x00000038   Code   RO         6340    i.prvInsertTimerInActiveList  timers.o
    0x0800a3ec   0x0800a3ec   0x0000001c   Code   RO         5574    i.prvIsQueueEmpty   queue.o
    0x0800a408   0x0800a408   0x000000fc   Code   RO         6341    i.prvProcessReceivedCommands  timers.o
    0x0800a504   0x0800a504   0x000000c0   Code   RO         6342    i.prvProcessTimerOrBlockTask  timers.o
    0x0800a5c4   0x0800a5c4   0x00000020   Code   RO         5979    i.prvResetNextTaskUnblockTime  tasks.o
    0x0800a5e4   0x0800a5e4   0x00000028   Code   RO         6343    i.prvSampleTimeNow  timers.o
    0x0800a60c   0x0800a60c   0x0000006c   Code   RO         6344    i.prvSwitchTimerLists  timers.o
    0x0800a678   0x0800a678   0x00000028   Code   RO         7081    i.prvTaskExitError  port.o
    0x0800a6a0   0x0800a6a0   0x00000014   Code   RO         5408    i.prvTestWaitCondition  event_groups.o
    0x0800a6b4   0x0800a6b4   0x00000024   Code   RO         6345    i.prvTimerTask      timers.o
    0x0800a6d8   0x0800a6d8   0x0000006a   Code   RO         5575    i.prvUnlockQueue    queue.o
    0x0800a742   0x0800a742   0x00000002   PAD
    0x0800a744   0x0800a744   0x000000dc   Code   RO         7027    i.pvPortMalloc      heap_4.o
    0x0800a820   0x0800a820   0x00000018   Code   RO         5982    i.pvTaskIncrementMutexHeldCount  tasks.o
    0x0800a838   0x0800a838   0x0000002c   Code   RO         7082    i.pxPortInitialiseStack  port.o
    0x0800a864   0x0800a864   0x000000a8   Code   RO         7492    i.send_cmd_to_dtu   atk_m750.o
    0x0800a90c   0x0800a90c   0x00000024   Code   RO         7493    i.send_data_to_dtu  atk_m750.o
    0x0800a930   0x0800a930   0x00000010   Code   RO         4958    i.st_dword          ff.o
    0x0800a940   0x0800a940   0x00000008   Code   RO         4959    i.st_word           ff.o
    0x0800a948   0x0800a948   0x00000052   Code   RO         4962    i.sync_window       ff.o
    0x0800a99a   0x0800a99a   0x00000018   Code   RO         4963    i.unlock_fs         ff.o
    0x0800a9b2   0x0800a9b2   0x00000026   Code   RO         5530    i.uxListRemove      list.o
    0x0800a9d8   0x0800a9d8   0x00000018   Code   RO         5991    i.uxTaskResetEventItemValue  tasks.o
    0x0800a9f0   0x0800a9f0   0x00000014   Code   RO         6585    i.vApplicationGetIdleTaskMemory  cmsis_os2.o
    0x0800aa04   0x0800aa04   0x00000018   Code   RO         6586    i.vApplicationGetTimerTaskMemory  cmsis_os2.o
    0x0800aa1c   0x0800aa1c   0x00000004   Code   RO         5410    i.vEventGroupClearBitsCallback  event_groups.o
    0x0800aa20   0x0800aa20   0x00000004   Code   RO         5412    i.vEventGroupSetBitsCallback  event_groups.o
    0x0800aa24   0x0800aa24   0x00000016   Code   RO         5531    i.vListInitialise   list.o
    0x0800aa3a   0x0800aa3a   0x00000006   Code   RO         5532    i.vListInitialiseItem  list.o
    0x0800aa40   0x0800aa40   0x00000030   Code   RO         5533    i.vListInsert       list.o
    0x0800aa70   0x0800aa70   0x00000018   Code   RO         5534    i.vListInsertEnd    list.o
    0x0800aa88   0x0800aa88   0x00000040   Code   RO         7084    i.vPortEnterCritical  port.o
    0x0800aac8   0x0800aac8   0x00000028   Code   RO         7085    i.vPortExitCritical  port.o
    0x0800aaf0   0x0800aaf0   0x00000064   Code   RO         7028    i.vPortFree         heap_4.o
    0x0800ab54   0x0800ab54   0x00000024   Code   RO         7086    i.vPortSetupTimerInterrupt  port.o
    0x0800ab78   0x0800ab78   0x00000054   Code   RO         7087    i.vPortValidateInterruptPriority  port.o
    0x0800abcc   0x0800abcc   0x00000028   Code   RO         5581    i.vQueueAddToRegistry  queue.o
    0x0800abf4   0x0800abf4   0x0000002e   Code   RO         5582    i.vQueueDelete      queue.o
    0x0800ac22   0x0800ac22   0x00000002   PAD
    0x0800ac24   0x0800ac24   0x00000028   Code   RO         5584    i.vQueueUnregisterQueue  queue.o
    0x0800ac4c   0x0800ac4c   0x00000044   Code   RO         5585    i.vQueueWaitForMessageRestricted  queue.o
    0x0800ac90   0x0800ac90   0x0000004c   Code   RO         5992    i.vTaskDelay        tasks.o
    0x0800acdc   0x0800acdc   0x00000090   Code   RO         5994    i.vTaskDelete       tasks.o
    0x0800ad6c   0x0800ad6c   0x00000010   Code   RO         5997    i.vTaskInternalSetTimeOutState  tasks.o
    0x0800ad7c   0x0800ad7c   0x0000000c   Code   RO         5998    i.vTaskMissedYield  tasks.o
    0x0800ad88   0x0800ad88   0x00000030   Code   RO         6000    i.vTaskPlaceOnEventList  tasks.o
    0x0800adb8   0x0800adb8   0x00000038   Code   RO         6001    i.vTaskPlaceOnEventListRestricted  tasks.o
    0x0800adf0   0x0800adf0   0x00000050   Code   RO         6002    i.vTaskPlaceOnUnorderedEventList  tasks.o
    0x0800ae40   0x0800ae40   0x00000090   Code   RO         6003    i.vTaskPriorityDisinheritAfterTimeout  tasks.o
    0x0800aed0   0x0800aed0   0x00000070   Code   RO         6005    i.vTaskRemoveFromUnorderedEventList  tasks.o
    0x0800af40   0x0800af40   0x00000088   Code   RO         6009    i.vTaskStartScheduler  tasks.o
    0x0800afc8   0x0800afc8   0x00000010   Code   RO         6011    i.vTaskSuspendAll   tasks.o
    0x0800afd8   0x0800afd8   0x00000064   Code   RO         6012    i.vTaskSwitchContext  tasks.o
    0x0800b03c   0x0800b03c   0x00000040   Code   RO         5414    i.xEventGroupClearBits  event_groups.o
    0x0800b07c   0x0800b07c   0x00000010   Code   RO         5415    i.xEventGroupClearBitsFromISR  event_groups.o
    0x0800b08c   0x0800b08c   0x0000001c   Code   RO         5416    i.xEventGroupCreate  event_groups.o
    0x0800b0a8   0x0800b0a8   0x0000002c   Code   RO         5417    i.xEventGroupCreateStatic  event_groups.o
    0x0800b0d4   0x0800b0d4   0x0000001a   Code   RO         5418    i.xEventGroupGetBitsFromISR  event_groups.o
    0x0800b0ee   0x0800b0ee   0x0000008c   Code   RO         5419    i.xEventGroupSetBits  event_groups.o
    0x0800b17a   0x0800b17a   0x00000002   PAD
    0x0800b17c   0x0800b17c   0x00000010   Code   RO         5420    i.xEventGroupSetBitsFromISR  event_groups.o
    0x0800b18c   0x0800b18c   0x00000108   Code   RO         5422    i.xEventGroupWaitBits  event_groups.o
    0x0800b294   0x0800b294   0x000000f4   Code   RO         7088    i.xPortStartScheduler  port.o
    0x0800b388   0x0800b388   0x0000002c   Code   RO         7089    i.xPortSysTickHandler  port.o
    0x0800b3b4   0x0800b3b4   0x0000003a   Code   RO         5586    i.xQueueCreateCountingSemaphore  queue.o
    0x0800b3ee   0x0800b3ee   0x00000040   Code   RO         5587    i.xQueueCreateCountingSemaphoreStatic  queue.o
    0x0800b42e   0x0800b42e   0x00000042   Code   RO         5590    i.xQueueGenericCreate  queue.o
    0x0800b470   0x0800b470   0x00000066   Code   RO         5591    i.xQueueGenericCreateStatic  queue.o
    0x0800b4d6   0x0800b4d6   0x00000002   PAD
    0x0800b4d8   0x0800b4d8   0x00000088   Code   RO         5592    i.xQueueGenericReset  queue.o
    0x0800b560   0x0800b560   0x00000160   Code   RO         5593    i.xQueueGenericSend  queue.o
    0x0800b6c0   0x0800b6c0   0x000000be   Code   RO         5594    i.xQueueGenericSendFromISR  queue.o
    0x0800b77e   0x0800b77e   0x0000009c   Code   RO         5597    i.xQueueGiveFromISR  queue.o
    0x0800b81a   0x0800b81a   0x00000002   PAD
    0x0800b81c   0x0800b81c   0x00000138   Code   RO         5603    i.xQueueReceive     queue.o
    0x0800b954   0x0800b954   0x0000009a   Code   RO         5604    i.xQueueReceiveFromISR  queue.o
    0x0800b9ee   0x0800b9ee   0x00000002   PAD
    0x0800b9f0   0x0800b9f0   0x00000178   Code   RO         5605    i.xQueueSemaphoreTake  queue.o
    0x0800bb68   0x0800bb68   0x00000074   Code   RO         6014    i.xTaskCheckForTimeOut  tasks.o
    0x0800bbdc   0x0800bbdc   0x0000005a   Code   RO         6015    i.xTaskCreate       tasks.o
    0x0800bc36   0x0800bc36   0x00000056   Code   RO         6016    i.xTaskCreateStatic  tasks.o
    0x0800bc8c   0x0800bc8c   0x0000001c   Code   RO         6020    i.xTaskGetSchedulerState  tasks.o
    0x0800bca8   0x0800bca8   0x0000000c   Code   RO         6021    i.xTaskGetTickCount  tasks.o
    0x0800bcb4   0x0800bcb4   0x00000010   Code   RO         6022    i.xTaskGetTickCountFromISR  tasks.o
    0x0800bcc4   0x0800bcc4   0x000000c8   Code   RO         6023    i.xTaskIncrementTick  tasks.o
    0x0800bd8c   0x0800bd8c   0x00000080   Code   RO         6026    i.xTaskPriorityDisinherit  tasks.o
    0x0800be0c   0x0800be0c   0x00000078   Code   RO         6027    i.xTaskPriorityInherit  tasks.o
    0x0800be84   0x0800be84   0x00000070   Code   RO         6028    i.xTaskRemoveFromEventList  tasks.o
    0x0800bef4   0x0800bef4   0x000000c4   Code   RO         6029    i.xTaskResumeAll    tasks.o
    0x0800bfb8   0x0800bfb8   0x00000060   Code   RO         6354    i.xTimerCreateTimerTask  timers.o
    0x0800c018   0x0800c018   0x00000068   Code   RO         6355    i.xTimerGenericCommand  timers.o
    0x0800c080   0x0800c080   0x00000028   Code   RO         6361    i.xTimerPendFunctionCallFromISR  timers.o
    0x0800c0a8   0x0800c0a8   0x00000238   Data   RO          362    .constdata          freertos.o
    0x0800c2e0   0x0800c2e0   0x00000014   Data   RO          743    .constdata          sd_diskio.o
    0x0800c2f4   0x0800c2f4   0x00000008   Data   RO         2045    .constdata          stm32f4xx_hal_dma.o
    0x0800c2fc   0x0800c2fc   0x00000010   Data   RO         4810    .constdata          system_stm32f4xx.o
    0x0800c30c   0x0800c30c   0x00000008   Data   RO         4811    .constdata          system_stm32f4xx.o
    0x0800c314   0x0800c314   0x0000002a   Data   RO         4966    .constdata          ff.o
    0x0800c33e   0x0800c33e   0x00000200   Data   RO         7185    .constdata          wit_c_sdk.o
    0x0800c53e   0x0800c53e   0x00000002   PAD
    0x0800c540   0x0800c540   0x00000018   Data   RO         7367    .constdata          malloc.o
    0x0800c558   0x0800c558   0x0000027c   Data   RO         7496    .constdata          atk_m750.o
    0x0800c7d4   0x0800c7d4   0x00000081   Data   RO         8065    .constdata          mc_w.l(ctype_o.o)
    0x0800c855   0x0800c855   0x00000003   PAD
    0x0800c858   0x0800c858   0x00000004   Data   RO         8066    .constdata          mc_w.l(ctype_o.o)
    0x0800c85c   0x0800c85c   0x00000200   Data   RO          363    .conststring        freertos.o
    0x0800ca5c   0x0800ca5c   0x000007a8   Data   RO         7497    .conststring        atk_m750.o
    0x0800d204   0x0800d204   0x00000020   Data   RO         8096    Region$$Table       anon$$obj.o


    Execution Region RW_IRAM1 (Exec base: 0x20000000, Load base: 0x0800d224, Size: 0x00008b78, Max: 0x0001c000, ABSOLUTE, COMPRESSED[0x00000050])

    Exec Addr    Load Addr    Size         Type   Attr      Idx    E Section Name        Object

    0x20000000   COMPRESSED   0x00000009   Data   RW           22    .data               main.o
    0x20000009   COMPRESSED   0x00000003   PAD
    0x2000000c   COMPRESSED   0x00000298   Data   RW          365    .data               freertos.o
    0x200002a4   COMPRESSED   0x00000008   Data   RW          744    .data               sd_diskio.o
    0x200002ac   COMPRESSED   0x00000005   Data   RW          815    .data               fatfs.o
    0x200002b1   COMPRESSED   0x00000001   Data   RW          995    .data               usart.o
    0x200002b2   COMPRESSED   0x00000001   Data   RW         1080    .data               stm32f4xx_it.o
    0x200002b3   COMPRESSED   0x00000001   PAD
    0x200002b4   COMPRESSED   0x0000000c   Data   RW         2472    .data               stm32f4xx_hal.o
    0x200002c0   COMPRESSED   0x00000004   Data   RW         4812    .data               system_stm32f4xx.o
    0x200002c4   COMPRESSED   0x00000008   Data   RW         4967    .data               ff.o
    0x200002cc   COMPRESSED   0x0000003c   Data   RW         6032    .data               tasks.o
    0x20000308   COMPRESSED   0x00000014   Data   RW         6363    .data               timers.o
    0x2000031c   COMPRESSED   0x00000004   Data   RW         6588    .data               cmsis_os2.o
    0x20000320   COMPRESSED   0x00000020   Data   RW         7034    .data               heap_4.o
    0x20000340   COMPRESSED   0x0000000c   Data   RW         7090    .data               port.o
    0x2000034c   COMPRESSED   0x00000028   Data   RW         7186    .data               wit_c_sdk.o
    0x20000374   COMPRESSED   0x0000001c   Data   RW         7368    .data               malloc.o
    0x20000390   COMPRESSED   0x00000019   Data   RW         7605    .data               gps.o
    0x200003a9   COMPRESSED   0x00000003   PAD
    0x200003ac   COMPRESSED   0x00000004   Data   RW         8035    .data               mc_w.l(stdout.o)
    0x200003b0   COMPRESSED   0x00000004   Data   RW         8045    .data               mc_w.l(errno.o)
    0x200003b4        -       0x00000438   Zero   RW           19    .bss                main.o
    0x200007ec        -       0x00000139   Zero   RW          352    .bss                freertos.o
    0x20000925   COMPRESSED   0x00000003   PAD
    0x20000928        -       0x00000400   Zero   RW          354    .bss                freertos.o
    0x20000d28        -       0x0000005c   Zero   RW          355    .bss                freertos.o
    0x20000d84        -       0x00000050   Zero   RW          356    .bss                freertos.o
    0x20000dd4        -       0x00000050   Zero   RW          357    .bss                freertos.o
    0x20000e24        -       0x00000050   Zero   RW          358    .bss                freertos.o
    0x20000e74        -       0x00000020   Zero   RW          359    .bss                freertos.o
    0x20000e94        -       0x00000020   Zero   RW          360    .bss                freertos.o
    0x20000eb4        -       0x00000020   Zero   RW          361    .bss                freertos.o
    0x20000ed4        -       0x000000f0   Zero   RW          496    .bss                adc.o
    0x20000fc4        -       0x000001a0   Zero   RW          497    .bss                adc.o
    0x20001164        -       0x00000050   Zero   RW          550    .bss                can.o
    0x200011b4        -       0x0000000c   Zero   RW          850    .bss                iwdg.o
    0x200011c0        -       0x00000144   Zero   RW          882    .bss                sdio.o
    0x20001304        -       0x00000168   Zero   RW          928    .bss                tim.o
    0x2000146c        -       0x0000020c   Zero   RW          994    .bss                usart.o
    0x20001678        -       0x00000048   Zero   RW         1257    .bss                stm32f4xx_hal_timebase_tim.o
    0x200016c0        -       0x00000020   Zero   RW         4965    .bss                ff.o
    0x200016e0        -       0x0000000c   Zero   RW         5276    .bss                ff_gen_drv.o
    0x200016ec        -       0x00000040   Zero   RW         5607    .bss                queue.o
    0x2000172c        -       0x000004c4   Zero   RW         6031    .bss                tasks.o
    0x20001bf0        -       0x00000118   Zero   RW         6362    .bss                timers.o
    0x20001d08        -       0x000006b8   Zero   RW         6587    .bss                cmsis_os2.o
    0x200023c0        -       0x00003c00   Zero   RW         7033    .bss                heap_4.o
    0x20005fc0        -       0x00000220   Zero   RW         7184    .bss                wit_c_sdk.o
    0x200061e0        -       0x00001400   Zero   RW         7365    .bss                malloc.o
    0x200075e0        -       0x00000140   Zero   RW         7366    .bss                malloc.o
    0x20007720        -       0x00000600   Zero   RW         7494    .bss                atk_m750.o
    0x20007d20        -       0x00000a58   Zero   RW         7604    .bss                gps.o
    0x20008778        -       0x00000400   Zero   RW            1    STACK               startup_stm32f407xx.o


    Execution Region RW_IRAM2 (Exec base: 0x2001c000, Load base: 0x0800d274, Size: 0x00000000, Max: 0x00004000, ABSOLUTE)

    **** No section assigned to this execution region ****



  Load Region LR$$.ARM.__AT_0x68000000 (Base: 0x68000000, Size: 0x00000000, Max: 0x000f0000, ABSOLUTE)

    Execution Region ER$$.ARM.__AT_0x68000000 (Exec base: 0x68000000, Load base: 0x68000000, Size: 0x000f0000, Max: 0x000f0000, ABSOLUTE, UNINIT)

    Exec Addr    Load Addr    Size         Type   Attr      Idx    E Section Name        Object

    0x68000000        -       0x000f0000   Zero   RW         7363    .ARM.__AT_0x68000000  malloc.o



  Load Region LR$$.ARM.__AT_0x680F0000 (Base: 0x680f0000, Size: 0x00000000, Max: 0x0000f000, ABSOLUTE)

    Execution Region ER$$.ARM.__AT_0x680F0000 (Exec base: 0x680f0000, Load base: 0x680f0000, Size: 0x0000f000, Max: 0x0000f000, ABSOLUTE, UNINIT)

    Exec Addr    Load Addr    Size         Type   Attr      Idx    E Section Name        Object

    0x680f0000        -       0x0000f000   Zero   RW         7364    .ARM.__AT_0x680F0000  malloc.o


==============================================================================

Image component sizes


      Code (inc. data)   RO Data    RW Data    ZI Data      Debug   Object Name

       748         76          0          0        656       3521   adc.o
       488         78       2596          0       1536       7919   atk_m750.o
       180         22          0          0          0       5906   bsp_driver_sd.o
       248         22          0          0         80       1765   can.o
      1448         50          0          4       1720      80537   cmsis_os2.o
       148         22          0          0          0       3761   diskio.o
       140          4          0          0          0        838   dma.o
       626         12          0          0          0      30926   event_groups.o
        32         10          0          5          0       1484   fatfs.o
      2556        110         42          8         32      19191   ff.o
        70          6          0          0         12       1647   ff_gen_drv.o
      6188       1650       1080        664       1765      21055   freertos.o
        92          6          0          0          0        891   gpio.o
      1716         72          0         25       2648      12986   gps.o
       472         24          0         32      15360       4911   heap_4.o
        56          8          0          0         12        695   iwdg.o
       138          0          0          0          0       3590   list.o
      1068        338          0          9       1080     781948   main.o
       418         44         24         28    1049920       6472   malloc.o
       786         82          0         12          0      11561   port.o
      2474         28          0          0         64      26592   queue.o
       230          0          0          0          0       3941   ringbuffer.o
       488         34         20          8          0       6617   sd_diskio.o
       360         32          0          0        324       1847   sdio.o
        36          8        392          0       1024        840   startup_stm32f407xx.o
       116         18          0         12          0       8750   stm32f4xx_hal.o
      1878         96          0          0          0      10164   stm32f4xx_hal_adc.o
         2          0          0          0          0        993   stm32f4xx_hal_adc_ex.o
      1702          6          0          0          0      15121   stm32f4xx_hal_can.o
       158         14          0          0          0      33198   stm32f4xx_hal_cortex.o
      1088         16          8          0          0       7985   stm32f4xx_hal_dma.o
       516         46          0          0          0       2867   stm32f4xx_hal_gpio.o
        90          0          0          0          0       1304   stm32f4xx_hal_iwdg.o
        76          6          0          0          0        862   stm32f4xx_hal_msp.o
      1412         86          0          0          0       5929   stm32f4xx_hal_rcc.o
      3000         70          0          0          0      16703   stm32f4xx_hal_sd.o
      2108        128          0          0          0      16205   stm32f4xx_hal_tim.o
       148         28          0          0          0       2473   stm32f4xx_hal_tim_ex.o
       140         20          0          0         72       1423   stm32f4xx_hal_timebase_tim.o
      2270         30          0          0          0      17078   stm32f4xx_hal_uart.o
       460        180          0          1          0      13346   stm32f4xx_it.o
      1668         48          0          0          0      23755   stm32f4xx_ll_sdmmc.o
         0          0          0          0          0        424   stream_buffer.o
        58          0          0          0          0       3356   syscall.o
        16          4         24          4          0       1119   system_stm32f4xx.o
      2748        228          0         60       1220      33719   tasks.o
       976         68          0          0        360       4760   tim.o
      1012         86          0         20        280      33099   timers.o
       668         80          0          1        524       3987   usart.o
       964        124        512         40        544      11687   wit_c_sdk.o

    ----------------------------------------------------------------------
     44572       4120       4732        940    1079236    1311748   Object Totals
         0          0         32          0          0          0   (incl. Generated)
        92          0          2          7          3          0   (incl. Padding)

    ----------------------------------------------------------------------

      Code (inc. data)   RO Data    RW Data    ZI Data      Debug   Library Member Name

        86          0          0          0          0          0   __dczerorl2.o
        28          0          0          0          0         68   _chval.o
       158          0          0          0          0         92   _strtoul.o
        26          0          0          0          0         80   atoi.o
         8          4        133          0          0         68   ctype_o.o
         0          0          0          0          0          0   entry.o
         0          0          0          0          0          0   entry10a.o
         0          0          0          0          0          0   entry11a.o
         4          0          0          0          0          0   entry12b.o
         8          4          0          0          0          0   entry2.o
         4          0          0          0          0          0   entry5.o
         0          0          0          0          0          0   entry7b.o
         0          0          0          0          0          0   entry8b.o
         8          4          0          0          0          0   entry9a.o
         8          4          0          4          0         68   errno.o
        30          0          0          0          0          0   handlers.o
        36          8          0          0          0         68   init.o
         0          0          0          0          0          0   iusefp.o
        30          0          0          0          0         68   llshl.o
        36          0          0          0          0         68   llsshr.o
        32          0          0          0          0         68   llushr.o
        36          0          0          0          0         68   memcpya.o
        36          0          0          0          0        108   memseta.o
      2268         96          0          0          0        616   printfa.o
         0          0          0          4          0          0   stdout.o
        28          0          0          0          0         76   strcmp.o
        14          0          0          0          0         68   strlen.o
        36          0          0          0          0         80   strstr.o
       112          0          0          0          0         88   strtol.o
        44          0          0          0          0         80   uidiv.o
        98          0          0          0          0         92   uldiv.o
        48          0          0          0          0         68   cdrcmple.o
       334          0          0          0          0        148   dadd.o
       222          0          0          0          0        100   ddiv.o
       186          0          0          0          0        176   depilogue.o
        50          0          0          0          0         76   dfixui.o
        48          0          0          0          0         68   dfixul.o
        26          0          0          0          0         76   dfltui.o
       228          0          0          0          0         96   dmul.o
        38          0          0          0          0         68   f2d.o

    ----------------------------------------------------------------------
      4356        120        136          8          0       2800   Library Totals
         2          0          3          0          0          0   (incl. Padding)

    ----------------------------------------------------------------------

      Code (inc. data)   RO Data    RW Data    ZI Data      Debug   Library Name

      3174        120        133          8          0       1924   mc_w.l
      1180          0          0          0          0        876   mf_w.l

    ----------------------------------------------------------------------
      4356        120        136          8          0       2800   Library Totals

    ----------------------------------------------------------------------

==============================================================================


      Code (inc. data)   RO Data    RW Data    ZI Data      Debug   

     48928       4240       4868        948    1079236    1270924   Grand Totals
     48928       4240       4868         80    1079236    1270924   ELF Image Totals (compressed)
     48928       4240       4868         80          0          0   ROM Totals

==============================================================================

    Total RO  Size (Code + RO Data)                53796 (  52.54kB)
    Total RW  Size (RW Data + ZI Data)           1080184 (1054.87kB)
    Total ROM Size (Code + RO Data + RW Data)      53876 (  52.61kB)

==============================================================================

