Component: ARM Compiler 5.06 update 7 (build 960) Tool: armlink [4d3601]

==============================================================================

Section Cross References

    startup_stm32f407xx.o(RESET) refers to startup_stm32f407xx.o(STACK) for __initial_sp
    startup_stm32f407xx.o(RESET) refers to startup_stm32f407xx.o(.text) for Reset_Handler
    startup_stm32f407xx.o(RESET) refers to stm32f4xx_it.o(i.NMI_Handler) for NMI_Handler
    startup_stm32f407xx.o(RESET) refers to stm32f4xx_it.o(i.HardFault_Handler) for HardFault_Handler
    startup_stm32f407xx.o(RESET) refers to stm32f4xx_it.o(i.MemManage_Handler) for MemManage_Handler
    startup_stm32f407xx.o(RESET) refers to stm32f4xx_it.o(i.BusFault_Handler) for BusFault_Handler
    startup_stm32f407xx.o(RESET) refers to stm32f4xx_it.o(i.UsageFault_Handler) for UsageFault_Handler
    startup_stm32f407xx.o(RESET) refers to port.o(.emb_text) for SVC_Handler
    startup_stm32f407xx.o(RESET) refers to stm32f4xx_it.o(i.DebugMon_Handler) for DebugMon_Handler
    startup_stm32f407xx.o(RESET) refers to cmsis_os2.o(i.SysTick_Handler) for SysTick_Handler
    startup_stm32f407xx.o(RESET) refers to stm32f4xx_it.o(i.DMA1_Stream5_IRQHandler) for DMA1_Stream5_IRQHandler
    startup_stm32f407xx.o(RESET) refers to stm32f4xx_it.o(i.ADC_IRQHandler) for ADC_IRQHandler
    startup_stm32f407xx.o(RESET) refers to stm32f4xx_it.o(i.CAN1_TX_IRQHandler) for CAN1_TX_IRQHandler
    startup_stm32f407xx.o(RESET) refers to stm32f4xx_it.o(i.CAN1_RX0_IRQHandler) for CAN1_RX0_IRQHandler
    startup_stm32f407xx.o(RESET) refers to stm32f4xx_it.o(i.TIM1_UP_TIM10_IRQHandler) for TIM1_UP_TIM10_IRQHandler
    startup_stm32f407xx.o(RESET) refers to stm32f4xx_it.o(i.TIM2_IRQHandler) for TIM2_IRQHandler
    startup_stm32f407xx.o(RESET) refers to stm32f4xx_it.o(i.TIM3_IRQHandler) for TIM3_IRQHandler
    startup_stm32f407xx.o(RESET) refers to stm32f4xx_it.o(i.USART2_IRQHandler) for USART2_IRQHandler
    startup_stm32f407xx.o(RESET) refers to stm32f4xx_it.o(i.USART3_IRQHandler) for USART3_IRQHandler
    startup_stm32f407xx.o(RESET) refers to stm32f4xx_it.o(i.TIM8_TRG_COM_TIM14_IRQHandler) for TIM8_TRG_COM_TIM14_IRQHandler
    startup_stm32f407xx.o(RESET) refers to stm32f4xx_it.o(i.SDIO_IRQHandler) for SDIO_IRQHandler
    startup_stm32f407xx.o(RESET) refers to stm32f4xx_it.o(i.TIM5_IRQHandler) for TIM5_IRQHandler
    startup_stm32f407xx.o(RESET) refers to stm32f4xx_it.o(i.TIM7_IRQHandler) for TIM7_IRQHandler
    startup_stm32f407xx.o(RESET) refers to stm32f4xx_it.o(i.DMA2_Stream0_IRQHandler) for DMA2_Stream0_IRQHandler
    startup_stm32f407xx.o(RESET) refers to stm32f4xx_it.o(i.DMA2_Stream2_IRQHandler) for DMA2_Stream2_IRQHandler
    startup_stm32f407xx.o(RESET) refers to stm32f4xx_it.o(i.DMA2_Stream3_IRQHandler) for DMA2_Stream3_IRQHandler
    startup_stm32f407xx.o(RESET) refers to stm32f4xx_it.o(i.DMA2_Stream6_IRQHandler) for DMA2_Stream6_IRQHandler
    startup_stm32f407xx.o(RESET) refers to stm32f4xx_it.o(i.DMA2_Stream7_IRQHandler) for DMA2_Stream7_IRQHandler
    startup_stm32f407xx.o(RESET) refers to stm32f4xx_it.o(i.FPU_IRQHandler) for FPU_IRQHandler
    startup_stm32f407xx.o(.text) refers to system_stm32f4xx.o(i.SystemInit) for SystemInit
    startup_stm32f407xx.o(.text) refers to entry.o(.ARM.Collect$$$$00000000) for __main
    main.o(i.Error_Handler) refers to printfa.o(i.__0printf) for __2printf
    main.o(i.HAL_TIM_PeriodElapsedCallback) refers to stm32f4xx_hal.o(i.HAL_IncTick) for HAL_IncTick
    main.o(i.HAL_TIM_PeriodElapsedCallback) refers to freertos.o(.bss) for mtspeed1
    main.o(i.HAL_TIM_PeriodElapsedCallback) refers to main.o(.data) for .data
    main.o(i.HAL_TIM_PeriodElapsedCallback) refers to freertos.o(.data) for USART3_RX_STA
    main.o(i.HAL_TIM_PeriodElapsedCallback) refers to tim.o(.bss) for htim7
    main.o(i.SystemClock_Config) refers to memseta.o(.text) for __aeabi_memclr4
    main.o(i.SystemClock_Config) refers to stm32f4xx_hal_rcc.o(i.HAL_RCC_OscConfig) for HAL_RCC_OscConfig
    main.o(i.SystemClock_Config) refers to stm32f4xx_hal_rcc.o(i.HAL_RCC_ClockConfig) for HAL_RCC_ClockConfig
    main.o(i.SystemClock_Config) refers to main.o(i.Error_Handler) for Error_Handler
    main.o(i.Wit_Can_Send_Msg) refers to stm32f4xx_hal_can.o(i.HAL_CAN_GetTxMailboxesFreeLevel) for HAL_CAN_GetTxMailboxesFreeLevel
    main.o(i.Wit_Can_Send_Msg) refers to stm32f4xx_hal_can.o(i.HAL_CAN_AddTxMessage) for HAL_CAN_AddTxMessage
    main.o(i.Wit_Can_Send_Msg) refers to printfa.o(i.__0printf) for __2printf
    main.o(i.Wit_Can_Send_Msg) refers to main.o(.data) for .data
    main.o(i.Wit_Can_Send_Msg) refers to can.o(.bss) for hcan1
    main.o(i.main) refers to stm32f4xx_hal.o(i.HAL_Init) for HAL_Init
    main.o(i.main) refers to main.o(i.SystemClock_Config) for SystemClock_Config
    main.o(i.main) refers to gpio.o(i.MX_GPIO_Init) for MX_GPIO_Init
    main.o(i.main) refers to dma.o(i.MX_DMA_Init) for MX_DMA_Init
    main.o(i.main) refers to can.o(i.MX_CAN1_Init) for MX_CAN1_Init
[...]
    vEventGroupClearBitsCallback             0x0800c8b1   Thumb Code     4  event_groups.o(i.vEventGroupClearBitsCallback)
    vEventGroupSetBitsCallback               0x0800c8b5   Thumb Code     4  event_groups.o(i.vEventGroupSetBitsCallback)
    vListInitialise                          0x0800c8b9   Thumb Code    22  list.o(i.vListInitialise)
    vListInitialiseItem                      0x0800c8cf   Thumb Code     6  list.o(i.vListInitialiseItem)
    vListInsert                              0x0800c8d5   Thumb Code    48  list.o(i.vListInsert)
    vListInsertEnd                           0x0800c905   Thumb Code    24  list.o(i.vListInsertEnd)
    vPortEnterCritical                       0x0800c91d   Thumb Code    54  port.o(i.vPortEnterCritical)
    vPortExitCritical                        0x0800c95d   Thumb Code    34  port.o(i.vPortExitCritical)
    vPortFree                                0x0800c985   Thumb Code    94  heap_4.o(i.vPortFree)
    vPortSetupTimerInterrupt                 0x0800c9e9   Thumb Code    32  port.o(i.vPortSetupTimerInterrupt)
    vPortValidateInterruptPriority           0x0800ca0d   Thumb Code    74  port.o(i.vPortValidateInterruptPriority)
    vQueueAddToRegistry                      0x0800ca61   Thumb Code    34  queue.o(i.vQueueAddToRegistry)
    vQueueDelete                             0x0800ca89   Thumb Code    46  queue.o(i.vQueueDelete)
    vQueueUnregisterQueue                    0x0800cab9   Thumb Code    36  queue.o(i.vQueueUnregisterQueue)
    vQueueWaitForMessageRestricted           0x0800cae1   Thumb Code    68  queue.o(i.vQueueWaitForMessageRestricted)
    vTaskDelay                               0x0800cb25   Thumb Code    66  tasks.o(i.vTaskDelay)
    vTaskDelete                              0x0800cb71   Thumb Code   130  tasks.o(i.vTaskDelete)
    vTaskInternalSetTimeOutState             0x0800cc01   Thumb Code    12  tasks.o(i.vTaskInternalSetTimeOutState)
    vTaskMissedYield                         0x0800cc11   Thumb Code     8  tasks.o(i.vTaskMissedYield)
    vTaskPlaceOnEventList                    0x0800cc1d   Thumb Code    44  tasks.o(i.vTaskPlaceOnEventList)
    vTaskPlaceOnEventListRestricted          0x0800cc4d   Thumb Code    52  tasks.o(i.vTaskPlaceOnEventListRestricted)
    vTaskPlaceOnUnorderedEventList           0x0800cc85   Thumb Code    76  tasks.o(i.vTaskPlaceOnUnorderedEventList)
    vTaskPriorityDisinheritAfterTimeout      0x0800ccd5   Thumb Code   134  tasks.o(i.vTaskPriorityDisinheritAfterTimeout)
    vTaskRemoveFromUnorderedEventList        0x0800cd65   Thumb Code   102  tasks.o(i.vTaskRemoveFromUnorderedEventList)
    vTaskStartScheduler                      0x0800cdd5   Thumb Code   118  tasks.o(i.vTaskStartScheduler)
    vTaskSuspendAll                          0x0800ce5d   Thumb Code    10  tasks.o(i.vTaskSuspendAll)
    vTaskSwitchContext                       0x0800ce6d   Thumb Code    90  tasks.o(i.vTaskSwitchContext)
    xEventGroupClearBits                     0x0800cf19   Thumb Code    64  event_groups.o(i.xEventGroupClearBits)
    xEventGroupClearBitsFromISR              0x0800cf59   Thumb Code    12  event_groups.o(i.xEventGroupClearBitsFromISR)
    xEventGroupCreate                        0x0800cf69   Thumb Code    28  event_groups.o(i.xEventGroupCreate)
    xEventGroupCreateStatic                  0x0800cf85   Thumb Code    44  event_groups.o(i.xEventGroupCreateStatic)
    xEventGroupGetBitsFromISR                0x0800cfb1   Thumb Code    26  event_groups.o(i.xEventGroupGetBitsFromISR)
    xEventGroupSetBits                       0x0800cfcb   Thumb Code   140  event_groups.o(i.xEventGroupSetBits)
    xEventGroupSetBitsFromISR                0x0800d059   Thumb Code    12  event_groups.o(i.xEventGroupSetBitsFromISR)
    xEventGroupWaitBits                      0x0800d069   Thumb Code   260  event_groups.o(i.xEventGroupWaitBits)
    xPortStartScheduler                      0x0800d171   Thumb Code   222  port.o(i.xPortStartScheduler)
    xPortSysTickHandler                      0x0800d265   Thumb Code    38  port.o(i.xPortSysTickHandler)
    xQueueCreateCountingSemaphore            0x0800d291   Thumb Code    58  queue.o(i.xQueueCreateCountingSemaphore)
    xQueueCreateCountingSemaphoreStatic      0x0800d2cb   Thumb Code    64  queue.o(i.xQueueCreateCountingSemaphoreStatic)
    xQueueGenericCreate                      0x0800d30b   Thumb Code    66  queue.o(i.xQueueGenericCreate)
    xQueueGenericCreateStatic                0x0800d34d   Thumb Code   102  queue.o(i.xQueueGenericCreateStatic)
    xQueueGenericReset                       0x0800d3b5   Thumb Code   132  queue.o(i.xQueueGenericReset)
    xQueueGenericSend                        0x0800d43d   Thumb Code   346  queue.o(i.xQueueGenericSend)
    xQueueGenericSendFromISR                 0x0800d59d   Thumb Code   190  queue.o(i.xQueueGenericSendFromISR)
    xQueueGiveFromISR                        0x0800d65b   Thumb Code   156  queue.o(i.xQueueGiveFromISR)
    xQueueReceive                            0x0800d6f9   Thumb Code   308  queue.o(i.xQueueReceive)
    xQueueReceiveFromISR                     0x0800d831   Thumb Code   154  queue.o(i.xQueueReceiveFromISR)
    xQueueSemaphoreTake                      0x0800d8cd   Thumb Code   372  queue.o(i.xQueueSemaphoreTake)
    xTaskCheckForTimeOut                     0x0800da45   Thumb Code   112  tasks.o(i.xTaskCheckForTimeOut)
    xTaskCreate                              0x0800dab9   Thumb Code    90  tasks.o(i.xTaskCreate)
    xTaskCreateStatic                        0x0800db13   Thumb Code    86  tasks.o(i.xTaskCreateStatic)
    xTaskGetSchedulerState                   0x0800db69   Thumb Code    22  tasks.o(i.xTaskGetSchedulerState)
    xTaskGetTickCount                        0x0800db85   Thumb Code     6  tasks.o(i.xTaskGetTickCount)
    xTaskGetTickCountFromISR                 0x0800db91   Thumb Code    12  tasks.o(i.xTaskGetTickCountFromISR)
    xTaskIncrementTick                       0x0800dba1   Thumb Code   192  tasks.o(i.xTaskIncrementTick)
    xTaskPriorityDisinherit                  0x0800dc69   Thumb Code   118  tasks.o(i.xTaskPriorityDisinherit)
    xTaskPriorityInherit                     0x0800dce9   Thumb Code   112  tasks.o(i.xTaskPriorityInherit)
    xTaskRemoveFromEventList                 0x0800dd61   Thumb Code    98  tasks.o(i.xTaskRemoveFromEventList)
    xTaskResumeAll                           0x0800ddd1   Thumb Code   182  tasks.o(i.xTaskResumeAll)
    xTimerCreateTimerTask                    0x0800de95   Thumb Code    78  timers.o(i.xTimerCreateTimerTask)
    xTimerGenericCommand                     0x0800def5   Thumb Code    98  timers.o(i.xTimerGenericCommand)
    xTimerPendFunctionCallFromISR            0x0800df5d   Thumb Code    34  timers.o(i.xTimerPendFunctionCallFromISR)
    ONENET_COM_OFF                           0x0800df84   Data           7  freertos.o(.constdata)
    ONENET_COM_ON                            0x0800df8b   Data           7  freertos.o(.constdata)
    Wit_dat_Task_attributes                  0x0800df94   Data          36  freertos.o(.constdata)
    Can_Rx_Task_attributes                   0x0800dfb8   Data          36  freertos.o(.constdata)
    RB_Read_Task_attributes                  0x0800dfdc   Data          36  freertos.o(.constdata)
    OilDisplay_Task_attributes               0x0800e000   Data          36  freertos.o(.constdata)
    DTU_Init_Task_attributes                 0x0800e024   Data          36  freertos.o(.constdata)
    Signal_4G_Task_attributes                0x0800e048   Data          36  freertos.o(.constdata)
    GPS_Init_Task_attributes                 0x0800e06c   Data          36  freertos.o(.constdata)
    GPS_Get_Task_attributes                  0x0800e090   Data          36  freertos.o(.constdata)
    IWDG_Task_attributes                     0x0800e0b4   Data          36  freertos.o(.constdata)
    Otheradc_task_attributes                 0x0800e0d8   Data          36  freertos.o(.constdata)
    CantxTask_attributes                     0x0800e0fc   Data          36  freertos.o(.constdata)
    TyreSpeedTask_attributes                 0x0800e120   Data          36  freertos.o(.constdata)
    SD_Init_task_attributes                  0x0800e144   Data          36  freertos.o(.constdata)
    UsartQueue_attributes                    0x0800e168   Data          24  freertos.o(.constdata)
    CanBinarySem_attributes                  0x0800e180   Data          16  freertos.o(.constdata)
    Onenet_tx_BinarySem_attributes           0x0800e190   Data          16  freertos.o(.constdata)
    TyreBinarySem_attributes                 0x0800e1a0   Data          16  freertos.o(.constdata)
    Vcu_Event1_attributes                    0x0800e1b0   Data          16  freertos.o(.constdata)
    Can_Event_attributes                     0x0800e1c0   Data          16  freertos.o(.constdata)
    MT_Event_attributes                      0x0800e1d0   Data          16  freertos.o(.constdata)
    SD_Event_attributes                      0x0800e1e0   Data          16  freertos.o(.constdata)
    SD_Driver                                0x0800e1f0   Data          20  sd_diskio.o(.constdata)
    AHBPrescTable                            0x0800e20c   Data          16  system_stm32f4xx.o(.constdata)
    APBPrescTable                            0x0800e21c   Data           8  system_stm32f4xx.o(.constdata)
    memtblsize                               0x08039004   Data           8  malloc.o(.constdata)
    memblksize                               0x0803900c   Data           8  malloc.o(.constdata)
    memsize                                  0x08039014   Data           8  malloc.o(.constdata)
    __ctype_table                            0x08039298   Data         129  ctype_o.o(.constdata)
    Region$$Table$$Base                      0x08039e0c   Number         0  anon$$obj.o(Region$$Table)
    Region$$Table$$Limit                     0x08039e2c   Number         0  anon$$obj.o(Region$$Table)
    time3_over1                              0x20000000   Data           1  main.o(.data)
    time3_over2                              0x20000001   Data           1  main.o(.data)
    cantx_dat                                0x20000002   Data           8  main.o(.data)
    ADC1_Flag                                0x2000000c   Data           1  freertos.o(.data)
    ADC2_Flag                                0x2000000d   Data           1  freertos.o(.data)
    UpdateTime_flag                          0x2000000e   Data           1  freertos.o(.data)
    USART3_RX_STA                            0x20000012   Data           2  freertos.o(.data)
    oadc_msg                                 0x20000014   Data           2  freertos.o(.data)
    p_uart2_rxbuf                            0x2000002c   Data           4  freertos.o(.data)
    speedfloat_tx                            0x20000030   Data           4  freertos.o(.data)
    Wit_dat_TaskHandle                       0x20000034   Data           4  freertos.o(.data)
    Can_Rx_TaskHandle                        0x20000038   Data           4  freertos.o(.data)
    RB_Read_TaskHandle                       0x2000003c   Data           4  freertos.o(.data)
    OilDisplay_TaskHandle                    0x20000040   Data           4  freertos.o(.data)
    DTU_Init_TaskHandle                      0x20000044   Data           4  freertos.o(.data)
    Signal_4G_TaskHandle                     0x20000048   Data           4  freertos.o(.data)
    GPS_Init_TaskHandle                      0x2000004c   Data           4  freertos.o(.data)
    GPS_Get_TaskHandle                       0x20000050   Data           4  freertos.o(.data)
    IWDG_TaskHandle                          0x20000054   Data           4  freertos.o(.data)
    Otheradc_taskHandle                      0x20000058   Data           4  freertos.o(.data)
    CantxTaskHandle                          0x2000005c   Data           4  freertos.o(.data)
    TyreSpeedTaskHandle                      0x20000060   Data           4  freertos.o(.data)
    SD_Init_taskHandle                       0x20000064   Data           4  freertos.o(.data)
    UsartQueueHandle                         0x20000068   Data           4  freertos.o(.data)
    CanBinarySemHandle                       0x2000006c   Data           4  freertos.o(.data)
    Onenet_tx_BinarySemHandle                0x20000070   Data           4  freertos.o(.data)
    TyreBinarySemHandle                      0x20000074   Data           4  freertos.o(.data)
    Vcu_Event1Handle                         0x20000078   Data           4  freertos.o(.data)
    Can_EventHandle                          0x2000007c   Data           4  freertos.o(.data)
    MT_EventHandle                           0x20000080   Data           4  freertos.o(.data)
    SD_EventHandle                           0x20000084   Data           4  freertos.o(.data)
    Clkvalue                                 0x2000008d   Data           6  freertos.o(.data)
    xjwy_msg                                 0x20000093   Data           7  freertos.o(.data)
    Wy_dat                                   0x2000009a   Data           7  freertos.o(.data)
    canrx_dat                                0x200000a1   Data           8  freertos.o(.data)
    tyre_msg                                 0x200000a9   Data           8  freertos.o(.data)
    dtu_device1                              0x200000b4   Data         520  freertos.o(.data)
    retSD                                    0x200002c4   Data           1  fatfs.o(.data)
    SDPath                                   0x200002c5   Data           4  fatfs.o(.data)
    usart_rx_char                            0x200002c9   Data           1  usart.o(.data)
    rx_len                                   0x200002ca   Data           1  stm32f4xx_it.o(.data)
    uwTickFreq                               0x200002cc   Data           1  stm32f4xx_hal.o(.data)
    uwTickPrio                               0x200002d0   Data           4  stm32f4xx_hal.o(.data)
    uwTick                                   0x200002d4   Data           4  stm32f4xx_hal.o(.data)
    SystemCoreClock                          0x200002d8   Data           4  system_stm32f4xx.o(.data)
    pxCurrentTCB                             0x200002e4   Data           4  tasks.o(.data)
    s_cDataUpdate                            0x20000365   Data           1  wit_c_sdk.o(.data)
    s_cCmd                                   0x20000366   Data           1  wit_c_sdk.o(.data)
    p_WitRegUpdateCbFunc                     0x2000037c   Data           4  wit_c_sdk.o(.data)
    mallco_dev                               0x2000038c   Data          28  malloc.o(.data)
    SetTimeZone                              0x200003a8   Data          25  gps.o(.data)
    __stdout                                 0x200003c4   Data           4  stdout.o(.data)
    wit_dat1                                 0x200003cc   Data          36  freertos.o(.bss)
    wit_msg                                  0x200003f0   Data          24  freertos.o(.bss)
    mtspeed1                                 0x20000408   Data          24  freertos.o(.bss)
    mtspeed2                                 0x20000420   Data          24  freertos.o(.bss)
    mtspeed3                                 0x20000438   Data          24  freertos.o(.bss)
    mtspeed4                                 0x20000450   Data          24  freertos.o(.bss)
    mtspeed5                                 0x20000468   Data          24  freertos.o(.bss)
    RxMessage                                0x20000480   Data          28  freertos.o(.bss)
    Anglefloat_tx                            0x2000049c   Data          12  freertos.o(.bss)
    Accfloat_tx                              0x200004a8   Data          12  freertos.o(.bss)
    gpsx                                     0x200004b4   Data         105  freertos.o(.bss)
    SDCardInfo                               0x20000520   Data          32  freertos.o(.bss)
    CantxTaskBuffer                          0x20000540   Data        1024  freertos.o(.bss)
    CantxTaskControlBlock                    0x20000940   Data          92  freertos.o(.bss)
    CanBinarySemControlBlock                 0x2000099c   Data          80  freertos.o(.bss)
    Onenet_tx_BinarySemControlBlock          0x200009ec   Data          80  freertos.o(.bss)
    TypeBinarySemControlBlock                0x20000a3c   Data          80  freertos.o(.bss)
    Vcu_Event1ControlBlock                   0x20000a8c   Data          32  freertos.o(.bss)
    Can_EventControlBlock                    0x20000aac   Data          32  freertos.o(.bss)
    MT_EventControlBlock                     0x20000acc   Data          32  freertos.o(.bss)
    SD_EventControlBlock                     0x20000aec   Data          32  freertos.o(.bss)
    adc1_value                               0x20000b0c   Data         240  adc.o(.bss)
    adc2_value                               0x20000bfc   Data          80  adc.o(.bss)
    hadc1                                    0x20000c4c   Data          72  adc.o(.bss)
    hadc2                                    0x20000c94   Data          72  adc.o(.bss)
    hdma_adc1                                0x20000cdc   Data          96  adc.o(.bss)
    hdma_adc2                                0x20000d3c   Data          96  adc.o(.bss)
    CAN_FilterInitStructure                  0x20000d9c   Data          40  can.o(.bss)
    hcan1                                    0x20000dc4   Data          40  can.o(.bss)
    SDFatFS                                  0x20000dec   Data        4156  fatfs.o(.bss)
    SDFile                                   0x20001e28   Data        4144  fatfs.o(.bss)
    hiwdg                                    0x20002e58   Data          12  iwdg.o(.bss)
    hsd                                      0x20002e64   Data         132  sdio.o(.bss)
    hdma_sdio_rx                             0x20002ee8   Data          96  sdio.o(.bss)
    hdma_sdio_tx                             0x20002f48   Data          96  sdio.o(.bss)
    htim2                                    0x20002fa8   Data          72  tim.o(.bss)
    htim3                                    0x20002ff0   Data          72  tim.o(.bss)
    htim5                                    0x20003038   Data          72  tim.o(.bss)
    htim7                                    0x20003080   Data          72  tim.o(.bss)
    htim14                                   0x200030c8   Data          72  tim.o(.bss)
    rx_4g_buffer                             0x20003110   Data         128  usart.o(.bss)
    huart1                                   0x20003190   Data          68  usart.o(.bss)
    huart2                                   0x200031d4   Data          68  usart.o(.bss)
    huart3                                   0x20003218   Data          68  usart.o(.bss)
    hdma_usart1_tx                           0x2000325c   Data          96  usart.o(.bss)
    hdma_usart2_rx                           0x200032bc   Data          96  usart.o(.bss)
    htim1                                    0x2000331c   Data          72  stm32f4xx_hal_timebase_tim.o(.bss)
    disk                                     0x20003384   Data          12  ff_gen_drv.o(.bss)
    xQueueRegistry                           0x20003390   Data          64  queue.o(.bss)
    sReg                                     0x20007d64   Data         288  wit_c_sdk.o(.bss)
    mem1base                                 0x20007ea0   Data        5120  malloc.o(.bss)
    mem1mapbase                              0x200092a0   Data         320  malloc.o(.bss)
    USART3_RX_BUF                            0x200099e0   Data        2048  gps.o(.bss)
    USART3_TX_BUF                            0x2000a1e0   Data         600  gps.o(.bss)
    __initial_sp                             0x2000b438   Data           0  startup_stm32f407xx.o(STACK)
    mem2base                                 0x68000000   Data       983040  malloc.o(.ARM.__AT_0x68000000)
    mem2mapbase                              0x680f0000   Data       61440  malloc.o(.ARM.__AT_0x680F0000)



==============================================================================

Memory Map of the image

  Image Entry point : 0x08000189

  Load Region LR_IROM1 (Base: 0x08000000, Size: 0x0003a1f8, Max: 0x00080000, ABSOLUTE, COMPRESSED[0x00039e80])

    Execution Region ER_IROM1 (Exec base: 0x08000000, Load base: 0x08000000, Size: 0x00039e2c, Max: 0x00080000, ABSOLUTE)

    Exec Addr    Load Addr    Size         Type   Attr      Idx    E Section Name        Object

    0x08000000   0x08000000   0x00000188   Data   RO            3    RESET               startup_stm32f407xx.o
    0x08000188   0x08000188   0x00000000   Code   RO         7734  * .ARM.Collect$$$$00000000  mc_w.l(entry.o)
    0x08000188   0x08000188   0x00000004   Code   RO         8026    .ARM.Collect$$$$00000001  mc_w.l(entry2.o)
    0x0800018c   0x0800018c   0x00000004   Code   RO         8029    .ARM.Collect$$$$00000004  mc_w.l(entry5.o)
    0x08000190   0x08000190   0x00000000   Code   RO         8031    .ARM.Collect$$$$00000008  mc_w.l(entry7b.o)
    0x08000190   0x08000190   0x00000000   Code   RO         8033    .ARM.Collect$$$$0000000A  mc_w.l(entry8b.o)
    0x08000190   0x08000190   0x00000008   Code   RO         8034    .ARM.Collect$$$$0000000B  mc_w.l(entry9a.o)
    0x08000198   0x08000198   0x00000004   Code   RO         8041    .ARM.Collect$$$$0000000E  mc_w.l(entry12b.o)
    0x0800019c   0x0800019c   0x00000000   Code   RO         8036    .ARM.Collect$$$$0000000F  mc_w.l(entry10a.o)
    0x0800019c   0x0800019c   0x00000000   Code   RO         8038    .ARM.Collect$$$$00000011  mc_w.l(entry11a.o)
    0x0800019c   0x0800019c   0x00000004   Code   RO         8027    .ARM.Collect$$$$00002712  mc_w.l(entry2.o)
    0x080001a0   0x080001a0   0x000000be   Code   RO         7087    .emb_text           port.o
    0x0800025e   0x0800025e   0x00000002   PAD
    0x08000260   0x08000260   0x00000024   Code   RO            4    .text               startup_stm32f407xx.o
    0x08000284   0x08000284   0x00000062   Code   RO         7737    .text               mc_w.l(uldiv.o)
    0x080002e6   0x080002e6   0x00000024   Code   RO         7739    .text               mc_w.l(memcpya.o)
    0x0800030a   0x0800030a   0x00000024   Code   RO         7743    .text               mc_w.l(memseta.o)
    0x0800032e   0x0800032e   0x00000024   Code   RO         7745    .text               mc_w.l(strstr.o)
    0x08000352   0x08000352   0x0000000e   Code   RO         7747    .text               mc_w.l(strlen.o)
    0x08000360   0x08000360   0x0000001c   Code   RO         7749    .text               mc_w.l(strcmp.o)
    0x0800037c   0x0800037c   0x0000001a   Code   RO         8014    .text               mc_w.l(atoi.o)
    0x08000396   0x08000396   0x000000e4   Code   RO         8016    .text               mf_w.l(dmul.o)
    0x0800047a   0x0800047a   0x000000de   Code   RO         8018    .text               mf_w.l(ddiv.o)
    0x08000558   0x08000558   0x0000001a   Code   RO         8020    .text               mf_w.l(dfltui.o)
    0x08000572   0x08000572   0x00000032   Code   RO         8022    .text               mf_w.l(dfixui.o)
    0x080005a4   0x080005a4   0x00000026   Code   RO         8024    .text               mf_w.l(f2d.o)
    0x080005ca   0x080005ca   0x0000002c   Code   RO         8043    .text               mc_w.l(uidiv.o)
    0x080005f6   0x080005f6   0x0000001e   Code   RO         8045    .text               mc_w.l(llshl.o)
    0x08000614   0x08000614   0x00000020   Code   RO         8047    .text               mc_w.l(llushr.o)
    0x08000634   0x08000634   0x00000070   Code   RO         8056    .text               mc_w.l(strtol.o)
    0x080006a4   0x080006a4   0x00000000   Code   RO         8058    .text               mc_w.l(iusefp.o)
    0x080006a4   0x080006a4   0x000000ba   Code   RO         8059    .text               mf_w.l(depilogue.o)
    0x0800075e   0x0800075e   0x0000014e   Code   RO         8061    .text               mf_w.l(dadd.o)
    0x080008ac   0x080008ac   0x00000030   Code   RO         8063    .text               mf_w.l(dfixul.o)
    0x080008dc   0x080008dc   0x00000030   Code   RO         8065    .text               mf_w.l(cdrcmple.o)
    0x0800090c   0x0800090c   0x00000024   Code   RO         8067    .text               mc_w.l(init.o)
    0x08000930   0x08000930   0x00000024   Code   RO         8069    .text               mc_w.l(llsshr.o)
    0x08000954   0x08000954   0x00000008   Code   RO         8071    .text               mc_w.l(ctype_o.o)
    0x0800095c   0x0800095c   0x0000009e   Code   RO         8099    .text               mc_w.l(_strtoul.o)
    0x080009fa   0x080009fa   0x0000001c   Code   RO         8101    .text               mc_w.l(_chval.o)
    0x08000a16   0x08000a16   0x00000056   Code   RO         8111    .text               mc_w.l(__dczerorl2.o)
    0x08000a6c   0x08000a6c   0x0000006e   Code   RO         1300    i.ADC_DMAConvCplt   stm32f4xx_hal_adc.o
    0x08000ada   0x08000ada   0x00000016   Code   RO         1301    i.ADC_DMAError      stm32f4xx_hal_adc.o
    0x08000af0   0x08000af0   0x0000000a   Code   RO         1302    i.ADC_DMAHalfConvCplt  stm32f4xx_hal_adc.o
    0x08000afa   0x08000afa   0x00000002   PAD
    0x08000afc   0x08000afc   0x0000001c   Code   RO         1062    i.ADC_IRQHandler    stm32f4xx_it.o
    0x08000b18   0x08000b18   0x00000128   Code   RO         1303    i.ADC_Init          stm32f4xx_hal_adc.o
    0x08000c40   0x08000c40   0x00000002   Code   RO          620    i.BSP_SD_AbortCallback  bsp_driver_sd.o
    0x08000c42   0x08000c42   0x00000002   PAD
    0x08000c44   0x08000c44   0x0000000c   Code   RO          623    i.BSP_SD_GetCardInfo  bsp_driver_sd.o
    0x08000c50   0x08000c50   0x00000018   Code   RO          624    i.BSP_SD_GetCardState  bsp_driver_sd.o
    0x08000c68   0x08000c68   0x0000001c   Code   RO          626    i.BSP_SD_Init       bsp_driver_sd.o
    0x08000c84   0x08000c84   0x0000000e   Code   RO          627    i.BSP_SD_IsDetected  bsp_driver_sd.o
    0x08000c92   0x08000c92   0x00000002   PAD
    0x08000c94   0x08000c94   0x0000001c   Code   RO          629    i.BSP_SD_ReadBlocks_DMA  bsp_driver_sd.o
    0x08000cb0   0x08000cb0   0x0000001c   Code   RO          741    i.BSP_SD_ReadCpltCallback  sd_diskio.o
    0x08000ccc   0x08000ccc   0x0000001c   Code   RO          632    i.BSP_SD_WriteBlocks_DMA  bsp_driver_sd.o
    0x08000ce8   0x08000ce8   0x0000001c   Code   RO          742    i.BSP_SD_WriteCpltCallback  sd_diskio.o
    0x08000d04   0x08000d04   0x00000002   Code   RO         1063    i.BusFault_Handler  stm32f4xx_it.o
    0x08000d06   0x08000d06   0x00000002   PAD
    0x08000d08   0x08000d08   0x0000000c   Code   RO         1064    i.CAN1_RX0_IRQHandler  stm32f4xx_it.o
    0x08000d14   0x08000d14   0x0000000c   Code   RO         1065    i.CAN1_TX_IRQHandler  stm32f4xx_it.o
    0x08000d20   0x08000d20   0x0000001c   Code   RO          328    i.Can_Rx_Handle     freertos.o
    0x08000d3c   0x08000d3c   0x0000024c   Code   RO          329    i.Cantx_Handle      freertos.o
    0x08000f88   0x08000f88   0x00000068   Code   RO         7166    i.CmdProcess        wit_c_sdk.o
    0x08000ff0   0x08000ff0   0x000000b4   Code   RO         7167    i.CopeWitData       wit_c_sdk.o
    0x080010a4   0x080010a4   0x0000000c   Code   RO         1066    i.DMA1_Stream5_IRQHandler  stm32f4xx_it.o
    0x080010b0   0x080010b0   0x0000000c   Code   RO         1067    i.DMA2_Stream0_IRQHandler  stm32f4xx_it.o
    0x080010bc   0x080010bc   0x0000000c   Code   RO         1068    i.DMA2_Stream2_IRQHandler  stm32f4xx_it.o
    0x080010c8   0x080010c8   0x0000000c   Code   RO         1069    i.DMA2_Stream3_IRQHandler  stm32f4xx_it.o
    0x080010d4   0x080010d4   0x0000000c   Code   RO         1070    i.DMA2_Stream6_IRQHandler  stm32f4xx_it.o
    0x080010e0   0x080010e0   0x0000000c   Code   RO         1071    i.DMA2_Stream7_IRQHandler  stm32f4xx_it.o
    0x080010ec   0x080010ec   0x00000028   Code   RO         2037    i.DMA_CalcBaseAndBitshift  stm32f4xx_hal_dma.o
    0x08001114   0x08001114   0x00000054   Code   RO         2038    i.DMA_CheckFifoParam  stm32f4xx_hal_dma.o
    0x08001168   0x08001168   0x00000028   Code   RO         2039    i.DMA_SetConfig     stm32f4xx_hal_dma.o
    0x08001190   0x08001190   0x000000f0   Code   RO          330    i.DTU_Init_Handle   freertos.o
    0x08001280   0x08001280   0x00000002   Code   RO         1072    i.DebugMon_Handler  stm32f4xx_it.o
    0x08001282   0x08001282   0x00000002   PAD
    0x08001284   0x08001284   0x0000001c   Code   RO           13    i.Error_Handler     main.o
    0x080012a0   0x080012a0   0x00000006   Code   RO         5279    i.FATFS_LinkDriver  ff_gen_drv.o
    0x080012a6   0x080012a6   0x00000002   PAD
    0x080012a8   0x080012a8   0x00000040   Code   RO         5280    i.FATFS_LinkDriverEx  ff_gen_drv.o
    0x080012e8   0x080012e8   0x00000002   Code   RO         1073    i.FPU_IRQHandler    stm32f4xx_it.o
    0x080012ea   0x080012ea   0x00000002   PAD
    0x080012ec   0x080012ec   0x00000030   Code   RO         7594    i.GPS_Analysis      gps.o
    0x0800131c   0x0800131c   0x00000038   Code   RO          331    i.GPS_Get_Handle    freertos.o
    0x08001354   0x08001354   0x000000a4   Code   RO          332    i.GPS_Init_Handle   freertos.o
    0x080013f8   0x080013f8   0x0000029c   Code   RO          333    i.Gps_Msg_Show      freertos.o
    0x08001694   0x08001694   0x00000002   Code   RO         1474    i.HAL_ADCEx_InjectedConvCpltCallback  stm32f4xx_hal_adc_ex.o
    0x08001696   0x08001696   0x00000002   PAD
    0x08001698   0x08001698   0x0000014c   Code   RO         1305    i.HAL_ADC_ConfigChannel  stm32f4xx_hal_adc.o
    0x080017e4   0x080017e4   0x00000030   Code   RO          498    i.HAL_ADC_ConvCpltCallback  adc.o
    0x08001814   0x08001814   0x00000002   Code   RO         1307    i.HAL_ADC_ConvHalfCpltCallback  stm32f4xx_hal_adc.o
    0x08001816   0x08001816   0x00000002   Code   RO         1309    i.HAL_ADC_ErrorCallback  stm32f4xx_hal_adc.o
    0x08001818   0x08001818   0x0000012e   Code   RO         1313    i.HAL_ADC_IRQHandler  stm32f4xx_hal_adc.o
    0x08001946   0x08001946   0x00000054   Code   RO         1314    i.HAL_ADC_Init      stm32f4xx_hal_adc.o
    0x0800199a   0x0800199a   0x00000002   Code   RO         1315    i.HAL_ADC_LevelOutOfWindowCallback  stm32f4xx_hal_adc.o
    0x0800199c   0x0800199c   0x0000015c   Code   RO          500    i.HAL_ADC_MspInit   adc.o
    0x08001af8   0x08001af8   0x00000154   Code   RO         1321    i.HAL_ADC_Start_DMA  stm32f4xx_hal_adc.o
    0x08001c4c   0x08001c4c   0x0000010c   Code   RO         1322    i.HAL_ADC_Start_IT  stm32f4xx_hal_adc.o
    0x08001d58   0x08001d58   0x0000006c   Code   RO         1324    i.HAL_ADC_Stop_DMA  stm32f4xx_hal_adc.o
    0x08001dc4   0x08001dc4   0x00000024   Code   RO         2711    i.HAL_CAN_ActivateNotification  stm32f4xx_hal_can.o
    0x08001de8   0x08001de8   0x000000dc   Code   RO         2712    i.HAL_CAN_AddTxMessage  stm32f4xx_hal_can.o
    0x08001ec4   0x08001ec4   0x0000010c   Code   RO         2713    i.HAL_CAN_ConfigFilter  stm32f4xx_hal_can.o
    0x08001fd0   0x08001fd0   0x00000002   Code   RO         2716    i.HAL_CAN_ErrorCallback  stm32f4xx_hal_can.o
    0x08001fd2   0x08001fd2   0x000000e8   Code   RO         2719    i.HAL_CAN_GetRxMessage  stm32f4xx_hal_can.o
    0x080020ba   0x080020ba   0x0000002c   Code   RO         2721    i.HAL_CAN_GetTxMailboxesFreeLevel  stm32f4xx_hal_can.o
    0x080020e6   0x080020e6   0x000001fc   Code   RO         2723    i.HAL_CAN_IRQHandler  stm32f4xx_hal_can.o
    0x080022e2   0x080022e2   0x0000011a   Code   RO         2724    i.HAL_CAN_Init      stm32f4xx_hal_can.o
    0x080023fc   0x080023fc   0x0000008c   Code   RO          555    i.HAL_CAN_MspInit   can.o
    0x08002488   0x08002488   0x00000002   Code   RO         2731    i.HAL_CAN_RxFifo0FullCallback  stm32f4xx_hal_can.o
    0x0800248a   0x0800248a   0x00000002   PAD
    0x0800248c   0x0800248c   0x0000008c   Code   RO          334    i.HAL_CAN_RxFifo0MsgPendingCallback  freertos.o
    0x08002518   0x08002518   0x00000002   Code   RO         2733    i.HAL_CAN_RxFifo1FullCallback  stm32f4xx_hal_can.o
    0x0800251a   0x0800251a   0x00000002   Code   RO         2734    i.HAL_CAN_RxFifo1MsgPendingCallback  stm32f4xx_hal_can.o
    0x0800251c   0x0800251c   0x00000002   Code   RO         2735    i.HAL_CAN_SleepCallback  stm32f4xx_hal_can.o
    0x0800251e   0x0800251e   0x00000002   PAD
    0x08002520   0x08002520   0x00000058   Code   RO         2736    i.HAL_CAN_Start     stm32f4xx_hal_can.o
    0x08002578   0x08002578   0x00000002   Code   RO         2738    i.HAL_CAN_TxMailbox0AbortCallback  stm32f4xx_hal_can.o
    0x0800257a   0x0800257a   0x00000002   Code   RO         2739    i.HAL_CAN_TxMailbox0CompleteCallback  stm32f4xx_hal_can.o
    0x0800257c   0x0800257c   0x00000002   Code   RO         2740    i.HAL_CAN_TxMailbox1AbortCallback  stm32f4xx_hal_can.o
    0x0800257e   0x0800257e   0x00000002   Code   RO         2741    i.HAL_CAN_TxMailbox1CompleteCallback  stm32f4xx_hal_can.o
    0x08002580   0x08002580   0x00000002   Code   RO         2742    i.HAL_CAN_TxMailbox2AbortCallback  stm32f4xx_hal_can.o
    0x08002582   0x08002582   0x00000002   Code   RO         2743    i.HAL_CAN_TxMailbox2CompleteCallback  stm32f4xx_hal_can.o
    0x08002584   0x08002584   0x00000002   Code   RO         2745    i.HAL_CAN_WakeUpFromRxMsgCallback  stm32f4xx_hal_can.o
    0x08002586   0x08002586   0x00000092   Code   RO         2040    i.HAL_DMA_Abort     stm32f4xx_hal_dma.o
    0x08002618   0x08002618   0x00000024   Code   RO         2041    i.HAL_DMA_Abort_IT  stm32f4xx_hal_dma.o
    0x0800263c   0x0800263c   0x00000004   Code   RO         2043    i.HAL_DMA_GetError  stm32f4xx_hal_dma.o
    0x08002640   0x08002640   0x000001a0   Code   RO         2045    i.HAL_DMA_IRQHandler  stm32f4xx_hal_dma.o
    0x080027e0   0x080027e0   0x000000d4   Code   RO         2046    i.HAL_DMA_Init      stm32f4xx_hal_dma.o
    0x080028b4   0x080028b4   0x0000006e   Code   RO         2050    i.HAL_DMA_Start_IT  stm32f4xx_hal_dma.o
    0x08002922   0x08002922   0x00000002   PAD
    0x08002924   0x08002924   0x00000024   Code   RO         2459    i.HAL_Delay         stm32f4xx_hal.o
    0x08002948   0x08002948   0x000001f0   Code   RO         1933    i.HAL_GPIO_Init     stm32f4xx_hal_gpio.o
    0x08002b38   0x08002b38   0x0000000a   Code   RO         1935    i.HAL_GPIO_ReadPin  stm32f4xx_hal_gpio.o
    0x08002b42   0x08002b42   0x0000000a   Code   RO         1937    i.HAL_GPIO_WritePin  stm32f4xx_hal_gpio.o
    0x08002b4c   0x08002b4c   0x0000000c   Code   RO         2465    i.HAL_GetTick       stm32f4xx_hal.o
    0x08002b58   0x08002b58   0x0000005a   Code   RO         2944    i.HAL_IWDG_Init     stm32f4xx_hal_iwdg.o
    0x08002bb2   0x08002bb2   0x00000002   PAD
    0x08002bb4   0x08002bb4   0x00000010   Code   RO         2471    i.HAL_IncTick       stm32f4xx_hal.o
    0x08002bc4   0x08002bc4   0x00000034   Code   RO         2472    i.HAL_Init          stm32f4xx_hal.o
    0x08002bf8   0x08002bf8   0x0000008c   Code   RO         1261    i.HAL_InitTick      stm32f4xx_hal_timebase_tim.o
    0x08002c84   0x08002c84   0x0000004c   Code   RO         1237    i.HAL_MspInit       stm32f4xx_hal_msp.o
    0x08002cd0   0x08002cd0   0x0000001a   Code   RO         2322    i.HAL_NVIC_EnableIRQ  stm32f4xx_hal_cortex.o
    0x08002cea   0x08002cea   0x00000002   PAD
    0x08002cec   0x08002cec   0x00000040   Code   RO         2328    i.HAL_NVIC_SetPriority  stm32f4xx_hal_cortex.o
    0x08002d2c   0x08002d2c   0x00000024   Code   RO         2329    i.HAL_NVIC_SetPriorityGrouping  stm32f4xx_hal_cortex.o
    0x08002d50   0x08002d50   0x00000134   Code   RO         1579    i.HAL_RCC_ClockConfig  stm32f4xx_hal_rcc.o
    0x08002e84   0x08002e84   0x00000040   Code   RO         1583    i.HAL_RCC_GetClockConfig  stm32f4xx_hal_rcc.o
    0x08002ec4   0x08002ec4   0x00000020   Code   RO         1586    i.HAL_RCC_GetPCLK1Freq  stm32f4xx_hal_rcc.o
    0x08002ee4   0x08002ee4   0x00000020   Code   RO         1587    i.HAL_RCC_GetPCLK2Freq  stm32f4xx_hal_rcc.o
    0x08002f04   0x08002f04   0x00000064   Code   RO         1588    i.HAL_RCC_GetSysClockFreq  stm32f4xx_hal_rcc.o
    0x08002f68   0x08002f68   0x0000036c   Code   RO         1591    i.HAL_RCC_OscConfig  stm32f4xx_hal_rcc.o
    0x080032d4   0x080032d4   0x00000008   Code   RO          634    i.HAL_SD_AbortCallback  bsp_driver_sd.o
    0x080032dc   0x080032dc   0x00000002   Code   RO         3266    i.HAL_SD_ErrorCallback  stm32f4xx_hal_sd.o
    0x080032de   0x080032de   0x00000050   Code   RO         3267    i.HAL_SD_GetCardCID  stm32f4xx_hal_sd.o
    0x0800332e   0x0800332e   0x00000002   PAD
    0x08003330   0x08003330   0x00000198   Code   RO         3268    i.HAL_SD_GetCardCSD  stm32f4xx_hal_sd.o
    0x080034c8   0x080034c8   0x00000024   Code   RO         3269    i.HAL_SD_GetCardInfo  stm32f4xx_hal_sd.o
    0x080034ec   0x080034ec   0x0000002c   Code   RO         3270    i.HAL_SD_GetCardState  stm32f4xx_hal_sd.o
    0x08003518   0x08003518   0x00000208   Code   RO         3274    i.HAL_SD_IRQHandler  stm32f4xx_hal_sd.o
    0x08003720   0x08003720   0x00000036   Code   RO         3275    i.HAL_SD_Init       stm32f4xx_hal_sd.o
    0x08003756   0x08003756   0x00000002   PAD
    0x08003758   0x08003758   0x0000007c   Code   RO         3276    i.HAL_SD_InitCard   stm32f4xx_hal_sd.o
    0x080037d4   0x080037d4   0x00000144   Code   RO          887    i.HAL_SD_MspInit    sdio.o
    0x08003918   0x08003918   0x00000124   Code   RO         3280    i.HAL_SD_ReadBlocks_DMA  stm32f4xx_hal_sd.o
    0x08003a3c   0x08003a3c   0x00000008   Code   RO          635    i.HAL_SD_RxCpltCallback  bsp_driver_sd.o
    0x08003a44   0x08003a44   0x00000008   Code   RO          636    i.HAL_SD_TxCpltCallback  bsp_driver_sd.o
    0x08003a4c   0x08003a4c   0x00000120   Code   RO         3285    i.HAL_SD_WriteBlocks_DMA  stm32f4xx_hal_sd.o
    0x08003b6c   0x08003b6c   0x00000002   Code   RO         4191    i.HAL_TIMEx_BreakCallback  stm32f4xx_hal_tim_ex.o
    0x08003b6e   0x08003b6e   0x00000002   Code   RO         4192    i.HAL_TIMEx_CommutCallback  stm32f4xx_hal_tim_ex.o
    0x08003b70   0x08003b70   0x00000090   Code   RO         4210    i.HAL_TIMEx_MasterConfigSynchronization  stm32f4xx_hal_tim_ex.o
    0x08003c00   0x08003c00   0x0000005a   Code   RO         3487    i.HAL_TIM_Base_Init  stm32f4xx_hal_tim.o
    0x08003c5a   0x08003c5a   0x00000002   PAD
    0x08003c5c   0x08003c5c   0x00000154   Code   RO          929    i.HAL_TIM_Base_MspInit  tim.o
    0x08003db0   0x08003db0   0x00000080   Code   RO         3492    i.HAL_TIM_Base_Start_IT  stm32f4xx_hal_tim.o
    0x08003e30   0x08003e30   0x000000dc   Code   RO         3496    i.HAL_TIM_ConfigClockSource  stm32f4xx_hal_tim.o
    0x08003f0c   0x08003f0c   0x00000278   Code   RO          335    i.HAL_TIM_IC_CaptureCallback  freertos.o
    0x08004184   0x08004184   0x0000011e   Code   RO         3523    i.HAL_TIM_IC_ConfigChannel  stm32f4xx_hal_tim.o
    0x080042a2   0x080042a2   0x0000005a   Code   RO         3526    i.HAL_TIM_IC_Init   stm32f4xx_hal_tim.o
    0x080042fc   0x080042fc   0x00000002   Code   RO         3528    i.HAL_TIM_IC_MspInit  stm32f4xx_hal_tim.o
    0x080042fe   0x080042fe   0x00000002   PAD
    0x08004300   0x08004300   0x0000010c   Code   RO         3531    i.HAL_TIM_IC_Start_IT  stm32f4xx_hal_tim.o
    0x0800440c   0x0800440c   0x00000092   Code   RO         3534    i.HAL_TIM_IC_Stop_IT  stm32f4xx_hal_tim.o
    0x0800449e   0x0800449e   0x00000166   Code   RO         3535    i.HAL_TIM_IRQHandler  stm32f4xx_hal_tim.o
    0x08004604   0x08004604   0x00000002   Code   RO         3538    i.HAL_TIM_OC_DelayElapsedCallback  stm32f4xx_hal_tim.o
    0x08004606   0x08004606   0x00000002   Code   RO         3565    i.HAL_TIM_PWM_PulseFinishedCallback  stm32f4xx_hal_tim.o
    0x08004608   0x08004608   0x0000015c   Code   RO           14    i.HAL_TIM_PeriodElapsedCallback  main.o
    0x08004764   0x08004764   0x00000002   Code   RO         3578    i.HAL_TIM_TriggerCallback  stm32f4xx_hal_tim.o
    0x08004766   0x08004766   0x00000002   Code   RO         4469    i.HAL_UARTEx_RxEventCallback  stm32f4xx_hal_uart.o
    0x08004768   0x08004768   0x00000094   Code   RO         4472    i.HAL_UART_AbortReceive  stm32f4xx_hal_uart.o
    0x080047fc   0x080047fc   0x00000002   Code   RO         4483    i.HAL_UART_ErrorCallback  stm32f4xx_hal_uart.o
    0x080047fe   0x080047fe   0x00000002   PAD
    0x08004800   0x08004800   0x00000268   Code   RO         4486    i.HAL_UART_IRQHandler  stm32f4xx_hal_uart.o
    0x08004a68   0x08004a68   0x00000062   Code   RO         4487    i.HAL_UART_Init     stm32f4xx_hal_uart.o
    0x08004aca   0x08004aca   0x00000002   PAD
    0x08004acc   0x08004acc   0x00000188   Code   RO          995    i.HAL_UART_MspInit  usart.o
    0x08004c54   0x08004c54   0x0000002a   Code   RO         4491    i.HAL_UART_Receive_DMA  stm32f4xx_hal_uart.o
    0x08004c7e   0x08004c7e   0x0000002a   Code   RO         4492    i.HAL_UART_Receive_IT  stm32f4xx_hal_uart.o
    0x08004ca8   0x08004ca8   0x0000006c   Code   RO          336    i.HAL_UART_RxCpltCallback  freertos.o
    0x08004d14   0x08004d14   0x00000002   Code   RO         4494    i.HAL_UART_RxHalfCpltCallback  stm32f4xx_hal_uart.o
    0x08004d16   0x08004d16   0x00000002   PAD
    0x08004d18   0x08004d18   0x000000b2   Code   RO         4495    i.HAL_UART_Transmit  stm32f4xx_hal_uart.o
    0x08004dca   0x08004dca   0x00000002   Code   RO         4498    i.HAL_UART_TxCpltCallback  stm32f4xx_hal_uart.o
    0x08004dcc   0x08004dcc   0x00000154   Code   RO         1074    i.HardFault_Handler  stm32f4xx_it.o
    0x08004f20   0x08004f20   0x00000018   Code   RO          337    i.IWDG_Handle       freertos.o
    0x08004f38   0x08004f38   0x000000d8   Code   RO          501    i.MX_ADC1_Init      adc.o
    0x08005010   0x08005010   0x00000088   Code   RO          502    i.MX_ADC2_Init      adc.o
    0x08005098   0x08005098   0x0000006c   Code   RO          556    i.MX_CAN1_Init      can.o
    0x08005104   0x08005104   0x0000008c   Code   RO          596    i.MX_DMA_Init       dma.o
    0x08005190   0x08005190   0x0000001c   Code   RO          818    i.MX_FATFS_Init     fatfs.o
    0x080051ac   0x080051ac   0x0000059c   Code   RO          338    i.MX_FREERTOS_Init  freertos.o
    0x08005748   0x08005748   0x0000005c   Code   RO          304    i.MX_GPIO_Init      gpio.o
    0x080057a4   0x080057a4   0x00000038   Code   RO          856    i.MX_IWDG_Init      iwdg.o
    0x080057dc   0x080057dc   0x00000020   Code   RO          888    i.MX_SDIO_SD_Init   sdio.o
    0x080057fc   0x080057fc   0x00000038   Code   RO          930    i.MX_TIM14_Init     tim.o
    0x08005834   0x08005834   0x000000c0   Code   RO          931    i.MX_TIM2_Init      tim.o
    0x080058f4   0x080058f4   0x000000c8   Code   RO          932    i.MX_TIM3_Init      tim.o
    0x080059bc   0x080059bc   0x000000a8   Code   RO          933    i.MX_TIM5_Init      tim.o
    0x08005a64   0x08005a64   0x00000048   Code   RO          934    i.MX_TIM7_Init      tim.o
    0x08005aac   0x08005aac   0x00000038   Code   RO          996    i.MX_USART1_UART_Init  usart.o
    0x08005ae4   0x08005ae4   0x00000054   Code   RO          997    i.MX_USART2_UART_Init  usart.o
    0x08005b38   0x08005b38   0x00000070   Code   RO          998    i.MX_USART3_UART_Init  usart.o
    0x08005ba8   0x08005ba8   0x00000002   Code   RO         1075    i.MemManage_Handler  stm32f4xx_it.o
    0x08005baa   0x08005baa   0x0000002a   Code   RO         7595    i.NMEA_Comma_Pos    gps.o
    0x08005bd4   0x08005bd4   0x00000044   Code   RO         7596    i.NMEA_GPGGA_Analysis  gps.o
    0x08005c18   0x08005c18   0x0000009c   Code   RO         7597    i.NMEA_GPGSA_Analysis  gps.o
    0x08005cb4   0x08005cb4   0x000000ec   Code   RO         7598    i.NMEA_GPGSV_Analysis  gps.o
    0x08005da0   0x08005da0   0x00000228   Code   RO         7599    i.NMEA_GPRMC_Analysis  gps.o
    0x08005fc8   0x08005fc8   0x00000010   Code   RO         7601    i.NMEA_Pow          gps.o
    0x08005fd8   0x08005fd8   0x000000c0   Code   RO         7602    i.NMEA_Str2num      gps.o
    0x08006098   0x08006098   0x00000002   Code   RO         1076    i.NMI_Handler       stm32f4xx_it.o
    0x0800609a   0x0800609a   0x00000002   PAD
    0x0800609c   0x0800609c   0x000000ac   Code   RO          339    i.Oadc_Handle       freertos.o
    0x08006148   0x08006148   0x00000314   Code   RO          340    i.OilDisplayment_Handle  freertos.o
    0x0800645c   0x0800645c   0x000001b8   Code   RO          341    i.OneNet_FillBuf    freertos.o
    0x08006614   0x08006614   0x00000100   Code   RO          342    i.OneNet_Send       freertos.o
    0x08006714   0x08006714   0x00000048   Code   RO         7443    i.RingBuffer_In     ringbuffer.o
    0x0800675c   0x0800675c   0x00000058   Code   RO         7444    i.RingBuffer_Malloc  ringbuffer.o
    0x080067b4   0x080067b4   0x00000046   Code   RO         7445    i.RingBuffer_Out    ringbuffer.o
    0x080067fa   0x080067fa   0x00000002   PAD
    0x080067fc   0x080067fc   0x00000100   Code   RO          343    i.RingBuffer_Read_Handle  freertos.o
    0x080068fc   0x080068fc   0x00000024   Code   RO         2974    i.SDIO_ConfigData   stm32f4xx_ll_sdmmc.o
    0x08006920   0x08006920   0x00000008   Code   RO         2978    i.SDIO_GetPowerState  stm32f4xx_ll_sdmmc.o
    0x08006928   0x08006928   0x00000006   Code   RO         2979    i.SDIO_GetResponse  stm32f4xx_ll_sdmmc.o
    0x0800692e   0x0800692e   0x00000002   PAD
    0x08006930   0x08006930   0x0000000c   Code   RO         1077    i.SDIO_IRQHandler   stm32f4xx_it.o
    0x0800693c   0x0800693c   0x00000024   Code   RO         2980    i.SDIO_Init         stm32f4xx_ll_sdmmc.o
    0x08006960   0x08006960   0x00000008   Code   RO         2982    i.SDIO_PowerState_ON  stm32f4xx_ll_sdmmc.o
    0x08006968   0x08006968   0x00000006   Code   RO         2983    i.SDIO_ReadFIFO     stm32f4xx_ll_sdmmc.o
    0x0800696e   0x0800696e   0x00000020   Code   RO         2984    i.SDIO_SendCommand  stm32f4xx_ll_sdmmc.o
    0x0800698e   0x0800698e   0x0000000a   Code   RO         2986    i.SDIO_WriteFIFO    stm32f4xx_ll_sdmmc.o
    0x08006998   0x08006998   0x00000032   Code   RO         2987    i.SDMMC_CmdAppCommand  stm32f4xx_ll_sdmmc.o
    0x080069ca   0x080069ca   0x00000002   PAD
    0x080069cc   0x080069cc   0x00000034   Code   RO         2988    i.SDMMC_CmdAppOperCommand  stm32f4xx_ll_sdmmc.o
    0x08006a00   0x08006a00   0x00000032   Code   RO         2989    i.SDMMC_CmdBlockLength  stm32f4xx_ll_sdmmc.o
    0x08006a32   0x08006a32   0x00000002   PAD
    0x08006a34   0x08006a34   0x00000050   Code   RO         2994    i.SDMMC_CmdGoIdleState  stm32f4xx_ll_sdmmc.o
    0x08006a84   0x08006a84   0x00000030   Code   RO         2996    i.SDMMC_CmdOperCond  stm32f4xx_ll_sdmmc.o
    0x08006ab4   0x08006ab4   0x00000032   Code   RO         2997    i.SDMMC_CmdReadMultiBlock  stm32f4xx_ll_sdmmc.o
    0x08006ae6   0x08006ae6   0x00000032   Code   RO         2998    i.SDMMC_CmdReadSingleBlock  stm32f4xx_ll_sdmmc.o
    0x08006b18   0x08006b18   0x00000032   Code   RO         3001    i.SDMMC_CmdSelDesel  stm32f4xx_ll_sdmmc.o
    0x08006b4a   0x08006b4a   0x0000002c   Code   RO         3002    i.SDMMC_CmdSendCID  stm32f4xx_ll_sdmmc.o
    0x08006b76   0x08006b76   0x0000002c   Code   RO         3003    i.SDMMC_CmdSendCSD  stm32f4xx_ll_sdmmc.o
    0x08006ba2   0x08006ba2   0x00000032   Code   RO         3006    i.SDMMC_CmdSendStatus  stm32f4xx_ll_sdmmc.o
    0x08006bd4   0x08006bd4   0x00000030   Code   RO         3007    i.SDMMC_CmdSetRelAdd  stm32f4xx_ll_sdmmc.o
    0x08006c04   0x08006c04   0x00000034   Code   RO         3010    i.SDMMC_CmdStopTransfer  stm32f4xx_ll_sdmmc.o
    0x08006c38   0x08006c38   0x00000032   Code   RO         3012    i.SDMMC_CmdWriteMultiBlock  stm32f4xx_ll_sdmmc.o
    0x08006c6a   0x08006c6a   0x00000032   Code   RO         3013    i.SDMMC_CmdWriteSingleBlock  stm32f4xx_ll_sdmmc.o
    0x08006c9c   0x08006c9c   0x00000120   Code   RO         3014    i.SDMMC_GetCmdResp1  stm32f4xx_ll_sdmmc.o
    0x08006dbc   0x08006dbc   0x00000050   Code   RO         3015    i.SDMMC_GetCmdResp2  stm32f4xx_ll_sdmmc.o
    0x08006e0c   0x08006e0c   0x00000044   Code   RO         3016    i.SDMMC_GetCmdResp3  stm32f4xx_ll_sdmmc.o
    0x08006e50   0x08006e50   0x00000088   Code   RO         3017    i.SDMMC_GetCmdResp6  stm32f4xx_ll_sdmmc.o
    0x08006ed8   0x08006ed8   0x00000058   Code   RO         3018    i.SDMMC_GetCmdResp7  stm32f4xx_ll_sdmmc.o
    0x08006f30   0x08006f30   0x00000020   Code   RO          743    i.SD_CheckStatus    sd_diskio.o
    0x08006f50   0x08006f50   0x00000024   Code   RO          744    i.SD_CheckStatusWithTimeout  sd_diskio.o
    0x08006f74   0x08006f74   0x00000064   Code   RO         3287    i.SD_DMAError       stm32f4xx_hal_sd.o
    0x08006fd8   0x08006fd8   0x00000042   Code   RO         3288    i.SD_DMAReceiveCplt  stm32f4xx_hal_sd.o
    0x0800701a   0x0800701a   0x00000044   Code   RO         3289    i.SD_DMARxAbort     stm32f4xx_hal_sd.o
    0x0800705e   0x0800705e   0x0000000e   Code   RO         3290    i.SD_DMATransmitCplt  stm32f4xx_hal_sd.o
    0x0800706c   0x0800706c   0x00000044   Code   RO         3291    i.SD_DMATxAbort     stm32f4xx_hal_sd.o
    0x080070b0   0x080070b0   0x000000ee   Code   RO         3293    i.SD_InitCard       stm32f4xx_hal_sd.o
    0x0800719e   0x0800719e   0x00000002   PAD
    0x080071a0   0x080071a0   0x00000078   Code   RO          344    i.SD_Init_Handle    freertos.o
    0x08007218   0x08007218   0x000000b4   Code   RO         3294    i.SD_PowerON        stm32f4xx_hal_sd.o
    0x080072cc   0x080072cc   0x00000048   Code   RO          745    i.SD_initialize     sd_diskio.o
    0x08007314   0x08007314   0x00000050   Code   RO          746    i.SD_ioctl          sd_diskio.o
    0x08007364   0x08007364   0x00000068   Code   RO          747    i.SD_read           sd_diskio.o
    0x080073cc   0x080073cc   0x00000004   Code   RO          748    i.SD_status         sd_diskio.o
    0x080073d0   0x080073d0   0x00000068   Code   RO          749    i.SD_write          sd_diskio.o
    0x08007438   0x08007438   0x0000004c   Code   RO         7168    i.SensorDataUpdata  wit_c_sdk.o
    0x08007484   0x08007484   0x000000c8   Code   RO          345    i.Signal_4G_Handle  freertos.o
    0x0800754c   0x0800754c   0x0000001a   Code   RO         6519    i.SysTick_Handler   cmsis_os2.o
    0x08007566   0x08007566   0x00000002   PAD
    0x08007568   0x08007568   0x00000098   Code   RO           15    i.SystemClock_Config  main.o
    0x08007600   0x08007600   0x00000010   Code   RO         4816    i.SystemInit        system_stm32f4xx.o
    0x08007610   0x08007610   0x0000000c   Code   RO         1078    i.TIM1_UP_TIM10_IRQHandler  stm32f4xx_it.o
    0x0800761c   0x0800761c   0x0000000c   Code   RO         1079    i.TIM2_IRQHandler   stm32f4xx_it.o
    0x08007628   0x08007628   0x0000000c   Code   RO         1080    i.TIM3_IRQHandler   stm32f4xx_it.o
    0x08007634   0x08007634   0x0000000c   Code   RO         1081    i.TIM5_IRQHandler   stm32f4xx_it.o
    0x08007640   0x08007640   0x0000000c   Code   RO         1082    i.TIM7_IRQHandler   stm32f4xx_it.o
    0x0800764c   0x0800764c   0x0000000c   Code   RO         1083    i.TIM8_TRG_COM_TIM14_IRQHandler  stm32f4xx_it.o
    0x08007658   0x08007658   0x000000c8   Code   RO         3580    i.TIM_Base_SetConfig  stm32f4xx_hal_tim.o
    0x08007720   0x08007720   0x0000001a   Code   RO         3581    i.TIM_CCxChannelCmd  stm32f4xx_hal_tim.o
    0x0800773a   0x0800773a   0x00000014   Code   RO         3591    i.TIM_ETR_SetConfig  stm32f4xx_hal_tim.o
    0x0800774e   0x0800774e   0x00000010   Code   RO         3592    i.TIM_ITRx_SetConfig  stm32f4xx_hal_tim.o
    0x0800775e   0x0800775e   0x00000022   Code   RO         3598    i.TIM_TI1_ConfigInputStage  stm32f4xx_hal_tim.o
    0x08007780   0x08007780   0x00000080   Code   RO         3599    i.TIM_TI1_SetConfig  stm32f4xx_hal_tim.o
    0x08007800   0x08007800   0x00000024   Code   RO         3600    i.TIM_TI2_ConfigInputStage  stm32f4xx_hal_tim.o
    0x08007824   0x08007824   0x00000036   Code   RO         3601    i.TIM_TI2_SetConfig  stm32f4xx_hal_tim.o
    0x0800785a   0x0800785a   0x00000002   PAD
    0x0800785c   0x0800785c   0x00000b4a   Code   RO          346    i.TyreSpeed_Handle  freertos.o
    0x080083a6   0x080083a6   0x00000010   Code   RO         4500    i.UART_DMAAbortOnError  stm32f4xx_hal_uart.o
    0x080083b6   0x080083b6   0x0000004a   Code   RO         4501    i.UART_DMAError     stm32f4xx_hal_uart.o
    0x08008400   0x08008400   0x00000082   Code   RO         4502    i.UART_DMAReceiveCplt  stm32f4xx_hal_uart.o
    0x08008482   0x08008482   0x0000001a   Code   RO         4504    i.UART_DMARxHalfCplt  stm32f4xx_hal_uart.o
    0x0800849c   0x0800849c   0x0000004e   Code   RO         4510    i.UART_EndRxTransfer  stm32f4xx_hal_uart.o
    0x080084ea   0x080084ea   0x0000001c   Code   RO         4511    i.UART_EndTxTransfer  stm32f4xx_hal_uart.o
    0x08008506   0x08008506   0x000000c0   Code   RO         4512    i.UART_Receive_IT   stm32f4xx_hal_uart.o
    0x080085c6   0x080085c6   0x00000002   PAD
    0x080085c8   0x080085c8   0x0000010c   Code   RO         4513    i.UART_SetConfig    stm32f4xx_hal_uart.o
    0x080086d4   0x080086d4   0x00000094   Code   RO         4514    i.UART_Start_Receive_DMA  stm32f4xx_hal_uart.o
    0x08008768   0x08008768   0x0000003a   Code   RO         4515    i.UART_Start_Receive_IT  stm32f4xx_hal_uart.o
    0x080087a2   0x080087a2   0x00000078   Code   RO         4516    i.UART_WaitOnFlagUntilTimeout  stm32f4xx_hal_uart.o
    0x0800881a   0x0800881a   0x00000002   PAD
    0x0800881c   0x0800881c   0x000000c0   Code   RO         1084    i.USART2_IRQHandler  stm32f4xx_it.o
    0x080088dc   0x080088dc   0x0000000c   Code   RO         1085    i.USART3_IRQHandler  stm32f4xx_it.o
    0x080088e8   0x080088e8   0x00000064   Code   RO         7603    i.Ublox_Cfg_Ack_Check  gps.o
    0x0800894c   0x0800894c   0x00000064   Code   RO         7604    i.Ublox_Cfg_Cfg_Save  gps.o
    0x080089b0   0x080089b0   0x00000064   Code   RO         7606    i.Ublox_Cfg_Prt     gps.o
    0x08008a14   0x08008a14   0x00000048   Code   RO         7607    i.Ublox_Cfg_Rate    gps.o
    0x08008a5c   0x08008a5c   0x00000054   Code   RO         7608    i.Ublox_Cfg_Tp      gps.o
    0x08008ab0   0x08008ab0   0x00000022   Code   RO         7609    i.Ublox_CheckSum    gps.o
    0x08008ad2   0x08008ad2   0x00000002   PAD
    0x08008ad4   0x08008ad4   0x00000010   Code   RO         7610    i.Ublox_Send_Date   gps.o
    0x08008ae4   0x08008ae4   0x00000002   Code   RO         1086    i.UsageFault_Handler  stm32f4xx_it.o
    0x08008ae6   0x08008ae6   0x00000002   PAD
    0x08008ae8   0x08008ae8   0x00000038   Code   RO         7169    i.WitCanDataIn      wit_c_sdk.o
    0x08008b20   0x08008b20   0x00000014   Code   RO         7170    i.WitCanWriteRegister  wit_c_sdk.o
    0x08008b34   0x08008b34   0x00000014   Code   RO         7172    i.WitDelayMsRegister  wit_c_sdk.o
    0x08008b48   0x08008b48   0x0000001c   Code   RO         7174    i.WitInit           wit_c_sdk.o
    0x08008b64   0x08008b64   0x00000014   Code   RO         7176    i.WitRegisterCallBack  wit_c_sdk.o
    0x08008b78   0x08008b78   0x0000003c   Code   RO         7184    i.WitStartAccCali   wit_c_sdk.o
    0x08008bb4   0x08008bb4   0x0000003c   Code   RO         7185    i.WitStartMagCali   wit_c_sdk.o
    0x08008bf0   0x08008bf0   0x0000003c   Code   RO         7187    i.WitStopMagCali    wit_c_sdk.o
    0x08008c2c   0x08008c2c   0x000000e8   Code   RO         7188    i.WitWriteReg       wit_c_sdk.o
    0x08008d14   0x08008d14   0x00000068   Code   RO           16    i.Wit_Can_Send_Msg  main.o
    0x08008d7c   0x08008d7c   0x000003d4   Code   RO          347    i.Wit_Dat_Handle    freertos.o
    0x08009150   0x08009150   0x00000004   Code   RO         7189    i.Wit_Delayms       wit_c_sdk.o
    0x08009154   0x08009154   0x00000020   Code   RO         7986    i.__0printf         mc_w.l(printfa.o)
    0x08009174   0x08009174   0x00000028   Code   RO         7988    i.__0sprintf        mc_w.l(printfa.o)
    0x0800919c   0x0800919c   0x0000002c   Code   RO         7190    i.__CRC16           wit_c_sdk.o
    0x080091c8   0x080091c8   0x00000020   Code   RO         2335    i.__NVIC_SetPriority  stm32f4xx_hal_cortex.o
    0x080091e8   0x080091e8   0x00000008   Code   RO         8049    i.__aeabi_errno_addr  mc_w.l(errno.o)
    0x080091f0   0x080091f0   0x0000000e   Code   RO         8105    i.__scatterload_copy  mc_w.l(handlers.o)
    0x080091fe   0x080091fe   0x00000002   Code   RO         8106    i.__scatterload_null  mc_w.l(handlers.o)
    0x08009200   0x08009200   0x0000000e   Code   RO         8107    i.__scatterload_zeroinit  mc_w.l(handlers.o)
    0x0800920e   0x0800920e   0x00000002   PAD
    0x08009210   0x08009210   0x00000184   Code   RO         7993    i._fp_digits        mc_w.l(printfa.o)
    0x08009394   0x08009394   0x000006b4   Code   RO         7994    i._printf_core      mc_w.l(printfa.o)
    0x08009a48   0x08009a48   0x00000024   Code   RO         7995    i._printf_post_padding  mc_w.l(printfa.o)
    0x08009a6c   0x08009a6c   0x0000002e   Code   RO         7996    i._printf_pre_padding  mc_w.l(printfa.o)
    0x08009a9a   0x08009a9a   0x0000000a   Code   RO         7998    i._sputc            mc_w.l(printfa.o)
    0x08009aa4   0x08009aa4   0x00000070   Code   RO         4908    i.check_fs          ff.o
    0x08009b14   0x08009b14   0x00000010   Code   RO         4909    i.chk_chr           ff.o
    0x08009b24   0x08009b24   0x0000005c   Code   RO         4910    i.chk_lock          ff.o
    0x08009b80   0x08009b80   0x00000020   Code   RO         4911    i.clear_lock        ff.o
    0x08009ba0   0x08009ba0   0x00000026   Code   RO         4912    i.clmt_clust        ff.o
    0x08009bc6   0x08009bc6   0x00000018   Code   RO         4913    i.clust2sect        ff.o
    0x08009bde   0x08009bde   0x00000002   PAD
    0x08009be0   0x08009be0   0x00000080   Code   RO         4914    i.cmp_lfn           ff.o
    0x08009c60   0x08009c60   0x000000a4   Code   RO         4915    i.create_chain      ff.o
    0x08009d04   0x08009d04   0x00000244   Code   RO         4916    i.create_name       ff.o
    0x08009f48   0x08009f48   0x00000034   Code   RO         4917    i.dec_lock          ff.o
    0x08009f7c   0x08009f7c   0x000000d0   Code   RO         4918    i.dir_find          ff.o
    0x0800a04c   0x0800a04c   0x00000102   Code   RO         4919    i.dir_next          ff.o
    0x0800a14e   0x0800a14e   0x00000002   PAD
    0x0800a150   0x0800a150   0x000001e4   Code   RO         4921    i.dir_register      ff.o
    0x0800a334   0x0800a334   0x0000008e   Code   RO         4923    i.dir_sdi           ff.o
    0x0800a3c2   0x0800a3c2   0x00000002   PAD
    0x0800a3c4   0x0800a3c4   0x00000028   Code   RO         4853    i.disk_initialize   diskio.o
    0x0800a3ec   0x0800a3ec   0x0000001c   Code   RO         4854    i.disk_ioctl        diskio.o
    0x0800a408   0x0800a408   0x0000001c   Code   RO         4855    i.disk_read         diskio.o
    0x0800a424   0x0800a424   0x00000018   Code   RO         4856    i.disk_status       diskio.o
    0x0800a43c   0x0800a43c   0x0000001c   Code   RO         4857    i.disk_write        diskio.o
    0x0800a458   0x0800a458   0x0000006c   Code   RO         7488    i.dtu_config_init   atk_m750.o
    0x0800a4c4   0x0800a4c4   0x00000054   Code   RO         7489    i.dtu_config_work_param  atk_m750.o
    0x0800a518   0x0800a518   0x00000034   Code   RO         7490    i.dtu_enter_configmode  atk_m750.o
    0x0800a54c   0x0800a54c   0x00000028   Code   RO         7491    i.dtu_enter_transfermode  atk_m750.o
    0x0800a574   0x0800a574   0x00000030   Code   RO         4924    i.f_close           ff.o
    0x0800a5a4   0x0800a5a4   0x0000007c   Code   RO         4931    i.f_mount           ff.o
    0x0800a620   0x0800a620   0x0000022c   Code   RO         4932    i.f_open            ff.o
    0x0800a84c   0x0800a84c   0x000000a2   Code   RO         4941    i.f_sync            ff.o
    0x0800a8ee   0x0800a8ee   0x000001dc   Code   RO         4944    i.f_write           ff.o
    0x0800aaca   0x0800aaca   0x00000002   PAD
    0x0800aacc   0x0800aacc   0x0000004c   Code   RO         5377    i.ff_convert        cc936.o
    0x0800ab18   0x0800ab18   0x00000018   Code   RO         5329    i.ff_cre_syncobj    syscall.o
    0x0800ab30   0x0800ab30   0x0000000a   Code   RO         5330    i.ff_del_syncobj    syscall.o
    0x0800ab3a   0x0800ab3a   0x00000004   Code   RO         5331    i.ff_rel_grant      syscall.o
    0x0800ab3e   0x0800ab3e   0x00000014   Code   RO         5332    i.ff_req_grant      syscall.o
    0x0800ab52   0x0800ab52   0x00000002   PAD
    0x0800ab54   0x0800ab54   0x00000080   Code   RO         5378    i.ff_wtoupper       cc936.o
    0x0800abd4   0x0800abd4   0x00000294   Code   RO         4945    i.find_volume       ff.o
    0x0800ae68   0x0800ae68   0x0000007a   Code   RO         4946    i.follow_path       ff.o
    0x0800aee2   0x0800aee2   0x00000002   PAD
    0x0800aee4   0x0800aee4   0x00000018   Code   RO          999    i.fputc             usart.o
    0x0800aefc   0x0800aefc   0x0000008c   Code   RO         4947    i.gen_numname       ff.o
    0x0800af88   0x0800af88   0x000000e8   Code   RO         4948    i.get_fat           ff.o
    0x0800b070   0x0800b070   0x00000004   Code   RO          819    i.get_fattime       fatfs.o
    0x0800b074   0x0800b074   0x0000003c   Code   RO         4950    i.get_ldnumber      ff.o
    0x0800b0b0   0x0800b0b0   0x00000080   Code   RO         4951    i.inc_lock          ff.o
    0x0800b130   0x0800b130   0x00000026   Code   RO         4952    i.ld_clust          ff.o
    0x0800b156   0x0800b156   0x00000016   Code   RO         4953    i.ld_dword          ff.o
    0x0800b16c   0x0800b16c   0x0000000a   Code   RO         4954    i.ld_word           ff.o
    0x0800b176   0x0800b176   0x00000014   Code   RO         4955    i.lock_fs           ff.o
    0x0800b18a   0x0800b18a   0x00000002   PAD
    0x0800b18c   0x0800b18c   0x000000b4   Code   RO           17    i.main              main.o
    0x0800b240   0x0800b240   0x00000012   Code   RO         4956    i.mem_cpy           ff.o
    0x0800b252   0x0800b252   0x00000002   PAD
    0x0800b254   0x0800b254   0x0000000e   Code   RO         4957    i.mem_set           ff.o
    0x0800b262   0x0800b262   0x00000032   Code   RO         4958    i.move_window       ff.o
    0x0800b294   0x0800b294   0x00000058   Code   RO         7361    i.my_mem_free       malloc.o
    0x0800b2ec   0x0800b2ec   0x0000003c   Code   RO         7362    i.my_mem_init       malloc.o
    0x0800b328   0x0800b328   0x00000090   Code   RO         7363    i.my_mem_malloc     malloc.o
    0x0800b3b8   0x0800b3b8   0x00000038   Code   RO         7364    i.my_mem_perused    malloc.o
    0x0800b3f0   0x0800b3f0   0x00000018   Code   RO         7365    i.myfree            malloc.o
    0x0800b408   0x0800b408   0x00000020   Code   RO         7366    i.mymalloc          malloc.o
    0x0800b428   0x0800b428   0x0000000e   Code   RO         7368    i.mymemset          malloc.o
    0x0800b436   0x0800b436   0x0000001a   Code   RO         6521    i.osDelay           cmsis_os2.o
    0x0800b450   0x0800b450   0x0000003e   Code   RO         6523    i.osEventFlagsClear  cmsis_os2.o
    0x0800b48e   0x0800b48e   0x00000016   Code   RO         6525    i.osEventFlagsGet   cmsis_os2.o
    0x0800b4a4   0x0800b4a4   0x0000002c   Code   RO         6526    i.osEventFlagsNew   cmsis_os2.o
    0x0800b4d0   0x0800b4d0   0x00000054   Code   RO         6527    i.osEventFlagsSet   cmsis_os2.o
    0x0800b524   0x0800b524   0x00000062   Code   RO         6528    i.osEventFlagsWait  cmsis_os2.o
    0x0800b586   0x0800b586   0x00000002   PAD
    0x0800b588   0x0800b588   0x00000020   Code   RO         6530    i.osKernelGetState  cmsis_os2.o
    0x0800b5a8   0x0800b5a8   0x0000000e   Code   RO         6533    i.osKernelGetTickCount  cmsis_os2.o
    0x0800b5b6   0x0800b5b6   0x00000002   PAD
    0x0800b5b8   0x0800b5b8   0x00000024   Code   RO         6535    i.osKernelInitialize  cmsis_os2.o
    0x0800b5dc   0x0800b5dc   0x0000002a   Code   RO         6536    i.osKernelLock      cmsis_os2.o
    0x0800b606   0x0800b606   0x00000002   PAD
    0x0800b608   0x0800b608   0x00000038   Code   RO         6538    i.osKernelStart     cmsis_os2.o
    0x0800b640   0x0800b640   0x0000003a   Code   RO         6539    i.osKernelUnlock    cmsis_os2.o
    0x0800b67a   0x0800b67a   0x00000002   PAD
    0x0800b67c   0x0800b67c   0x00000064   Code   RO         6550    i.osMessageQueueGet  cmsis_os2.o
    0x0800b6e0   0x0800b6e0   0x00000058   Code   RO         6555    i.osMessageQueueNew  cmsis_os2.o
    0x0800b738   0x0800b738   0x00000068   Code   RO         6556    i.osMessageQueuePut  cmsis_os2.o
    0x0800b7a0   0x0800b7a0   0x0000005c   Code   RO         6563    i.osSemaphoreAcquire  cmsis_os2.o
    0x0800b7fc   0x0800b7fc   0x0000002a   Code   RO         6564    i.osSemaphoreDelete  cmsis_os2.o
    0x0800b826   0x0800b826   0x00000098   Code   RO         6566    i.osSemaphoreNew    cmsis_os2.o
    0x0800b8be   0x0800b8be   0x00000002   PAD
    0x0800b8c0   0x0800b8c0   0x00000058   Code   RO         6567    i.osSemaphoreRelease  cmsis_os2.o
    0x0800b918   0x0800b918   0x0000008a   Code   RO         6580    i.osThreadNew       cmsis_os2.o
    0x0800b9a2   0x0800b9a2   0x00000002   PAD
    0x0800b9a4   0x0800b9a4   0x000001d8   Code   RO          348    i.printf_sdcard_info  freertos.o
    0x0800bb7c   0x0800bb7c   0x0000005c   Code   RO         5980    i.prvAddCurrentTaskToDelayedList  tasks.o
    0x0800bbd8   0x0800bbd8   0x000000d0   Code   RO         5981    i.prvAddNewTaskToReadyList  tasks.o
    0x0800bca8   0x0800bca8   0x00000058   Code   RO         6345    i.prvCheckForValidListAndQueue  timers.o
    0x0800bd00   0x0800bd00   0x00000026   Code   RO         5577    i.prvCopyDataFromQueue  queue.o
    0x0800bd26   0x0800bd26   0x0000006c   Code   RO         5578    i.prvCopyDataToQueue  queue.o
    0x0800bd92   0x0800bd92   0x00000034   Code   RO         5982    i.prvDeleteTCB      tasks.o
    0x0800bdc6   0x0800bdc6   0x00000002   PAD
    0x0800bdc8   0x0800bdc8   0x0000004c   Code   RO         7032    i.prvHeapInit       heap_4.o
    0x0800be14   0x0800be14   0x00000060   Code   RO         5983    i.prvIdleTask       tasks.o
    0x0800be74   0x0800be74   0x00000022   Code   RO         5580    i.prvInitialiseNewQueue  queue.o
    0x0800be96   0x0800be96   0x00000002   PAD
    0x0800be98   0x0800be98   0x000000b0   Code   RO         5984    i.prvInitialiseNewTask  tasks.o
    0x0800bf48   0x0800bf48   0x0000004c   Code   RO         7033    i.prvInsertBlockIntoFreeList  heap_4.o
    0x0800bf94   0x0800bf94   0x00000038   Code   RO         6347    i.prvInsertTimerInActiveList  timers.o
    0x0800bfcc   0x0800bfcc   0x0000001c   Code   RO         5581    i.prvIsQueueEmpty   queue.o
    0x0800bfe8   0x0800bfe8   0x000000fc   Code   RO         6348    i.prvProcessReceivedCommands  timers.o
    0x0800c0e4   0x0800c0e4   0x000000c0   Code   RO         6349    i.prvProcessTimerOrBlockTask  timers.o
    0x0800c1a4   0x0800c1a4   0x00000020   Code   RO         5986    i.prvResetNextTaskUnblockTime  tasks.o
    0x0800c1c4   0x0800c1c4   0x00000028   Code   RO         6350    i.prvSampleTimeNow  timers.o
    0x0800c1ec   0x0800c1ec   0x0000006c   Code   RO         6351    i.prvSwitchTimerLists  timers.o
    0x0800c258   0x0800c258   0x00000028   Code   RO         7088    i.prvTaskExitError  port.o
    0x0800c280   0x0800c280   0x00000014   Code   RO         5415    i.prvTestWaitCondition  event_groups.o
    0x0800c294   0x0800c294   0x00000024   Code   RO         6352    i.prvTimerTask      timers.o
    0x0800c2b8   0x0800c2b8   0x0000006a   Code   RO         5582    i.prvUnlockQueue    queue.o
    0x0800c322   0x0800c322   0x00000124   Code   RO         4960    i.put_fat           ff.o
    0x0800c446   0x0800c446   0x00000002   PAD
    0x0800c448   0x0800c448   0x000000dc   Code   RO         7034    i.pvPortMalloc      heap_4.o
    0x0800c524   0x0800c524   0x00000018   Code   RO         5989    i.pvTaskIncrementMutexHeldCount  tasks.o
    0x0800c53c   0x0800c53c   0x0000002c   Code   RO         7089    i.pxPortInitialiseStack  port.o
    0x0800c568   0x0800c568   0x00000074   Code   RO         4963    i.remove_chain      ff.o
    0x0800c5dc   0x0800c5dc   0x000000a8   Code   RO         7499    i.send_cmd_to_dtu   atk_m750.o
    0x0800c684   0x0800c684   0x00000024   Code   RO         7500    i.send_data_to_dtu  atk_m750.o
    0x0800c6a8   0x0800c6a8   0x00000028   Code   RO         4964    i.st_clust          ff.o
    0x0800c6d0   0x0800c6d0   0x00000010   Code   RO         4965    i.st_dword          ff.o
    0x0800c6e0   0x0800c6e0   0x00000008   Code   RO         4966    i.st_word           ff.o
    0x0800c6e8   0x0800c6e8   0x0000001a   Code   RO         4967    i.sum_sfn           ff.o
    0x0800c702   0x0800c702   0x00000002   PAD
    0x0800c704   0x0800c704   0x00000088   Code   RO         4968    i.sync_fs           ff.o
    0x0800c78c   0x0800c78c   0x00000052   Code   RO         4969    i.sync_window       ff.o
    0x0800c7de   0x0800c7de   0x00000018   Code   RO         4970    i.unlock_fs         ff.o
    0x0800c7f6   0x0800c7f6   0x00000002   PAD
    0x0800c7f8   0x0800c7f8   0x0000004c   Code   RO         1000    i.usart3_init       usart.o
    0x0800c844   0x0800c844   0x00000026   Code   RO         5537    i.uxListRemove      list.o
    0x0800c86a   0x0800c86a   0x00000002   PAD
    0x0800c86c   0x0800c86c   0x00000018   Code   RO         5998    i.uxTaskResetEventItemValue  tasks.o
    0x0800c884   0x0800c884   0x00000014   Code   RO         6592    i.vApplicationGetIdleTaskMemory  cmsis_os2.o
    0x0800c898   0x0800c898   0x00000018   Code   RO         6593    i.vApplicationGetTimerTaskMemory  cmsis_os2.o
    0x0800c8b0   0x0800c8b0   0x00000004   Code   RO         5417    i.vEventGroupClearBitsCallback  event_groups.o
    0x0800c8b4   0x0800c8b4   0x00000004   Code   RO         5419    i.vEventGroupSetBitsCallback  event_groups.o
    0x0800c8b8   0x0800c8b8   0x00000016   Code   RO         5538    i.vListInitialise   list.o
    0x0800c8ce   0x0800c8ce   0x00000006   Code   RO         5539    i.vListInitialiseItem  list.o
    0x0800c8d4   0x0800c8d4   0x00000030   Code   RO         5540    i.vListInsert       list.o
    0x0800c904   0x0800c904   0x00000018   Code   RO         5541    i.vListInsertEnd    list.o
    0x0800c91c   0x0800c91c   0x00000040   Code   RO         7091    i.vPortEnterCritical  port.o
    0x0800c95c   0x0800c95c   0x00000028   Code   RO         7092    i.vPortExitCritical  port.o
    0x0800c984   0x0800c984   0x00000064   Code   RO         7035    i.vPortFree         heap_4.o
    0x0800c9e8   0x0800c9e8   0x00000024   Code   RO         7093    i.vPortSetupTimerInterrupt  port.o
    0x0800ca0c   0x0800ca0c   0x00000054   Code   RO         7094    i.vPortValidateInterruptPriority  port.o
    0x0800ca60   0x0800ca60   0x00000028   Code   RO         5588    i.vQueueAddToRegistry  queue.o
    0x0800ca88   0x0800ca88   0x0000002e   Code   RO         5589    i.vQueueDelete      queue.o
    0x0800cab6   0x0800cab6   0x00000002   PAD
    0x0800cab8   0x0800cab8   0x00000028   Code   RO         5591    i.vQueueUnregisterQueue  queue.o
    0x0800cae0   0x0800cae0   0x00000044   Code   RO         5592    i.vQueueWaitForMessageRestricted  queue.o
    0x0800cb24   0x0800cb24   0x0000004c   Code   RO         5999    i.vTaskDelay        tasks.o
    0x0800cb70   0x0800cb70   0x00000090   Code   RO         6001    i.vTaskDelete       tasks.o
    0x0800cc00   0x0800cc00   0x00000010   Code   RO         6004    i.vTaskInternalSetTimeOutState  tasks.o
    0x0800cc10   0x0800cc10   0x0000000c   Code   RO         6005    i.vTaskMissedYield  tasks.o
    0x0800cc1c   0x0800cc1c   0x00000030   Code   RO         6007    i.vTaskPlaceOnEventList  tasks.o
    0x0800cc4c   0x0800cc4c   0x00000038   Code   RO         6008    i.vTaskPlaceOnEventListRestricted  tasks.o
    0x0800cc84   0x0800cc84   0x00000050   Code   RO         6009    i.vTaskPlaceOnUnorderedEventList  tasks.o
    0x0800ccd4   0x0800ccd4   0x00000090   Code   RO         6010    i.vTaskPriorityDisinheritAfterTimeout  tasks.o
    0x0800cd64   0x0800cd64   0x00000070   Code   RO         6012    i.vTaskRemoveFromUnorderedEventList  tasks.o
    0x0800cdd4   0x0800cdd4   0x00000088   Code   RO         6016    i.vTaskStartScheduler  tasks.o
    0x0800ce5c   0x0800ce5c   0x00000010   Code   RO         6018    i.vTaskSuspendAll   tasks.o
    0x0800ce6c   0x0800ce6c   0x00000064   Code   RO         6019    i.vTaskSwitchContext  tasks.o
    0x0800ced0   0x0800ced0   0x00000048   Code   RO         4971    i.validate          ff.o
    0x0800cf18   0x0800cf18   0x00000040   Code   RO         5421    i.xEventGroupClearBits  event_groups.o
    0x0800cf58   0x0800cf58   0x00000010   Code   RO         5422    i.xEventGroupClearBitsFromISR  event_groups.o
    0x0800cf68   0x0800cf68   0x0000001c   Code   RO         5423    i.xEventGroupCreate  event_groups.o
    0x0800cf84   0x0800cf84   0x0000002c   Code   RO         5424    i.xEventGroupCreateStatic  event_groups.o
    0x0800cfb0   0x0800cfb0   0x0000001a   Code   RO         5425    i.xEventGroupGetBitsFromISR  event_groups.o
    0x0800cfca   0x0800cfca   0x0000008c   Code   RO         5426    i.xEventGroupSetBits  event_groups.o
    0x0800d056   0x0800d056   0x00000002   PAD
    0x0800d058   0x0800d058   0x00000010   Code   RO         5427    i.xEventGroupSetBitsFromISR  event_groups.o
    0x0800d068   0x0800d068   0x00000108   Code   RO         5429    i.xEventGroupWaitBits  event_groups.o
    0x0800d170   0x0800d170   0x000000f4   Code   RO         7095    i.xPortStartScheduler  port.o
    0x0800d264   0x0800d264   0x0000002c   Code   RO         7096    i.xPortSysTickHandler  port.o
    0x0800d290   0x0800d290   0x0000003a   Code   RO         5593    i.xQueueCreateCountingSemaphore  queue.o
    0x0800d2ca   0x0800d2ca   0x00000040   Code   RO         5594    i.xQueueCreateCountingSemaphoreStatic  queue.o
    0x0800d30a   0x0800d30a   0x00000042   Code   RO         5597    i.xQueueGenericCreate  queue.o
    0x0800d34c   0x0800d34c   0x00000066   Code   RO         5598    i.xQueueGenericCreateStatic  queue.o
    0x0800d3b2   0x0800d3b2   0x00000002   PAD
    0x0800d3b4   0x0800d3b4   0x00000088   Code   RO         5599    i.xQueueGenericReset  queue.o
    0x0800d43c   0x0800d43c   0x00000160   Code   RO         5600    i.xQueueGenericSend  queue.o
    0x0800d59c   0x0800d59c   0x000000be   Code   RO         5601    i.xQueueGenericSendFromISR  queue.o
    0x0800d65a   0x0800d65a   0x0000009c   Code   RO         5604    i.xQueueGiveFromISR  queue.o
    0x0800d6f6   0x0800d6f6   0x00000002   PAD
    0x0800d6f8   0x0800d6f8   0x00000138   Code   RO         5610    i.xQueueReceive     queue.o
    0x0800d830   0x0800d830   0x0000009a   Code   RO         5611    i.xQueueReceiveFromISR  queue.o
    0x0800d8ca   0x0800d8ca   0x00000002   PAD
    0x0800d8cc   0x0800d8cc   0x00000178   Code   RO         5612    i.xQueueSemaphoreTake  queue.o
    0x0800da44   0x0800da44   0x00000074   Code   RO         6021    i.xTaskCheckForTimeOut  tasks.o
    0x0800dab8   0x0800dab8   0x0000005a   Code   RO         6022    i.xTaskCreate       tasks.o
    0x0800db12   0x0800db12   0x00000056   Code   RO         6023    i.xTaskCreateStatic  tasks.o
    0x0800db68   0x0800db68   0x0000001c   Code   RO         6027    i.xTaskGetSchedulerState  tasks.o
    0x0800db84   0x0800db84   0x0000000c   Code   RO         6028    i.xTaskGetTickCount  tasks.o
    0x0800db90   0x0800db90   0x00000010   Code   RO         6029    i.xTaskGetTickCountFromISR  tasks.o
    0x0800dba0   0x0800dba0   0x000000c8   Code   RO         6030    i.xTaskIncrementTick  tasks.o
    0x0800dc68   0x0800dc68   0x00000080   Code   RO         6033    i.xTaskPriorityDisinherit  tasks.o
    0x0800dce8   0x0800dce8   0x00000078   Code   RO         6034    i.xTaskPriorityInherit  tasks.o
    0x0800dd60   0x0800dd60   0x00000070   Code   RO         6035    i.xTaskRemoveFromEventList  tasks.o
    0x0800ddd0   0x0800ddd0   0x000000c4   Code   RO         6036    i.xTaskResumeAll    tasks.o
    0x0800de94   0x0800de94   0x00000060   Code   RO         6361    i.xTimerCreateTimerTask  timers.o
    0x0800def4   0x0800def4   0x00000068   Code   RO         6362    i.xTimerGenericCommand  timers.o
    0x0800df5c   0x0800df5c   0x00000028   Code   RO         6368    i.xTimerPendFunctionCallFromISR  timers.o
    0x0800df84   0x0800df84   0x0000026c   Data   RO          360    .constdata          freertos.o
    0x0800e1f0   0x0800e1f0   0x00000014   Data   RO          750    .constdata          sd_diskio.o
    0x0800e204   0x0800e204   0x00000008   Data   RO         2052    .constdata          stm32f4xx_hal_dma.o
    0x0800e20c   0x0800e20c   0x00000010   Data   RO         4817    .constdata          system_stm32f4xx.o
    0x0800e21c   0x0800e21c   0x00000008   Data   RO         4818    .constdata          system_stm32f4xx.o
    0x0800e224   0x0800e224   0x0000002a   Data   RO         4973    .constdata          ff.o
    0x0800e24e   0x0800e24e   0x0002abb6   Data   RO         5379    .constdata          cc936.o
    0x08038e04   0x08038e04   0x00000200   Data   RO         7192    .constdata          wit_c_sdk.o
    0x08039004   0x08039004   0x00000018   Data   RO         7374    .constdata          malloc.o
    0x0803901c   0x0803901c   0x0000027c   Data   RO         7503    .constdata          atk_m750.o
    0x08039298   0x08039298   0x00000081   Data   RO         8072    .constdata          mc_w.l(ctype_o.o)
    0x08039319   0x08039319   0x00000003   PAD
    0x0803931c   0x0803931c   0x00000004   Data   RO         8073    .constdata          mc_w.l(ctype_o.o)
    0x08039320   0x08039320   0x00000344   Data   RO          361    .conststring        freertos.o
    0x08039664   0x08039664   0x000007a8   Data   RO         7504    .conststring        atk_m750.o
    0x08039e0c   0x08039e0c   0x00000020   Data   RO         8103    Region$$Table       anon$$obj.o


    Execution Region RW_IRAM1 (Exec base: 0x20000000, Load base: 0x08039e2c, Size: 0x0000b438, Max: 0x0001c000, ABSOLUTE, COMPRESSED[0x00000054])

    Exec Addr    Load Addr    Size         Type   Attr      Idx    E Section Name        Object

    0x20000000   COMPRESSED   0x0000000a   Data   RW           18    .data               main.o
    0x2000000a   COMPRESSED   0x00000002   PAD
    0x2000000c   COMPRESSED   0x000002b0   Data   RW          363    .data               freertos.o
    0x200002bc   COMPRESSED   0x00000008   Data   RW          751    .data               sd_diskio.o
    0x200002c4   COMPRESSED   0x00000005   Data   RW          822    .data               fatfs.o
    0x200002c9   COMPRESSED   0x00000001   Data   RW         1002    .data               usart.o
    0x200002ca   COMPRESSED   0x00000001   Data   RW         1087    .data               stm32f4xx_it.o
    0x200002cb   COMPRESSED   0x00000001   PAD
    0x200002cc   COMPRESSED   0x0000000c   Data   RW         2479    .data               stm32f4xx_hal.o
    0x200002d8   COMPRESSED   0x00000004   Data   RW         4819    .data               system_stm32f4xx.o
    0x200002dc   COMPRESSED   0x00000008   Data   RW         4974    .data               ff.o
    0x200002e4   COMPRESSED   0x0000003c   Data   RW         6039    .data               tasks.o
    0x20000320   COMPRESSED   0x00000014   Data   RW         6370    .data               timers.o
    0x20000334   COMPRESSED   0x00000004   Data   RW         6595    .data               cmsis_os2.o
    0x20000338   COMPRESSED   0x00000020   Data   RW         7041    .data               heap_4.o
    0x20000358   COMPRESSED   0x0000000c   Data   RW         7097    .data               port.o
    0x20000364   COMPRESSED   0x00000028   Data   RW         7193    .data               wit_c_sdk.o
    0x2000038c   COMPRESSED   0x0000001c   Data   RW         7375    .data               malloc.o
    0x200003a8   COMPRESSED   0x00000019   Data   RW         7612    .data               gps.o
    0x200003c1   COMPRESSED   0x00000003   PAD
    0x200003c4   COMPRESSED   0x00000004   Data   RW         8042    .data               mc_w.l(stdout.o)
    0x200003c8   COMPRESSED   0x00000004   Data   RW         8052    .data               mc_w.l(errno.o)
    0x200003cc        -       0x00000174   Zero   RW          349    .bss                freertos.o
    0x20000540        -       0x00000400   Zero   RW          351    .bss                freertos.o
    0x20000940        -       0x0000005c   Zero   RW          352    .bss                freertos.o
    0x2000099c        -       0x00000050   Zero   RW          353    .bss                freertos.o
    0x200009ec        -       0x00000050   Zero   RW          354    .bss                freertos.o
    0x20000a3c        -       0x00000050   Zero   RW          355    .bss                freertos.o
    0x20000a8c        -       0x00000020   Zero   RW          356    .bss                freertos.o
    0x20000aac        -       0x00000020   Zero   RW          357    .bss                freertos.o
    0x20000acc        -       0x00000020   Zero   RW          358    .bss                freertos.o
    0x20000aec        -       0x00000020   Zero   RW          359    .bss                freertos.o
    0x20000b0c        -       0x000000f0   Zero   RW          503    .bss                adc.o
    0x20000bfc        -       0x000001a0   Zero   RW          504    .bss                adc.o
    0x20000d9c        -       0x00000050   Zero   RW          557    .bss                can.o
    0x20000dec        -       0x0000103c   Zero   RW          820    .bss                fatfs.o
    0x20001e28        -       0x00001030   Zero   RW          821    .bss                fatfs.o
    0x20002e58        -       0x0000000c   Zero   RW          857    .bss                iwdg.o
    0x20002e64        -       0x00000144   Zero   RW          889    .bss                sdio.o
    0x20002fa8        -       0x00000168   Zero   RW          935    .bss                tim.o
    0x20003110        -       0x0000020c   Zero   RW         1001    .bss                usart.o
    0x2000331c        -       0x00000048   Zero   RW         1264    .bss                stm32f4xx_hal_timebase_tim.o
    0x20003364        -       0x00000020   Zero   RW         4972    .bss                ff.o
    0x20003384        -       0x0000000c   Zero   RW         5283    .bss                ff_gen_drv.o
    0x20003390        -       0x00000040   Zero   RW         5614    .bss                queue.o
    0x200033d0        -       0x000004c4   Zero   RW         6038    .bss                tasks.o
    0x20003894        -       0x00000118   Zero   RW         6369    .bss                timers.o
    0x200039ac        -       0x000006b8   Zero   RW         6594    .bss                cmsis_os2.o
    0x20004064        -       0x00003c00   Zero   RW         7040    .bss                heap_4.o
    0x20007c64        -       0x00000220   Zero   RW         7191    .bss                wit_c_sdk.o
    0x20007e84   COMPRESSED   0x0000001c   PAD
    0x20007ea0        -       0x00001400   Zero   RW         7372    .bss                malloc.o
    0x200092a0        -       0x00000140   Zero   RW         7373    .bss                malloc.o
    0x200093e0        -       0x00000600   Zero   RW         7501    .bss                atk_m750.o
    0x200099e0        -       0x00000a58   Zero   RW         7611    .bss                gps.o
    0x2000a438        -       0x00001000   Zero   RW            1    STACK               startup_stm32f407xx.o


    Execution Region RW_IRAM2 (Exec base: 0x2001c000, Load base: 0x08039e80, Size: 0x00000000, Max: 0x00004000, ABSOLUTE)

    **** No section assigned to this execution region ****



  Load Region LR$$.ARM.__AT_0x68000000 (Base: 0x68000000, Size: 0x00000000, Max: 0x000f0000, ABSOLUTE)

    Execution Region ER$$.ARM.__AT_0x68000000 (Exec base: 0x68000000, Load base: 0x68000000, Size: 0x000f0000, Max: 0x000f0000, ABSOLUTE, UNINIT)

    Exec Addr    Load Addr    Size         Type   Attr      Idx    E Section Name        Object

    0x68000000        -       0x000f0000   Zero   RW         7370    .ARM.__AT_0x68000000  malloc.o



  Load Region LR$$.ARM.__AT_0x680F0000 (Base: 0x680f0000, Size: 0x00000000, Max: 0x0000f000, ABSOLUTE)

    Execution Region ER$$.ARM.__AT_0x680F0000 (Exec base: 0x680f0000, Load base: 0x680f0000, Size: 0x0000f000, Max: 0x0000f000, ABSOLUTE, UNINIT)

    Exec Addr    Load Addr    Size         Type   Attr      Idx    E Section Name        Object

    0x680f0000        -       0x0000f000   Zero   RW         7371    .ARM.__AT_0x680F0000  malloc.o


==============================================================================

Image component sizes


      Code (inc. data)   RO Data    RW Data    ZI Data      Debug   Object Name

       748         76          0          0        656       3521   adc.o
       488         78       2596          0       1536       7919   atk_m750.o
       160         20          0          0          0       5878   bsp_driver_sd.o
       248         22          0          0         80       1765   can.o
       204         26     175030          0          0       2519   cc936.o
      1448         50          0          4       1720      80537   cmsis_os2.o
       148         22          0          0          0       3761   diskio.o
       140          4          0          0          0        838   dma.o
       626         12          0          0          0      30926   event_groups.o
        32         10          0          5       8300       1484   fatfs.o
      6022         94         42          8         32      43885   ff.o
        70          6          0          0         12       1647   ff_gen_drv.o
     10658       3268       1456        688       1856      24887   freertos.o
        92          6          0          0          0        891   gpio.o
      1816         76          0         25       2648      13630   gps.o
       472         24          0         32      15360       4911   heap_4.o
        56          8          0          0         12        695   iwdg.o
       138          0          0          0          0       3590   list.o
       812        142          0         10          0     781765   main.o
       418         44         24         28    1049920       6472   malloc.o
       786         82          0         12          0      11561   port.o
      2474         28          0          0         64      26592   queue.o
       230          0          0          0          0       3941   ringbuffer.o
       488         34         20          8          0       6617   sd_diskio.o
       356         34          0          0        324       1839   sdio.o
        36          8        392          0       4096        840   startup_stm32f407xx.o
       116         18          0         12          0       8750   stm32f4xx_hal.o
      1878         96          0          0          0      10164   stm32f4xx_hal_adc.o
         2          0          0          0          0        993   stm32f4xx_hal_adc_ex.o
      1702          6          0          0          0      15121   stm32f4xx_hal_can.o
       158         14          0          0          0      33198   stm32f4xx_hal_cortex.o
      1088         16          8          0          0       7985   stm32f4xx_hal_dma.o
       516         46          0          0          0       2867   stm32f4xx_hal_gpio.o
        90          0          0          0          0       1304   stm32f4xx_hal_iwdg.o
        76          6          0          0          0        862   stm32f4xx_hal_msp.o
      1412         86          0          0          0       5929   stm32f4xx_hal_rcc.o
      2582         66          0          0          0      15035   stm32f4xx_hal_sd.o
      2108        128          0          0          0      16205   stm32f4xx_hal_tim.o
       148         28          0          0          0       2473   stm32f4xx_hal_tim_ex.o
       140         20          0          0         72       1423   stm32f4xx_hal_timebase_tim.o
      2270         30          0          0          0      17078   stm32f4xx_hal_uart.o
       764        362          0          1          0      13591   stm32f4xx_it.o
      1570         48          0          0          0      22284   stm32f4xx_ll_sdmmc.o
         0          0          0          0          0        424   stream_buffer.o
        58          0          0          0          0       3356   syscall.o
        16          4         24          4          0       1119   system_stm32f4xx.o
      2748        228          0         60       1220      33719   tasks.o
      1028         70          0          0        360       4788   tim.o
      1012         86          0         20        280      33099   timers.o
       744         94          0          1        524       4533   usart.o
       964        124        512         40        544      11687   wit_c_sdk.o

    ----------------------------------------------------------------------
     52472       5750     180136        964    1089644    1340898   Object Totals
         0          0         32          0          0          0   (incl. Generated)
       116          0          0          6         28          0   (incl. Padding)

    ----------------------------------------------------------------------

      Code (inc. data)   RO Data    RW Data    ZI Data      Debug   Library Member Name

        86          0          0          0          0          0   __dczerorl2.o
        28          0          0          0          0         68   _chval.o
       158          0          0          0          0         92   _strtoul.o
        26          0          0          0          0         80   atoi.o
         8          4        133          0          0         68   ctype_o.o
         0          0          0          0          0          0   entry.o
         0          0          0          0          0          0   entry10a.o
         0          0          0          0          0          0   entry11a.o
         4          0          0          0          0          0   entry12b.o
         8          4          0          0          0          0   entry2.o
         4          0          0          0          0          0   entry5.o
         0          0          0          0          0          0   entry7b.o
         0          0          0          0          0          0   entry8b.o
         8          4          0          0          0          0   entry9a.o
         8          4          0          4          0         68   errno.o
        30          0          0          0          0          0   handlers.o
        36          8          0          0          0         68   init.o
         0          0          0          0          0          0   iusefp.o
        30          0          0          0          0         68   llshl.o
        36          0          0          0          0         68   llsshr.o
        32          0          0          0          0         68   llushr.o
        36          0          0          0          0         68   memcpya.o
        36          0          0          0          0        108   memseta.o
      2268         96          0          0          0        616   printfa.o
         0          0          0          4          0          0   stdout.o
        28          0          0          0          0         76   strcmp.o
        14          0          0          0          0         68   strlen.o
        36          0          0          0          0         80   strstr.o
       112          0          0          0          0         88   strtol.o
        44          0          0          0          0         80   uidiv.o
        98          0          0          0          0         92   uldiv.o
        48          0          0          0          0         68   cdrcmple.o
       334          0          0          0          0        148   dadd.o
       222          0          0          0          0        100   ddiv.o
       186          0          0          0          0        176   depilogue.o
        50          0          0          0          0         76   dfixui.o
        48          0          0          0          0         68   dfixul.o
        26          0          0          0          0         76   dfltui.o
       228          0          0          0          0         96   dmul.o
        38          0          0          0          0         68   f2d.o

    ----------------------------------------------------------------------
      4356        120        136          8          0       2800   Library Totals
         2          0          3          0          0          0   (incl. Padding)

    ----------------------------------------------------------------------

      Code (inc. data)   RO Data    RW Data    ZI Data      Debug   Library Name

      3174        120        133          8          0       1924   mc_w.l
      1180          0          0          0          0        876   mf_w.l

    ----------------------------------------------------------------------
      4356        120        136          8          0       2800   Library Totals

    ----------------------------------------------------------------------

==============================================================================


      Code (inc. data)   RO Data    RW Data    ZI Data      Debug   

     56828       5870     180272        972    1089644    1297174   Grand Totals
     56828       5870     180272         84    1089644    1297174   ELF Image Totals (compressed)
     56828       5870     180272         84          0          0   ROM Totals

==============================================================================

    Total RO  Size (Code + RO Data)               237100 ( 231.54kB)
    Total RW  Size (RW Data + ZI Data)           1090616 (1065.05kB)
    Total ROM Size (Code + RO Data + RW Data)     237184 ( 231.63kB)

==============================================================================

