<html>
<body>
<pre>
<h1>µVision Build Log</h1>
<h2>Tool Versions:</h2>
IDE-Version: ¦ÌVision V5.33.0.0
Copyright (C) 2020 ARM Ltd and ARM Germany GmbH. All rights reserved.
License Information: LC LC, LC, LIC=HN0AE-5KZFN-LQC0Q-NN4XC-T45UT-ERS37
 
Tool Versions:
Toolchain:       MDK-ARM Plus  Version: 5.33.0.0
Toolchain Path:  D:\software\keil 5 install\ARM\ARMCC\Bin
C Compiler:      Armcc.exe V5.06 update 7 (build 960)
Assembler:       Armasm.exe V5.06 update 7 (build 960)
Linker/Locator:  ArmLink.exe V5.06 update 7 (build 960)
Library Manager: ArmAr.exe V5.06 update 7 (build 960)
Hex Converter:   FromElf.exe V5.06 update 7 (build 960)
CPU DLL:         SARMCM3.DLL V5.33.0.0
Dialog DLL:      DCM.DLL V1.17.3.0
Target DLL:      STLink\ST-LINKIII-KEIL_SWO.dll V3.0.8.0
Dialog DLL:      TCM.DLL V1.48.0.0
 
<h2>Project:</h2>
C:\Users\19565\Desktop\U6-VCU\u6-vcu-code\MDK-ARM\u6-vcu-code.uvprojx
Project File Date:  10/21/2023

<h2>Output:</h2>
*** Using Compiler 'V5.06 update 7 (build 960)', folder: 'D:\software\keil 5 install\ARM\ARMCC\Bin'
Rebuild target 'u6-vcu-code'
assembling startup_stm32f407xx.s...
compiling bsp_driver_sd.c...
compiling sd_diskio.c...
compiling tim.c...
compiling freertos.c...
compiling adc.c...
compiling iwdg.c...
compiling gpio.c...
compiling can.c...
compiling stm32f4xx_ll_adc.c...
compiling main.c...
compiling sdio.c...
compiling fatfs.c...
compiling dma.c...
compiling stm32f4xx_hal_timebase_tim.c...
compiling usart.c...
compiling stm32f4xx_it.c...
compiling stm32f4xx_hal_msp.c...
compiling stm32f4xx_hal_flash.c...
compiling stm32f4xx_hal_flash_ramfunc.c...
compiling stm32f4xx_hal_rcc_ex.c...
compiling stm32f4xx_hal_adc.c...
compiling stm32f4xx_hal_flash_ex.c...
compiling stm32f4xx_hal_dma_ex.c...
compiling stm32f4xx_hal_dma.c...
compiling stm32f4xx_hal_adc_ex.c...
compiling stm32f4xx_hal_rcc.c...
compiling stm32f4xx_hal_pwr.c...
compiling stm32f4xx_hal_gpio.c...
compiling stm32f4xx_hal_cortex.c...
compiling stm32f4xx_hal.c...
compiling system_stm32f4xx.c...
compiling stm32f4xx_hal_pwr_ex.c...
compiling stm32f4xx_hal_iwdg.c...
compiling stm32f4xx_hal_tim.c...
compiling croutine.c...
compiling stm32f4xx_hal_exti.c...
compiling list.c...
compiling event_groups.c...
compiling stm32f4xx_hal_sd.c...
compiling stm32f4xx_hal_tim_ex.c...
compiling queue.c...
compiling stream_buffer.c...
compiling timers.c...
compiling heap_4.c...
compiling tasks.c...
compiling wit_c_sdk.c...
compiling port.c...
compiling stm32f4xx_ll_sdmmc.c...
compiling stm32f4xx_hal_can.c...
compiling stm32f4xx_hal_uart.c...
compiling ff.c...
compiling cc936.c...
compiling diskio.c...
compiling syscall.c...
compiling malloc.c...
compiling gps.c...
compiling RingBuffer.c...
compiling atk_m750.c...
compiling ff_gen_drv.c...
compiling cmsis_os2.c...
linking...
Program Size: Code=48836 RO-data=4868 RW-data=952 ZI-data=1079264  
FromELF: creating hex file...
"u6-vcu-code\u6-vcu-code.axf" - 0 Error(s), 0 Warning(s).

<h2>Software Packages used:</h2>

Package Vendor: ARM
                http://www.keil.com/pack/ARM.CMSIS.5.7.0.pack
                ARM.CMSIS.5.7.0
                CMSIS (Cortex Microcontroller Software Interface Standard)
   * Component: CORE Version: 5.4.0

Package Vendor: Keil
                http://www.keil.com/pack/Keil.STM32F4xx_DFP.2.16.0.pack
                Keil.STM32F4xx_DFP.2.16.0
                STMicroelectronics STM32F4 Series Device Support, Drivers and Examples

<h2>Collection of Component include folders:</h2>
  .\RTE\_u6-vcu-code
  C:\Users\19565\AppData\Local\Arm\Packs\ARM\CMSIS\5.7.0\CMSIS\Core\Include
  C:\Users\19565\AppData\Local\Arm\Packs\Keil\STM32F4xx_DFP\2.16.0\Drivers\CMSIS\Device\ST\STM32F4xx\Include

<h2>Collection of Component Files used:</h2>

   * Component: ARM::CMSIS:CORE:5.4.0
      Include file:  CMSIS\Core\Include\tz_context.h
Build Time Elapsed:  00:01:14
</pre>
</body>
</html>
